Apache Maven 3.9.12 (848fbb4bf2d427b72bdb2471c22fced7ebd9a7a1)
Maven home: C:\Users\ADMIN\.m2\wrapper\dists\apache-maven-3.9.12\59fe215c0ad6947fea90184bf7add084544567b927287592651fda3782e0e798
Java version: 21.0.7, vendor: Oracle Corporation, runtime: C:\Program Files\Java\jdk-21
Default locale: en_US, platform encoding: UTF-8
OS name: "windows 11", version: "10.0", arch: "amd64", family: "windows"
[DEBUG] Created new class realm maven.api
[DEBUG] Importing foreign packages into class realm maven.api
[DEBUG]   Imported: javax.annotation.* < plexus.core
[DEBUG]   Imported: javax.annotation.security.* < plexus.core
[DEBUG]   Imported: javax.inject.* < plexus.core
[DEBUG]   Imported: org.apache.maven.* < plexus.core
[DEBUG]   Imported: org.apache.maven.artifact < plexus.core
[DEBUG]   Imported: org.apache.maven.classrealm < plexus.core
[DEBUG]   Imported: org.apache.maven.cli < plexus.core
[DEBUG]   Imported: org.apache.maven.configuration < plexus.core
[DEBUG]   Imported: org.apache.maven.exception < plexus.core
[DEBUG]   Imported: org.apache.maven.execution < plexus.core
[DEBUG]   Imported: org.apache.maven.execution.scope < plexus.core
[DEBUG]   Imported: org.apache.maven.graph < plexus.core
[DEBUG]   Imported: org.apache.maven.lifecycle < plexus.core
[DEBUG]   Imported: org.apache.maven.model < plexus.core
[DEBUG]   Imported: org.apache.maven.monitor < plexus.core
[DEBUG]   Imported: org.apache.maven.plugin < plexus.core
[DEBUG]   Imported: org.apache.maven.profiles < plexus.core
[DEBUG]   Imported: org.apache.maven.project < plexus.core
[DEBUG]   Imported: org.apache.maven.reporting < plexus.core
[DEBUG]   Imported: org.apache.maven.repository < plexus.core
[DEBUG]   Imported: org.apache.maven.rtinfo < plexus.core
[DEBUG]   Imported: org.apache.maven.settings < plexus.core
[DEBUG]   Imported: org.apache.maven.toolchain < plexus.core
[DEBUG]   Imported: org.apache.maven.usability < plexus.core
[DEBUG]   Imported: org.apache.maven.wagon.* < plexus.core
[DEBUG]   Imported: org.apache.maven.wagon.authentication < plexus.core
[DEBUG]   Imported: org.apache.maven.wagon.authorization < plexus.core
[DEBUG]   Imported: org.apache.maven.wagon.events < plexus.core
[DEBUG]   Imported: org.apache.maven.wagon.observers < plexus.core
[DEBUG]   Imported: org.apache.maven.wagon.proxy < plexus.core
[DEBUG]   Imported: org.apache.maven.wagon.repository < plexus.core
[DEBUG]   Imported: org.apache.maven.wagon.resource < plexus.core
[DEBUG]   Imported: org.codehaus.classworlds < plexus.core
[DEBUG]   Imported: org.codehaus.plexus.* < plexus.core
[DEBUG]   Imported: org.codehaus.plexus.classworlds < plexus.core
[DEBUG]   Imported: org.codehaus.plexus.component < plexus.core
[DEBUG]   Imported: org.codehaus.plexus.configuration < plexus.core
[DEBUG]   Imported: org.codehaus.plexus.container < plexus.core
[DEBUG]   Imported: org.codehaus.plexus.context < plexus.core
[DEBUG]   Imported: org.codehaus.plexus.lifecycle < plexus.core
[DEBUG]   Imported: org.codehaus.plexus.logging < plexus.core
[DEBUG]   Imported: org.codehaus.plexus.personality < plexus.core
[DEBUG]   Imported: org.codehaus.plexus.util.xml.Xpp3Dom < plexus.core
[DEBUG]   Imported: org.codehaus.plexus.util.xml.pull.XmlPullParser < plexus.core
[DEBUG]   Imported: org.codehaus.plexus.util.xml.pull.XmlPullParserException < plexus.core
[DEBUG]   Imported: org.codehaus.plexus.util.xml.pull.XmlSerializer < plexus.core
[DEBUG]   Imported: org.eclipse.aether.* < plexus.core
[DEBUG]   Imported: org.eclipse.aether.artifact < plexus.core
[DEBUG]   Imported: org.eclipse.aether.collection < plexus.core
[DEBUG]   Imported: org.eclipse.aether.deployment < plexus.core
[DEBUG]   Imported: org.eclipse.aether.graph < plexus.core
[DEBUG]   Imported: org.eclipse.aether.impl < plexus.core
[DEBUG]   Imported: org.eclipse.aether.installation < plexus.core
[DEBUG]   Imported: org.eclipse.aether.internal.impl < plexus.core
[DEBUG]   Imported: org.eclipse.aether.metadata < plexus.core
[DEBUG]   Imported: org.eclipse.aether.repository < plexus.core
[DEBUG]   Imported: org.eclipse.aether.resolution < plexus.core
[DEBUG]   Imported: org.eclipse.aether.spi < plexus.core
[DEBUG]   Imported: org.eclipse.aether.transfer < plexus.core
[DEBUG]   Imported: org.eclipse.aether.util < plexus.core
[DEBUG]   Imported: org.eclipse.aether.version < plexus.core
[DEBUG]   Imported: org.fusesource.jansi.* < plexus.core
[DEBUG]   Imported: org.slf4j.* < plexus.core
[DEBUG]   Imported: org.slf4j.event.* < plexus.core
[DEBUG]   Imported: org.slf4j.helpers.* < plexus.core
[DEBUG]   Imported: org.slf4j.spi.* < plexus.core
[DEBUG] Populating class realm maven.api
[DEBUG] Created adapter factory; available factories [file-lock, rwlock-local, semaphore-local, noop]; available name mappers [discriminating, file-gaecv, file-gav, file-hgaecv, file-hgav, file-static, gaecv, gav, static]
[INFO] Error stacktraces are turned on.
[DEBUG] Message scheme: color
[DEBUG] Message styles: debug info warning error success failure strong mojo project
[DEBUG] Reading global settings from C:\Users\ADMIN\.m2\wrapper\dists\apache-maven-3.9.12\59fe215c0ad6947fea90184bf7add084544567b927287592651fda3782e0e798\conf\settings.xml
[DEBUG] Reading user settings from C:\Users\ADMIN\.m2\settings.xml
[DEBUG] Reading global toolchains from C:\Users\ADMIN\.m2\wrapper\dists\apache-maven-3.9.12\59fe215c0ad6947fea90184bf7add084544567b927287592651fda3782e0e798\conf\toolchains.xml
[DEBUG] Reading user toolchains from C:\Users\ADMIN\.m2\toolchains.xml
[DEBUG] Using local repository at C:\Users\ADMIN\.m2\repository
[DEBUG] Using manager EnhancedLocalRepositoryManager with priority 10.0 for C:\Users\ADMIN\.m2\repository
[INFO] Scanning for projects...
[DEBUG] Creating adapter using nameMapper 'gaecv' and factory 'rwlock-local'
[DEBUG] Extension realms for project com.group10:API_ManageDormitory:jar:0.0.1-SNAPSHOT: (none)
[DEBUG] Looking up lifecycle mappings for packaging jar from ClassRealm[plexus.core, parent: null]
[DEBUG] Extension realms for project org.springframework.boot:spring-boot-starter-parent:pom:4.0.2: (none)
[DEBUG] Looking up lifecycle mappings for packaging pom from ClassRealm[plexus.core, parent: null]
[DEBUG] Extension realms for project org.springframework.boot:spring-boot-dependencies:pom:4.0.2: (none)
[DEBUG] Looking up lifecycle mappings for packaging pom from ClassRealm[plexus.core, parent: null]
[DEBUG] === REACTOR BUILD PLAN ================================================
[DEBUG] Project: com.group10:API_ManageDormitory:jar:0.0.1-SNAPSHOT
[DEBUG] Tasks:   [test]
[DEBUG] Style:   Regular
[DEBUG] =======================================================================
[INFO] 
[INFO] ------------------< com.group10:API_ManageDormitory >-------------------
[INFO] Building API_ManageDormitory 0.0.1-SNAPSHOT
[INFO]   from pom.xml
[INFO] --------------------------------[ jar ]---------------------------------
[DEBUG] Lifecycle clean -> [pre-clean, clean, post-clean]
[DEBUG] Lifecycle default -> [validate, initialize, generate-sources, process-sources, generate-resources, process-resources, compile, process-classes, generate-test-sources, process-test-sources, generate-test-resources, process-test-resources, test-compile, process-test-classes, test, prepare-package, package, pre-integration-test, integration-test, post-integration-test, verify, install, deploy]
[DEBUG] Lifecycle site -> [pre-site, site, post-site, site-deploy]
[DEBUG] Lifecycle clean -> [pre-clean, clean, post-clean]
[DEBUG] Lifecycle default -> [validate, initialize, generate-sources, process-sources, generate-resources, process-resources, compile, process-classes, generate-test-sources, process-test-sources, generate-test-resources, process-test-resources, test-compile, process-test-classes, test, prepare-package, package, pre-integration-test, integration-test, post-integration-test, verify, install, deploy]
[DEBUG] Lifecycle site -> [pre-site, site, post-site, site-deploy]
[DEBUG] Lifecycle clean -> [pre-clean, clean, post-clean]
[DEBUG] Lifecycle default -> [validate, initialize, generate-sources, process-sources, generate-resources, process-resources, compile, process-classes, generate-test-sources, process-test-sources, generate-test-resources, process-test-resources, test-compile, process-test-classes, test, prepare-package, package, pre-integration-test, integration-test, post-integration-test, verify, install, deploy]
[DEBUG] Lifecycle site -> [pre-site, site, post-site, site-deploy]
[DEBUG] Lifecycle clean -> [pre-clean, clean, post-clean]
[DEBUG] Lifecycle default -> [validate, initialize, generate-sources, process-sources, generate-resources, process-resources, compile, process-classes, generate-test-sources, process-test-sources, generate-test-resources, process-test-resources, test-compile, process-test-classes, test, prepare-package, package, pre-integration-test, integration-test, post-integration-test, verify, install, deploy]
[DEBUG] Lifecycle site -> [pre-site, site, post-site, site-deploy]
[DEBUG] Lifecycle clean -> [pre-clean, clean, post-clean]
[DEBUG] Lifecycle default -> [validate, initialize, generate-sources, process-sources, generate-resources, process-resources, compile, process-classes, generate-test-sources, process-test-sources, generate-test-resources, process-test-resources, test-compile, process-test-classes, test, prepare-package, package, pre-integration-test, integration-test, post-integration-test, verify, install, deploy]
[DEBUG] Lifecycle site -> [pre-site, site, post-site, site-deploy]
[DEBUG] Lifecycle clean -> [pre-clean, clean, post-clean]
[DEBUG] Lifecycle default -> [validate, initialize, generate-sources, process-sources, generate-resources, process-resources, compile, process-classes, generate-test-sources, process-test-sources, generate-test-resources, process-test-resources, test-compile, process-test-classes, test, prepare-package, package, pre-integration-test, integration-test, post-integration-test, verify, install, deploy]
[DEBUG] Lifecycle site -> [pre-site, site, post-site, site-deploy]
[DEBUG] === PROJECT BUILD PLAN ================================================
[DEBUG] Project:       com.group10:API_ManageDormitory:0.0.1-SNAPSHOT
[DEBUG] Dependencies (collect): []
[DEBUG] Dependencies (resolve): [compile, test]
[DEBUG] Repositories (dependencies): [central (https://repo.maven.apache.org/maven2, default, releases)]
[DEBUG] Repositories (plugins)     : [central (https://repo.maven.apache.org/maven2, default, releases)]
[DEBUG] -----------------------------------------------------------------------
[DEBUG] Goal:          org.apache.maven.plugins:maven-resources-plugin:3.3.1:resources (default-resources)
[DEBUG] Style:         Regular
[DEBUG] Configuration: <?xml version="1.0" encoding="UTF-8"?>
<configuration>
  <addDefaultExcludes default-value="true"/>
  <buildFilters default-value="${project.build.filters}"/>
  <delimiters>
    <delimiter>@</delimiter>
  </delimiters>
  <encoding default-value="${project.build.sourceEncoding}"/>
  <escapeWindowsPaths default-value="true"/>
  <fileNameFiltering default-value="false"/>
  <includeEmptyDirs default-value="false"/>
  <outputDirectory default-value="${project.build.outputDirectory}"/>
  <overwrite default-value="false"/>
  <project default-value="${project}"/>
  <propertiesEncoding>UTF-8</propertiesEncoding>
  <resources default-value="${project.resources}"/>
  <session default-value="${session}"/>
  <skip default-value="false">${maven.resources.skip}</skip>
  <supportMultiLineFiltering default-value="false"/>
  <useBuildFilters default-value="true"/>
  <useDefaultDelimiters default-value="true">false</useDefaultDelimiters>
</configuration>
[DEBUG] -----------------------------------------------------------------------
[DEBUG] Goal:          org.apache.maven.plugins:maven-compiler-plugin:3.14.1:compile (default-compile)
[DEBUG] Style:         Regular
[DEBUG] Configuration: <?xml version="1.0" encoding="UTF-8"?>
<configuration>
  <annotationProcessorPaths>
    <path>
      <groupId>org.projectlombok</groupId>
      <artifactId>lombok</artifactId>
    </path>
  </annotationProcessorPaths>
  <annotationProcessorPathsUseDepMgmt default-value="false"/>
  <basedir default-value="${basedir}"/>
  <buildDirectory default-value="${project.build.directory}"/>
  <compilePath default-value="${project.compileClasspathElements}"/>
  <compileSourceRoots default-value="${project.compileSourceRoots}"/>
  <compilerId default-value="javac">${maven.compiler.compilerId}</compilerId>
  <compilerReuseStrategy default-value="${reuseCreated}">${maven.compiler.compilerReuseStrategy}</compilerReuseStrategy>
  <compilerVersion>${maven.compiler.compilerVersion}</compilerVersion>
  <createMissingPackageInfoClass default-value="true">${maven.compiler.createMissingPackageInfoClass}</createMissingPackageInfoClass>
  <debug default-value="true">${maven.compiler.debug}</debug>
  <debugFileName default-value="javac"/>
  <debuglevel>${maven.compiler.debuglevel}</debuglevel>
  <enablePreview default-value="false">${maven.compiler.enablePreview}</enablePreview>
  <encoding default-value="${project.build.sourceEncoding}">${encoding}</encoding>
  <executable>${maven.compiler.executable}</executable>
  <failOnError default-value="true">${maven.compiler.failOnError}</failOnError>
  <failOnWarning default-value="false">${maven.compiler.failOnWarning}</failOnWarning>
  <fileExtensions default-value="class,jar"/>
  <forceJavacCompilerUse default-value="false">${maven.compiler.forceJavacCompilerUse}</forceJavacCompilerUse>
  <forceLegacyJavacApi default-value="false">${maven.compiler.forceLegacyJavacApi}</forceLegacyJavacApi>
  <fork default-value="false">${maven.compiler.fork}</fork>
  <generatedSourcesDirectory default-value="${project.build.directory}/generated-sources/annotations"/>
  <implicit>${maven.compiler.implicit}</implicit>
  <maxmem>${maven.compiler.maxmem}</maxmem>
  <meminitial>${maven.compiler.meminitial}</meminitial>
  <moduleVersion default-value="${project.version}">${maven.compiler.moduleVersion}</moduleVersion>
  <mojoExecution default-value="${mojoExecution}"/>
  <optimize default-value="false">${maven.compiler.optimize}</optimize>
  <outputDirectory default-value="${project.build.outputDirectory}">${maven.compiler.outputDirectory}</outputDirectory>
  <outputTimestamp default-value="${project.build.outputTimestamp}"/>
  <parameters default-value="false">true</parameters>
  <proc>${maven.compiler.proc}</proc>
  <project default-value="${project}"/>
  <projectArtifact default-value="${project.artifact}"/>
  <release>${maven.compiler.release}</release>
  <session default-value="${session}"/>
  <showCompilationChanges default-value="false">${maven.compiler.showCompilationChanges}</showCompilationChanges>
  <showDeprecation default-value="false">${maven.compiler.showDeprecation}</showDeprecation>
  <showWarnings default-value="true">${maven.compiler.showWarnings}</showWarnings>
  <skipMain>${maven.main.skip}</skipMain>
  <skipMultiThreadWarning default-value="false">${maven.compiler.skipMultiThreadWarning}</skipMultiThreadWarning>
  <source default-value="1.8">${maven.compiler.source}</source>
  <staleMillis default-value="0">${lastModGranularityMs}</staleMillis>
  <target default-value="1.8">${maven.compiler.target}</target>
  <useIncrementalCompilation default-value="true">${maven.compiler.useIncrementalCompilation}</useIncrementalCompilation>
  <useModuleVersion default-value="true">${maven.compiler.useModuleVersion}</useModuleVersion>
  <verbose default-value="false">${maven.compiler.verbose}</verbose>
</configuration>
[DEBUG] -----------------------------------------------------------------------
[DEBUG] Goal:          org.apache.maven.plugins:maven-resources-plugin:3.3.1:testResources (default-testResources)
[DEBUG] Style:         Regular
[DEBUG] Configuration: <?xml version="1.0" encoding="UTF-8"?>
<configuration>
  <addDefaultExcludes default-value="true"/>
  <buildFilters default-value="${project.build.filters}"/>
  <delimiters>
    <delimiter>@</delimiter>
  </delimiters>
  <encoding default-value="${project.build.sourceEncoding}"/>
  <escapeWindowsPaths default-value="true"/>
  <fileNameFiltering default-value="false"/>
  <includeEmptyDirs default-value="false"/>
  <outputDirectory default-value="${project.build.testOutputDirectory}"/>
  <overwrite default-value="false"/>
  <project default-value="${project}"/>
  <propertiesEncoding>UTF-8</propertiesEncoding>
  <resources default-value="${project.testResources}"/>
  <session default-value="${session}"/>
  <skip default-value="false">${maven.test.skip}</skip>
  <supportMultiLineFiltering default-value="false"/>
  <useBuildFilters default-value="true"/>
  <useDefaultDelimiters default-value="true">false</useDefaultDelimiters>
</configuration>
[DEBUG] -----------------------------------------------------------------------
[DEBUG] Goal:          org.apache.maven.plugins:maven-compiler-plugin:3.14.1:testCompile (default-testCompile)
[DEBUG] Style:         Regular
[DEBUG] Configuration: <?xml version="1.0" encoding="UTF-8"?>
<configuration>
  <annotationProcessorPaths>
    <path>
      <groupId>org.projectlombok</groupId>
      <artifactId>lombok</artifactId>
    </path>
  </annotationProcessorPaths>
  <annotationProcessorPathsUseDepMgmt default-value="false"/>
  <basedir default-value="${basedir}"/>
  <buildDirectory default-value="${project.build.directory}"/>
  <compileSourceRoots default-value="${project.testCompileSourceRoots}"/>
  <compilerId default-value="javac">${maven.compiler.compilerId}</compilerId>
  <compilerReuseStrategy default-value="${reuseCreated}">${maven.compiler.compilerReuseStrategy}</compilerReuseStrategy>
  <compilerVersion>${maven.compiler.compilerVersion}</compilerVersion>
  <createMissingPackageInfoClass default-value="true">${maven.compiler.createMissingPackageInfoClass}</createMissingPackageInfoClass>
  <debug default-value="true">${maven.compiler.debug}</debug>
  <debugFileName default-value="javac-test"/>
  <debuglevel>${maven.compiler.debuglevel}</debuglevel>
  <enablePreview default-value="false">${maven.compiler.enablePreview}</enablePreview>
  <encoding default-value="${project.build.sourceEncoding}">${encoding}</encoding>
  <executable>${maven.compiler.executable}</executable>
  <failOnError default-value="true">${maven.compiler.failOnError}</failOnError>
  <failOnWarning default-value="false">${maven.compiler.failOnWarning}</failOnWarning>
  <fileExtensions default-value="class,jar"/>
  <forceJavacCompilerUse default-value="false">${maven.compiler.forceJavacCompilerUse}</forceJavacCompilerUse>
  <forceLegacyJavacApi default-value="false">${maven.compiler.forceLegacyJavacApi}</forceLegacyJavacApi>
  <fork default-value="false">${maven.compiler.fork}</fork>
  <generatedTestSourcesDirectory default-value="${project.build.directory}/generated-test-sources/test-annotations"/>
  <implicit>${maven.compiler.implicit}</implicit>
  <maxmem>${maven.compiler.maxmem}</maxmem>
  <meminitial>${maven.compiler.meminitial}</meminitial>
  <mojoExecution default-value="${mojoExecution}"/>
  <optimize default-value="false">${maven.compiler.optimize}</optimize>
  <outputDirectory default-value="${project.build.testOutputDirectory}"/>
  <outputTimestamp default-value="${project.build.outputTimestamp}"/>
  <parameters default-value="false">true</parameters>
  <proc>${maven.compiler.proc}</proc>
  <project default-value="${project}"/>
  <release>${maven.compiler.release}</release>
  <session default-value="${session}"/>
  <showCompilationChanges default-value="false">${maven.compiler.showCompilationChanges}</showCompilationChanges>
  <showDeprecation default-value="false">${maven.compiler.showDeprecation}</showDeprecation>
  <showWarnings default-value="true">${maven.compiler.showWarnings}</showWarnings>
  <skip>${maven.test.skip}</skip>
  <skipMultiThreadWarning default-value="false">${maven.compiler.skipMultiThreadWarning}</skipMultiThreadWarning>
  <source default-value="1.8">${maven.compiler.source}</source>
  <staleMillis default-value="0">${lastModGranularityMs}</staleMillis>
  <target default-value="1.8">${maven.compiler.target}</target>
  <testPath default-value="${project.testClasspathElements}"/>
  <testRelease>${maven.compiler.testRelease}</testRelease>
  <testSource>${maven.compiler.testSource}</testSource>
  <testTarget>${maven.compiler.testTarget}</testTarget>
  <useIncrementalCompilation default-value="true">${maven.compiler.useIncrementalCompilation}</useIncrementalCompilation>
  <useModulePath default-value="true"/>
  <verbose default-value="false">${maven.compiler.verbose}</verbose>
</configuration>
[DEBUG] -----------------------------------------------------------------------
[DEBUG] Goal:          org.apache.maven.plugins:maven-surefire-plugin:3.5.4:test (default-test)
[DEBUG] Style:         Regular
[DEBUG] Configuration: <?xml version="1.0" encoding="UTF-8"?>
<configuration>
  <additionalClasspathDependencies>${maven.test.additionalClasspathDependencies}</additionalClasspathDependencies>
  <additionalClasspathElements>${maven.test.additionalClasspath}</additionalClasspathElements>
  <argLine>${argLine}</argLine>
  <basedir default-value="${basedir}"/>
  <childDelegation default-value="false">${childDelegation}</childDelegation>
  <classesDirectory default-value="${project.build.outputDirectory}"/>
  <classpathDependencyExcludes>${maven.test.dependency.excludes}</classpathDependencyExcludes>
  <debugForkedProcess>${maven.surefire.debug}</debugForkedProcess>
  <dependenciesToScan>${dependenciesToScan}</dependenciesToScan>
  <disableXmlReport>${disableXmlReport}</disableXmlReport>
  <enableAssertions default-value="true">${enableAssertions}</enableAssertions>
  <enableOutErrElements default-value="true">${enableOutErrElements}</enableOutErrElements>
  <enableProcessChecker>${surefire.enableProcessChecker}</enableProcessChecker>
  <enablePropertiesElement default-value="true">${enablePropertiesElement}</enablePropertiesElement>
  <encoding default-value="${project.reporting.outputEncoding}">${surefire.encoding}</encoding>
  <excludeJUnit5Engines>${surefire.excludeJUnit5Engines}</excludeJUnit5Engines>
  <excludedEnvironmentVariables>${surefire.excludedEnvironmentVariables}</excludedEnvironmentVariables>
  <excludedGroups>${excludedGroups}</excludedGroups>
  <excludes>${surefire.excludes}</excludes>
  <excludesFile>${surefire.excludesFile}</excludesFile>
  <failIfNoSpecifiedTests default-value="true">${surefire.failIfNoSpecifiedTests}</failIfNoSpecifiedTests>
  <failIfNoTests default-value="false">${failIfNoTests}</failIfNoTests>
  <failOnFlakeCount default-value="0">${surefire.failOnFlakeCount}</failOnFlakeCount>
  <forkCount default-value="1">${forkCount}</forkCount>
  <forkNode>${surefire.forkNode}</forkNode>
  <forkedProcessExitTimeoutInSeconds default-value="30">${surefire.exitTimeout}</forkedProcessExitTimeoutInSeconds>
  <forkedProcessTimeoutInSeconds>${surefire.timeout}</forkedProcessTimeoutInSeconds>
  <groups>${groups}</groups>
  <includeJUnit5Engines>${surefire.includeJUnit5Engines}</includeJUnit5Engines>
  <includes>${surefire.includes}</includes>
  <includesFile>${surefire.includesFile}</includesFile>
  <junitArtifactName default-value="junit:junit">${junitArtifactName}</junitArtifactName>
  <jvm>${jvm}</jvm>
  <objectFactory>${objectFactory}</objectFactory>
  <parallel>${parallel}</parallel>
  <parallelMavenExecution default-value="${session.parallel}"/>
  <parallelOptimized default-value="true">${parallelOptimized}</parallelOptimized>
  <parallelTestsTimeoutForcedInSeconds>${surefire.parallel.forcedTimeout}</parallelTestsTimeoutForcedInSeconds>
  <parallelTestsTimeoutInSeconds>${surefire.parallel.timeout}</parallelTestsTimeoutInSeconds>
  <perCoreThreadCount default-value="true">${perCoreThreadCount}</perCoreThreadCount>
  <pluginArtifactMap>${plugin.artifactMap}</pluginArtifactMap>
  <pluginDescriptor default-value="${plugin}"/>
  <printSummary default-value="true">${surefire.printSummary}</printSummary>
  <project default-value="${project}"/>
  <projectArtifactMap>${project.artifactMap}</projectArtifactMap>
  <projectBuildDirectory default-value="${project.build.directory}"/>
  <promoteUserPropertiesToSystemProperties default-value="true"/>
  <redirectTestOutputToFile default-value="false">${maven.test.redirectTestOutputToFile}</redirectTestOutputToFile>
  <reportFormat default-value="brief">${surefire.reportFormat}</reportFormat>
  <reportNameSuffix default-value="">${surefire.reportNameSuffix}</reportNameSuffix>
  <reportsDirectory default-value="${project.build.directory}/surefire-reports"/>
  <rerunFailingTestsCount default-value="0">${surefire.rerunFailingTestsCount}</rerunFailingTestsCount>
  <reuseForks default-value="true">${reuseForks}</reuseForks>
  <runOrder default-value="filesystem">${surefire.runOrder}</runOrder>
  <runOrderRandomSeed>${surefire.runOrder.random.seed}</runOrderRandomSeed>
  <session default-value="${session}"/>
  <shutdown default-value="exit">${surefire.shutdown}</shutdown>
  <skip default-value="false">${maven.test.skip}</skip>
  <skipAfterFailureCount default-value="0">${surefire.skipAfterFailureCount}</skipAfterFailureCount>
  <skipExec>${maven.test.skip.exec}</skipExec>
  <skipTests default-value="false">${skipTests}</skipTests>
  <suiteXmlFiles>${surefire.suiteXmlFiles}</suiteXmlFiles>
  <systemPropertiesFile>${surefire.systemPropertiesFile}</systemPropertiesFile>
  <tempDir default-value="surefire">${tempDir}</tempDir>
  <test>${test}</test>
  <testClassesDirectory default-value="${project.build.testOutputDirectory}"/>
  <testFailureIgnore default-value="false">${maven.test.failure.ignore}</testFailureIgnore>
  <testNGArtifactName default-value="org.testng:testng">${testNGArtifactName}</testNGArtifactName>
  <testSourceDirectory default-value="${project.build.testSourceDirectory}"/>
  <threadCount>${threadCount}</threadCount>
  <threadCountClasses default-value="0">${threadCountClasses}</threadCountClasses>
  <threadCountMethods default-value="0">${threadCountMethods}</threadCountMethods>
  <threadCountSuites default-value="0">${threadCountSuites}</threadCountSuites>
  <trimStackTrace default-value="false">${trimStackTrace}</trimStackTrace>
  <useFile default-value="true">${surefire.useFile}</useFile>
  <useManifestOnlyJar default-value="true">${surefire.useManifestOnlyJar}</useManifestOnlyJar>
  <useModulePath default-value="true">${surefire.useModulePath}</useModulePath>
  <useSystemClassLoader default-value="true">${surefire.useSystemClassLoader}</useSystemClassLoader>
  <useUnlimitedThreads default-value="false">${useUnlimitedThreads}</useUnlimitedThreads>
  <workingDirectory>${basedir}</workingDirectory>
</configuration>
[DEBUG] =======================================================================
[DEBUG] Using mirror maven-default-http-blocker (http://0.0.0.0/) for vaadin-snapshots (http://oss.sonatype.org/content/repositories/vaadin-snapshots/).
[DEBUG] Using mirror maven-default-http-blocker (http://0.0.0.0/) for vaadin-releases (http://oss.sonatype.org/content/repositories/vaadin-releases/).
[DEBUG] Using mirror maven-default-http-blocker (http://0.0.0.0/) for apache.snapshots (http://repository.apache.org/snapshots).
[DEBUG] Dependency collection stats {ConflictMarker.analyzeTime=2101700, ConflictMarker.markTime=268200, ConflictMarker.nodeCount=406, ConflictIdSorter.graphTime=2574000, ConflictIdSorter.topsortTime=1722500, ConflictIdSorter.conflictIdCount=168, ConflictIdSorter.conflictIdCycleCount=0, ConflictResolver.totalTime=20823000, ConflictResolver.conflictItemCount=370, DfDependencyCollector.collectTime=484332000, DfDependencyCollector.transformTime=32295300}
[DEBUG] com.group10:API_ManageDormitory:jar:0.0.1-SNAPSHOT
[DEBUG]    org.springframework.boot:spring-boot-starter-data-jpa:jar:4.0.2:compile
[DEBUG]       org.springframework.boot:spring-boot-starter:jar:4.0.2:compile (version managed from 4.0.2)
[DEBUG]          org.springframework.boot:spring-boot-starter-logging:jar:4.0.2:compile (version managed from 4.0.2)
[DEBUG]             ch.qos.logback:logback-classic:jar:1.5.25:compile (version managed from 1.5.25)
[DEBUG]                ch.qos.logback:logback-core:jar:1.5.25:compile (version managed from 1.5.25)
[DEBUG]             org.apache.logging.log4j:log4j-to-slf4j:jar:2.25.3:compile (version managed from 2.25.3)
[DEBUG]             org.slf4j:jul-to-slf4j:jar:2.0.17:compile (version managed from 2.0.17)
[DEBUG]          jakarta.annotation:jakarta.annotation-api:jar:3.0.0:compile (version managed from 3.0.0)
[DEBUG]          org.yaml:snakeyaml:jar:2.5:compile (version managed from 2.5)
[DEBUG]       org.springframework.boot:spring-boot-starter-jdbc:jar:4.0.2:compile (version managed from 4.0.2)
[DEBUG]          com.zaxxer:HikariCP:jar:7.0.2:compile (version managed from 7.0.2)
[DEBUG]       org.springframework.boot:spring-boot-data-jpa:jar:4.0.2:compile (version managed from 4.0.2)
[DEBUG]          org.springframework.boot:spring-boot-data-commons:jar:4.0.2:compile (version managed from 4.0.2)
[DEBUG]             org.springframework.boot:spring-boot-persistence:jar:4.0.2:compile (version managed from 4.0.2)
[DEBUG]             org.springframework.data:spring-data-commons:jar:4.0.2:compile (version managed from 4.0.2)
[DEBUG]          org.springframework.boot:spring-boot-hibernate:jar:4.0.2:compile (version managed from 4.0.2)
[DEBUG]             org.springframework.boot:spring-boot-jpa:jar:4.0.2:compile (version managed from 4.0.2)
[DEBUG]                jakarta.persistence:jakarta.persistence-api:jar:3.2.0:compile (version managed from 3.2.0)
[DEBUG]             org.hibernate.orm:hibernate-core:jar:7.2.1.Final:compile (version managed from 7.2.1.Final)
[DEBUG]                jakarta.transaction:jakarta.transaction-api:jar:2.0.1:compile (version managed from 2.0.1)
[DEBUG]                org.hibernate.models:hibernate-models:jar:1.0.1:runtime
[DEBUG]                org.glassfish.jaxb:jaxb-runtime:jar:4.0.6:runtime (version managed from 4.0.6)
[DEBUG]                   org.glassfish.jaxb:jaxb-core:jar:4.0.6:runtime (version managed from 4.0.6)
[DEBUG]                      org.glassfish.jaxb:txw2:jar:4.0.6:runtime (version managed from 4.0.6)
[DEBUG]                      com.sun.istack:istack-commons-runtime:jar:4.1.2:runtime
[DEBUG]                jakarta.inject:jakarta.inject-api:jar:2.0.1:runtime (version managed from 2.0.1)
[DEBUG]             org.springframework:spring-orm:jar:7.0.3:compile (version managed from 7.0.3)
[DEBUG]          org.springframework.data:spring-data-jpa:jar:4.0.2:compile (version managed from 4.0.2)
[DEBUG]             org.springframework:spring-tx:jar:7.0.3:compile (version managed from 7.0.3)
[DEBUG]             org.antlr:antlr4-runtime:jar:4.13.2:compile
[DEBUG]          org.springframework:spring-aspects:jar:7.0.3:compile (version managed from 7.0.3)
[DEBUG]             org.aspectj:aspectjweaver:jar:1.9.25.1:compile (version managed from 1.9.25)
[DEBUG]       org.springframework.boot:spring-boot-jdbc:jar:4.0.2:compile (version managed from 4.0.2)
[DEBUG]          org.springframework.boot:spring-boot-sql:jar:4.0.2:compile (version managed from 4.0.2)
[DEBUG]          org.springframework.boot:spring-boot-transaction:jar:4.0.2:compile (version managed from 4.0.2)
[DEBUG]          org.springframework:spring-jdbc:jar:7.0.3:compile (version managed from 7.0.3)
[DEBUG]    org.springframework.boot:spring-boot-starter-security:jar:4.0.2:compile
[DEBUG]       org.springframework.boot:spring-boot-security:jar:4.0.2:compile (version managed from 4.0.2)
[DEBUG]          org.springframework.security:spring-security-config:jar:7.0.2:compile (version managed from 7.0.2)
[DEBUG]             org.springframework.security:spring-security-core:jar:7.0.2:compile (version managed from 7.0.2)
[DEBUG]                org.springframework.security:spring-security-crypto:jar:7.0.2:compile (version managed from 7.0.2)
[DEBUG]          org.springframework.security:spring-security-web:jar:7.0.2:compile (version managed from 7.0.2)
[DEBUG]             org.springframework:spring-expression:jar:7.0.3:compile (version managed from 7.0.2)
[DEBUG]       org.springframework:spring-aop:jar:7.0.3:compile (version managed from 7.0.3)
[DEBUG]          org.springframework:spring-beans:jar:7.0.3:compile (version managed from 7.0.3)
[DEBUG]    org.springframework.boot:spring-boot-starter-validation:jar:4.0.2:compile
[DEBUG]       org.springframework.boot:spring-boot-validation:jar:4.0.2:compile (version managed from 4.0.2)
[DEBUG]          org.apache.tomcat.embed:tomcat-embed-el:jar:11.0.15:compile (version managed from 11.0.15)
[DEBUG]          org.hibernate.validator:hibernate-validator:jar:9.0.1.Final:compile (version managed from 9.0.1.Final)
[DEBUG]             jakarta.validation:jakarta.validation-api:jar:3.1.1:compile (version managed from 3.1.1)
[DEBUG]             org.jboss.logging:jboss-logging:jar:3.6.1.Final:compile (version managed from 3.6.1.Final)
[DEBUG]             com.fasterxml:classmate:jar:1.7.3:compile (version managed from 1.7.0)
[DEBUG]    org.springframework.boot:spring-boot-starter-webmvc:jar:4.0.2:compile
[DEBUG]       org.springframework.boot:spring-boot-starter-jackson:jar:4.0.2:compile (version managed from 4.0.2)
[DEBUG]          org.springframework.boot:spring-boot-jackson:jar:4.0.2:compile (version managed from 4.0.2)
[DEBUG]             tools.jackson.core:jackson-databind:jar:3.0.4:compile (version managed from 3.0.4)
[DEBUG]                tools.jackson.core:jackson-core:jar:3.0.4:compile (version managed from 3.0.4)
[DEBUG]       org.springframework.boot:spring-boot-starter-tomcat:jar:4.0.2:compile (version managed from 4.0.2)
[DEBUG]          org.springframework.boot:spring-boot-starter-tomcat-runtime:jar:4.0.2:compile (version managed from 4.0.2)
[DEBUG]             org.springframework.boot:spring-boot-web-server:jar:4.0.2:compile (version managed from 4.0.2)
[DEBUG]             org.apache.tomcat.embed:tomcat-embed-core:jar:11.0.15:compile (version managed from 11.0.15)
[DEBUG]             org.apache.tomcat.embed:tomcat-embed-websocket:jar:11.0.15:compile (version managed from 11.0.15)
[DEBUG]          org.springframework.boot:spring-boot-tomcat:jar:4.0.2:compile (version managed from 4.0.2)
[DEBUG]       org.springframework.boot:spring-boot-http-converter:jar:4.0.2:compile (version managed from 4.0.2)
[DEBUG]          org.springframework:spring-web:jar:7.0.3:compile (version managed from 7.0.3)
[DEBUG]             io.micrometer:micrometer-observation:jar:1.16.2:compile (version managed from 1.16.2)
[DEBUG]                io.micrometer:micrometer-commons:jar:1.16.2:compile (version managed from 1.16.2)
[DEBUG]       org.springframework.boot:spring-boot-webmvc:jar:4.0.2:compile (version managed from 4.0.2)
[DEBUG]          org.springframework.boot:spring-boot-servlet:jar:4.0.2:compile (version managed from 4.0.2)
[DEBUG]          org.springframework:spring-webmvc:jar:7.0.3:compile (version managed from 7.0.3)
[DEBUG]    org.springframework.boot:spring-boot-starter-mail:jar:4.0.2:compile
[DEBUG]       org.springframework.boot:spring-boot-mail:jar:4.0.2:compile (version managed from 4.0.2)
[DEBUG]          org.springframework:spring-context-support:jar:7.0.3:compile (version managed from 7.0.3)
[DEBUG]          jakarta.mail:jakarta.mail-api:jar:2.1.5:compile (version managed from 2.1.5)
[DEBUG]          org.eclipse.angus:angus-mail:jar:2.0.5:runtime (version managed from 2.0.5)
[DEBUG]             org.eclipse.angus:angus-activation:jar:2.0.3:runtime
[DEBUG]    org.springframework.boot:spring-boot-devtools:jar:4.0.2:runtime (optional)
[DEBUG]       org.springframework.boot:spring-boot:jar:4.0.2:compile (version managed from 4.0.2)
[DEBUG]          org.springframework:spring-context:jar:7.0.3:compile (version managed from 7.0.3)
[DEBUG]       org.springframework.boot:spring-boot-autoconfigure:jar:4.0.2:compile (version managed from 4.0.2)
[DEBUG]    com.mysql:mysql-connector-j:jar:9.5.0:runtime (exclusions managed from [com.google.protobuf:protobuf-java:*:*])
[DEBUG]    com.h2database:h2:jar:2.4.240:test
[DEBUG]    io.jsonwebtoken:jjwt-api:jar:0.11.5:compile
[DEBUG]    io.jsonwebtoken:jjwt-impl:jar:0.11.5:runtime
[DEBUG]    io.jsonwebtoken:jjwt-jackson:jar:0.11.5:runtime
[DEBUG]       com.fasterxml.jackson.core:jackson-databind:jar:2.20.2:compile (version managed from 2.12.6.1)
[DEBUG]          com.fasterxml.jackson.core:jackson-annotations:jar:2.20:compile (version managed from 2.20)
[DEBUG]          com.fasterxml.jackson.core:jackson-core:jar:2.20.2:compile (version managed from 2.20.2)
[DEBUG]    com.nimbusds:nimbus-jose-jwt:jar:9.30.1:compile
[DEBUG]       com.github.stephenc.jcip:jcip-annotations:jar:1.0-1:compile
[DEBUG]    org.projectlombok:lombok:jar:1.18.42:compile (optional)
[DEBUG]    org.springframework.boot:spring-boot-starter-data-jpa-test:jar:4.0.2:test
[DEBUG]       org.springframework.boot:spring-boot-starter-jdbc-test:jar:4.0.2:test (version managed from 4.0.2)
[DEBUG]          org.springframework.boot:spring-boot-jdbc-test:jar:4.0.2:test (version managed from 4.0.2)
[DEBUG]       org.springframework.boot:spring-boot-data-jpa-test:jar:4.0.2:test (version managed from 4.0.2)
[DEBUG]          org.springframework.boot:spring-boot-jpa-test:jar:4.0.2:test (version managed from 4.0.2)
[DEBUG]    org.springframework.boot:spring-boot-starter-security-test:jar:4.0.2:test
[DEBUG]       org.springframework.boot:spring-boot-security-test:jar:4.0.2:test (version managed from 4.0.2)
[DEBUG]          org.springframework.security:spring-security-test:jar:7.0.2:test (version managed from 7.0.2)
[DEBUG]    org.springframework.boot:spring-boot-starter-validation-test:jar:4.0.2:test
[DEBUG]    org.springframework.boot:spring-boot-starter-oauth2-resource-server:jar:4.0.2:compile
[DEBUG]       org.springframework.boot:spring-boot-security-oauth2-resource-server:jar:4.0.2:compile (version managed from 4.0.2)
[DEBUG]          org.springframework.security:spring-security-oauth2-jose:jar:7.0.2:compile (version managed from 7.0.2)
[DEBUG]             org.springframework.security:spring-security-oauth2-core:jar:7.0.2:compile (version managed from 7.0.2)
[DEBUG]          org.springframework.security:spring-security-oauth2-resource-server:jar:7.0.2:compile (version managed from 7.0.2)
[DEBUG]    com.cloudinary:cloudinary-http44:jar:1.36.0:compile
[DEBUG]       com.cloudinary:cloudinary-core:jar:1.36.0:compile
[DEBUG]       org.apache.commons:commons-lang3:jar:3.19.0:compile (version managed from 3.1)
[DEBUG]       org.apache.httpcomponents:httpclient:jar:4.4:compile
[DEBUG]          org.apache.httpcomponents:httpcore:jar:4.4.16:compile (version managed from 4.4)
[DEBUG]          commons-logging:commons-logging:jar:1.3.5:compile (version managed from 1.2)
[DEBUG]          commons-codec:commons-codec:jar:1.19.0:compile (version managed from 1.9)
[DEBUG]       org.apache.httpcomponents:httpmime:jar:4.4:compile
[DEBUG]    org.apache.poi:poi-ooxml:jar:5.2.3:compile
[DEBUG]       org.apache.poi:poi:jar:5.2.3:compile
[DEBUG]          org.apache.commons:commons-math3:jar:3.6.1:compile
[DEBUG]          com.zaxxer:SparseBitSet:jar:1.2:compile
[DEBUG]       org.apache.poi:poi-ooxml-lite:jar:5.2.3:compile
[DEBUG]       org.apache.xmlbeans:xmlbeans:jar:5.1.1:compile
[DEBUG]       org.apache.commons:commons-compress:jar:1.21:compile
[DEBUG]       commons-io:commons-io:jar:2.11.0:compile
[DEBUG]       com.github.virtuald:curvesapi:jar:1.07:compile
[DEBUG]       org.apache.logging.log4j:log4j-api:jar:2.25.3:compile (version managed from 2.18.0)
[DEBUG]       org.apache.commons:commons-collections4:jar:4.4:compile
[DEBUG]    org.springframework.boot:spring-boot-test-autoconfigure:jar:4.0.2:test
[DEBUG]       org.springframework.boot:spring-boot-test:jar:4.0.2:test (version managed from 4.0.2)
[DEBUG]    org.springframework.boot:spring-boot-starter-test:jar:4.0.2:test
[DEBUG]       com.jayway.jsonpath:json-path:jar:2.10.0:test (version managed from 2.10.0)
[DEBUG]          org.slf4j:slf4j-api:jar:2.0.17:compile (version managed from 2.0.17)
[DEBUG]       jakarta.xml.bind:jakarta.xml.bind-api:jar:4.0.4:compile (version managed from 4.0.4)
[DEBUG]          jakarta.activation:jakarta.activation-api:jar:2.1.4:compile (version managed from 2.1.4)
[DEBUG]       net.minidev:json-smart:jar:2.6.0:test (version managed from 2.6.0)
[DEBUG]          net.minidev:accessors-smart:jar:2.6.0:test
[DEBUG]             org.ow2.asm:asm:jar:9.7.1:test
[DEBUG]       org.assertj:assertj-core:jar:3.27.6:test (version managed from 3.27.6)
[DEBUG]          net.bytebuddy:byte-buddy:jar:1.17.8:runtime (version managed from 1.17.7)
[DEBUG]       org.awaitility:awaitility:jar:4.3.0:test (version managed from 4.3.0)
[DEBUG]       org.hamcrest:hamcrest:jar:3.0:test (version managed from 3.0)
[DEBUG]       org.junit.jupiter:junit-jupiter:jar:6.0.2:test (version managed from 6.0.2)
[DEBUG]          org.junit.jupiter:junit-jupiter-api:jar:6.0.2:test (version managed from 6.0.2)
[DEBUG]             org.opentest4j:opentest4j:jar:1.3.0:test
[DEBUG]             org.junit.platform:junit-platform-commons:jar:6.0.2:test (version managed from 6.0.2)
[DEBUG]             org.apiguardian:apiguardian-api:jar:1.1.2:test
[DEBUG]          org.junit.jupiter:junit-jupiter-params:jar:6.0.2:test (version managed from 6.0.2)
[DEBUG]          org.junit.jupiter:junit-jupiter-engine:jar:6.0.2:test (version managed from 6.0.2)
[DEBUG]             org.junit.platform:junit-platform-engine:jar:6.0.2:test (version managed from 6.0.2)
[DEBUG]       org.mockito:mockito-core:jar:5.20.0:test (version managed from 5.20.0)
[DEBUG]          net.bytebuddy:byte-buddy-agent:jar:1.17.8:test (version managed from 1.17.7)
[DEBUG]          org.objenesis:objenesis:jar:3.3:test
[DEBUG]       org.mockito:mockito-junit-jupiter:jar:5.20.0:test (version managed from 5.20.0)
[DEBUG]       org.skyscreamer:jsonassert:jar:1.5.3:test (version managed from 1.5.3)
[DEBUG]          com.vaadin.external.google:android-json:jar:0.0.20131108.vaadin1:test
[DEBUG]       org.springframework:spring-core:jar:7.0.3:compile (version managed from 7.0.3)
[DEBUG]          org.jspecify:jspecify:jar:1.0.0:compile (version managed from 1.0.0)
[DEBUG]       org.springframework:spring-test:jar:7.0.3:test (version managed from 7.0.3)
[DEBUG]       org.xmlunit:xmlunit-core:jar:2.10.4:test (version managed from 2.10.4)
[DEBUG]    org.springdoc:springdoc-openapi-starter-webmvc-ui:jar:2.8.3:compile
[DEBUG]       org.springdoc:springdoc-openapi-starter-webmvc-api:jar:2.8.3:compile
[DEBUG]          org.springdoc:springdoc-openapi-starter-common:jar:2.8.3:compile
[DEBUG]             io.swagger.core.v3:swagger-core-jakarta:jar:2.2.27:compile
[DEBUG]                io.swagger.core.v3:swagger-annotations-jakarta:jar:2.2.27:compile
[DEBUG]                io.swagger.core.v3:swagger-models-jakarta:jar:2.2.27:compile
[DEBUG]                com.fasterxml.jackson.dataformat:jackson-dataformat-yaml:jar:2.20.2:compile (version managed from 2.16.2)
[DEBUG]                com.fasterxml.jackson.datatype:jackson-datatype-jsr310:jar:2.20.2:compile (version managed from 2.16.2)
[DEBUG]       org.webjars:swagger-ui:jar:5.18.2:compile
[DEBUG]       org.webjars:webjars-locator-lite:jar:1.1.3:compile (version managed from 1.0.1)
[DEBUG]    org.postgresql:postgresql:jar:42.7.9:runtime
[DEBUG]       org.checkerframework:checker-qual:jar:3.52.0:runtime
[INFO] 
[INFO] --- resources:3.3.1:resources (default-resources) @ API_ManageDormitory ---
[DEBUG] Dependency collection stats {ConflictMarker.analyzeTime=132900, ConflictMarker.markTime=18400, ConflictMarker.nodeCount=13, ConflictIdSorter.graphTime=59800, ConflictIdSorter.topsortTime=8700, ConflictIdSorter.conflictIdCount=9, ConflictIdSorter.conflictIdCycleCount=0, ConflictResolver.totalTime=215400, ConflictResolver.conflictItemCount=13, DfDependencyCollector.collectTime=21523400, DfDependencyCollector.transformTime=450200}
[DEBUG] org.apache.maven.plugins:maven-resources-plugin:jar:3.3.1
[DEBUG]    org.codehaus.plexus:plexus-interpolation:jar:1.26:runtime
[DEBUG]    org.codehaus.plexus:plexus-utils:jar:3.5.1:compile
[DEBUG]    org.apache.maven.shared:maven-filtering:jar:3.3.1:compile
[DEBUG]       javax.inject:javax.inject:jar:1:compile
[DEBUG]       org.slf4j:slf4j-api:jar:1.7.36:compile
[DEBUG]       org.sonatype.plexus:plexus-build-api:jar:0.0.7:compile
[DEBUG]    commons-io:commons-io:jar:2.11.0:compile
[DEBUG]    org.apache.commons:commons-lang3:jar:3.12.0:compile
[DEBUG] Created new class realm plugin>org.apache.maven.plugins:maven-resources-plugin:3.3.1
[DEBUG] Importing foreign packages into class realm plugin>org.apache.maven.plugins:maven-resources-plugin:3.3.1
[DEBUG]   Imported:  < maven.api
[DEBUG] Populating class realm plugin>org.apache.maven.plugins:maven-resources-plugin:3.3.1
[DEBUG]   Included: org.apache.maven.plugins:maven-resources-plugin:jar:3.3.1
[DEBUG]   Included: org.codehaus.plexus:plexus-interpolation:jar:1.26
[DEBUG]   Included: org.codehaus.plexus:plexus-utils:jar:3.5.1
[DEBUG]   Included: org.apache.maven.shared:maven-filtering:jar:3.3.1
[DEBUG]   Included: org.sonatype.plexus:plexus-build-api:jar:0.0.7
[DEBUG]   Included: commons-io:commons-io:jar:2.11.0
[DEBUG]   Included: org.apache.commons:commons-lang3:jar:3.12.0
[DEBUG] Loading mojo org.apache.maven.plugins:maven-resources-plugin:3.3.1:resources from plugin realm ClassRealm[plugin>org.apache.maven.plugins:maven-resources-plugin:3.3.1, parent: jdk.internal.loader.ClassLoaders$AppClassLoader@33909752]
[DEBUG] Configuring mojo execution 'org.apache.maven.plugins:maven-resources-plugin:3.3.1:resources:default-resources' with basic configurator -->
[DEBUG]   (f) addDefaultExcludes = true
[DEBUG]   (f) buildFilters = []
[DEBUG]   (s) delimiters = [@]
[DEBUG]   (f) encoding = UTF-8
[DEBUG]   (f) escapeWindowsPaths = true
[DEBUG]   (f) fileNameFiltering = false
[DEBUG]   (s) includeEmptyDirs = false
[DEBUG]   (s) outputDirectory = E:\J2EE\API_ManageDormitory\target\classes
[DEBUG]   (s) overwrite = false
[DEBUG]   (f) project = MavenProject: com.group10:API_ManageDormitory:0.0.1-SNAPSHOT @ E:\J2EE\API_ManageDormitory\pom.xml
[DEBUG]   (f) propertiesEncoding = UTF-8
[DEBUG]   (s) resources = [Resource {targetPath: null, filtering: true, FileSet {directory: E:\J2EE\API_ManageDormitory\src\main\resources, PatternSet [includes: {**/application*.yml, **/application*.yaml, **/application*.properties}, excludes: {}]}}, Resource {targetPath: null, filtering: false, FileSet {directory: E:\J2EE\API_ManageDormitory\src\main\resources, PatternSet [includes: {}, excludes: {**/application*.yml, **/application*.yaml, **/application*.properties}]}}]
[DEBUG]   (f) session = org.apache.maven.execution.MavenSession@46f902e0
[DEBUG]   (f) skip = false
[DEBUG]   (f) supportMultiLineFiltering = false
[DEBUG]   (f) useBuildFilters = true
[DEBUG]   (s) useDefaultDelimiters = false
[DEBUG] -- end configuration --
[DEBUG] properties used:
[DEBUG] activemq.version: 6.1.8
[DEBUG] angus-mail.version: 2.0.5
[DEBUG] artemis.version: 2.43.0
[DEBUG] aspectj.version: 1.9.25.1
[DEBUG] assertj.version: 3.27.6
[DEBUG] awaitility.version: 4.3.0
[DEBUG] brave.version: 6.3.0
[DEBUG] build-helper-maven-plugin.version: 3.6.1
[DEBUG] byte-buddy.version: 1.17.8
[DEBUG] cache2k.version: 2.6.1.Final
[DEBUG] caffeine.version: 3.2.3
[DEBUG] cassandra-driver.version: 4.19.2
[DEBUG] classmate.version: 1.7.3
[DEBUG] classworlds.conf: C:\Users\ADMIN\.m2\wrapper\dists\apache-maven-3.9.12\59fe215c0ad6947fea90184bf7add084544567b927287592651fda3782e0e798\bin\m2.conf
[DEBUG] commons-codec.version: 1.19.0
[DEBUG] commons-dbcp2.version: 2.13.0
[DEBUG] commons-lang3.version: 3.19.0
[DEBUG] commons-logging.version: 1.3.5
[DEBUG] commons-pool.version: 1.6
[DEBUG] commons-pool2.version: 2.12.1
[DEBUG] couchbase-client.version: 3.9.2
[DEBUG] crac.version: 1.5.0
[DEBUG] cyclonedx-maven-plugin.version: 2.9.1
[DEBUG] db2-jdbc.version: 12.1.3.0
[DEBUG] dependency-management-plugin.version: 1.1.7
[DEBUG] derby.version: 10.16.1.1
[DEBUG] ehcache3.version: 3.11.1
[DEBUG] elasticsearch-client.version: 9.2.3
[DEBUG] env.=E:: E:\J2EE\API_ManageDormitory
[DEBUG] env.=EXITCODE: 00000000
[DEBUG] env.ACSETUPSVCPORT: 23210
[DEBUG] env.ALLUSERSPROFILE: C:\ProgramData
[DEBUG] env.ANDROID_HOME: C:\Users\ADMIN\AppData\Local\Android\Sdk
[DEBUG] env.ANTIGRAVITY_AGENT: 1
[DEBUG] env.ANTIGRAVITY_CLI_ALIAS: agy
[DEBUG] env.APPDATA: C:\Users\ADMIN\AppData\Roaming
[DEBUG] env.CHOCOLATEYINSTALL: C:\ProgramData\chocolatey
[DEBUG] env.CHOCOLATEYLASTPATHUPDATE: 133853815615212854
[DEBUG] env.CHROME_CRASHPAD_PIPE_NAME: \\.\pipe\crashpad_3496_JVOAOVWBMAMMDEVU
[DEBUG] env.CLASSWORLDS_JAR: "C:\Users\ADMIN\.m2\wrapper\dists\apache-maven-3.9.12\59fe215c0ad6947fea90184bf7add084544567b927287592651fda3782e0e798\boot\plexus-classworlds-2.9.0.jar"
[DEBUG] env.CLASSWORLDS_LAUNCHER: org.codehaus.plexus.classworlds.launcher.Launcher
[DEBUG] env.COLORTERM: truecolor
[DEBUG] env.COMMONPROGRAMFILES: C:\Program Files\Common Files
[DEBUG] env.COMMONPROGRAMFILES(X86): C:\Program Files (x86)\Common Files
[DEBUG] env.COMMONPROGRAMW6432: C:\Program Files\Common Files
[DEBUG] env.COMPUTERNAME: DESKTOP-BECB9JD
[DEBUG] env.COMSPEC: C:\WINDOWS\system32\cmd.exe
[DEBUG] env.CONFIGSETROOT: C:\WINDOWS\ConfigSetRoot
[DEBUG] env.DRIVERDATA: C:\Windows\System32\Drivers\DriverData
[DEBUG] env.EFC_11204_1262719628: 1
[DEBUG] env.EFC_11204_1592913036: 1
[DEBUG] env.EFC_11204_2283032206: 1
[DEBUG] env.EFC_11204_2775293581: 1
[DEBUG] env.EFC_11204_3789132940: 1
[DEBUG] env.ERROR_CODE: 0
[DEBUG] env.EXEC_DIR: E:\J2EE\API_ManageDormitory
[DEBUG] env.FPS_BROWSER_APP_PROFILE_STRING: Internet Explorer
[DEBUG] env.FPS_BROWSER_USER_PROFILE_STRING: Default
[DEBUG] env.GIT_ASKPASS: d:\Antigravity\resources\app\extensions\git\dist\askpass.sh
[DEBUG] env.HOMEDRIVE: C:
[DEBUG] env.HOMEPATH: \Users\ADMIN
[DEBUG] env.INTERNAL_MAVEN_OPTS: --enable-native-access=ALL-UNNAMED 
[DEBUG] env.JAVACMD: C:\Program Files\Java\jdk-21\bin\java.exe
[DEBUG] env.JAVA_HOME: C:\Program Files\Java\jdk-21
[DEBUG] env.JVMCONFIG: \.mvn\jvm.config
[DEBUG] env.LANG: en_US.UTF-8
[DEBUG] env.LOCALAPPDATA: C:\Users\ADMIN\AppData\Local
[DEBUG] env.LOGONSERVER: \\DESKTOP-BECB9JD
[DEBUG] env.MAVEN_CMD_LINE_ARGS: test -Dtest=SecurityRBACIntegrationTest -e -X
[DEBUG] env.MAVEN_HOME: C:\Users\ADMIN\.m2\wrapper\dists\apache-maven-3.9.12\59fe215c0ad6947fea90184bf7add084544567b927287592651fda3782e0e798
[DEBUG] env.MAVEN_PROJECTBASEDIR: E:\J2EE\API_ManageDormitory
[DEBUG] env.MOZ_PLUGIN_PATH: D:\Foxit PDF Reader\plugins\
[DEBUG] env.NUMBER_OF_PROCESSORS: 16
[DEBUG] env.ONEDRIVE: C:\Users\ADMIN\OneDrive
[DEBUG] env.OS: Windows_NT
[DEBUG] env.PAGER: cat
[DEBUG] env.PATH: D:\flutter\bin\cache\dart-sdk\bin\;C:\Program Files\Common Files\Oracle\Java\javapath;C:\Program Files (x86)\Common Files\Oracle\Java\java8path;C:\Program Files (x86)\Common Files\Oracle\Java\javapath;C:\Windows\system32;C:\Windows;C:\Windows\System32\Wbem;C:\Windows\System32\WindowsPowerShell\v1.0\;C:\Windows\System32\OpenSSH\;C:\Program Files (x86)\NVIDIA Corporation\PhysX\Common;c:\altera\91sp2\quartus\bin;C:\Program Files\Microsoft SQL Server\Client SDK\ODBC\110\Tools\Binn\;C:\Program Files\Microsoft SQL Server\150\Tools\Binn\;C:\Program Files\Microsoft SQL Server\Client SDK\ODBC\170\Tools\Binn\;C:\Program Files\dotnet\;C:\WINDOWS\system32;C:\WINDOWS;C:\WINDOWS\System32\Wbem;C:\WINDOWS\System32\WindowsPowerShell\v1.0\;C:\WINDOWS\System32\OpenSSH\;C:\ProgramData\chocolatey\bin;c:\Users\ADMIN\AppData\Local\Programs\cursor\resources\app\bin;C:\Program Files\NVIDIA Corporation\NVIDIA app\NvDLISR;C:\Program Files\Git\cmd;D:\apache-maven-3.9.11\bin;C:\Program Files\nodejs\;C:\Program Files\k6\;C:\Program Files\Docker\Docker\resources\bin;d:\Trae\bin;C:\Users\ADMIN\AppData\Local\Programs\Python\Python312\Scripts\;C:\Users\ADMIN\AppData\Local\Programs\Python\Python312\;C:\Users\ADMIN\AppData\Local\Programs\Python\Launcher\;C:\Users\ADMIN\AppData\Local\Microsoft\WindowsApps;C:\Users\ADMIN\AppData\Local\Programs\Microsoft VS Code\bin;C:\Program Files\JetBrains\PyCharm 2024.3\bin;C:\Users\ADMIN\.dotnet\tools;C:\Users\ADMIN\AppData\Local\Programs\cursor\resources\app\bin;C:\laragon\bin\php\php-8.1.10-Win32-vs16-x64;C:\Users\ADMIN\AppData\Local\Programs\Windsurf\bin;C:\Users\ADMIN\AppData\Roaming\npm;C:\Users\ADMIN\.dotnet\tools;D:\flutter\bin;C:\Users\ADMIN\Downloads\flutter\bin;C:\Users\ADMIN\AppData\Local\Google\Cloud SDK\google-cloud-sdk\bin;D:\Antigravity\bin;C:\Users\ADMIN\AppData\Local\GitHubDesktop\bin
[DEBUG] env.PATHEXT: .COM;.EXE;.BAT;.CMD;.VBS;.VBE;.JS;.JSE;.WSF;.WSH;.MSC;.CPL
[DEBUG] env.PROCESSOR_ARCHITECTURE: AMD64
[DEBUG] env.PROCESSOR_IDENTIFIER: Intel64 Family 6 Model 154 Stepping 3, GenuineIntel
[DEBUG] env.PROCESSOR_LEVEL: 6
[DEBUG] env.PROCESSOR_REVISION: 9a03
[DEBUG] env.PROGRAMDATA: C:\ProgramData
[DEBUG] env.PROGRAMFILES: C:\Program Files
[DEBUG] env.PROGRAMFILES(X86): C:\Program Files (x86)
[DEBUG] env.PROGRAMW6432: C:\Program Files
[DEBUG] env.PROMPT: $P$G
[DEBUG] env.PSMODULEPATH: C:\Users\ADMIN\OneDrive\Documents\WindowsPowerShell\Modules;C:\Program Files\WindowsPowerShell\Modules;C:\WINDOWS\system32\WindowsPowerShell\v1.0\Modules
[DEBUG] env.PUBLIC: C:\Users\Public
[DEBUG] env.PYCHARM: C:\Program Files\JetBrains\PyCharm 2024.3\bin;
[DEBUG] env.RLSSVCPORT: 22112
[DEBUG] env.SESSIONNAME: Console
[DEBUG] env.SYSTEMDRIVE: C:
[DEBUG] env.SYSTEMROOT: C:\WINDOWS
[DEBUG] env.TEMP: C:\Users\ADMIN\AppData\Local\Temp
[DEBUG] env.TERM_PROGRAM: vscode
[DEBUG] env.TERM_PROGRAM_VERSION: 1.107.0
[DEBUG] env.TMP: C:\Users\ADMIN\AppData\Local\Temp
[DEBUG] env.USERDOMAIN: DESKTOP-BECB9JD
[DEBUG] env.USERDOMAIN_ROAMINGPROFILE: DESKTOP-BECB9JD
[DEBUG] env.USERNAME: ADMIN
[DEBUG] env.USERPROFILE: C:\Users\ADMIN
[DEBUG] env.VSCODE_GIT_ASKPASS_EXTRA_ARGS: 
[DEBUG] env.VSCODE_GIT_ASKPASS_MAIN: d:\Antigravity\resources\app\extensions\git\dist\askpass-main.js
[DEBUG] env.VSCODE_GIT_ASKPASS_NODE: D:\Antigravity\Antigravity.exe
[DEBUG] env.VSCODE_GIT_IPC_HANDLE: \\.\pipe\vscode-git-f6db61b1b6-sock
[DEBUG] env.VSCODE_INJECTION: 1
[DEBUG] env.VSCODE_JDWP_ADAPTER_ENDPOINTS: c:\Users\ADMIN\.antigravity\extensions\vscjava.vscode-java-debug-0.58.5-universal\.noConfigDebugAdapterEndpoints\endpoint-42f1266c902ee802.txt
[DEBUG] env.VSCODE_PYTHON_AUTOACTIVATE_GUARD: 1
[DEBUG] env.WDIR: E:\J2EE\API_ManageDormitory
[DEBUG] env.WINDIR: C:\WINDOWS
[DEBUG] env.ZES_ENABLE_SYSMAN: 1
[DEBUG] env.__MVNW_CMD__: C:\Users\ADMIN/.m2/wrapper/dists/apache-maven-3.9.12/59fe215c0ad6947fea90184bf7add084544567b927287592651fda3782e0e798/bin/mvn.cmd
[DEBUG] file.encoding: UTF-8
[DEBUG] file.separator: \
[DEBUG] flyway.version: 11.14.1
[DEBUG] freemarker.version: 2.3.34
[DEBUG] git-commit-id-maven-plugin.version: 9.0.2
[DEBUG] glassfish-jaxb.version: 4.0.6
[DEBUG] glassfish-jstl.version: 3.0.1
[DEBUG] graphql-java.version: 25.0
[DEBUG] groovy.version: 5.0.3
[DEBUG] gson.version: 2.13.2
[DEBUG] h2.version: 2.4.240
[DEBUG] hamcrest.version: 3.0
[DEBUG] hazelcast.version: 5.5.0
[DEBUG] hibernate-validator.version: 9.0.1.Final
[DEBUG] hibernate.version: 7.2.1.Final
[DEBUG] hikaricp.version: 7.0.2
[DEBUG] hsqldb.version: 2.7.3
[DEBUG] htmlunit.version: 4.17.0
[DEBUG] httpasyncclient.version: 4.1.5
[DEBUG] httpclient5.version: 5.5.2
[DEBUG] httpcore.version: 4.4.16
[DEBUG] httpcore5.version: 5.3.6
[DEBUG] infinispan.version: 15.2.6.Final
[DEBUG] influxdb-java.version: 2.25
[DEBUG] jackson-2-bom.version: 2.20.2
[DEBUG] jackson-bom.version: 3.0.4
[DEBUG] jakarta-activation.version: 2.1.4
[DEBUG] jakarta-annotation.version: 3.0.0
[DEBUG] jakarta-inject.version: 2.0.1
[DEBUG] jakarta-jms.version: 3.1.0
[DEBUG] jakarta-json-bind.version: 3.0.1
[DEBUG] jakarta-json.version: 2.1.3
[DEBUG] jakarta-mail.version: 2.1.5
[DEBUG] jakarta-management.version: 1.1.4
[DEBUG] jakarta-persistence.version: 3.2.0
[DEBUG] jakarta-servlet-jsp-jstl.version: 3.0.2
[DEBUG] jakarta-servlet.version: 6.1.0
[DEBUG] jakarta-transaction.version: 2.0.1
[DEBUG] jakarta-validation.version: 3.1.1
[DEBUG] jakarta-websocket.version: 2.2.0
[DEBUG] jakarta-ws-rs.version: 4.0.0
[DEBUG] jakarta-xml-bind.version: 4.0.4
[DEBUG] jakarta-xml-soap.version: 3.0.2
[DEBUG] jakarta-xml-ws.version: 4.0.2
[DEBUG] janino.version: 3.1.12
[DEBUG] java.class.path: C:\Users\ADMIN\.m2\wrapper\dists\apache-maven-3.9.12\59fe215c0ad6947fea90184bf7add084544567b927287592651fda3782e0e798\boot\plexus-classworlds-2.9.0.jar
[DEBUG] java.class.version: 65.0
[DEBUG] java.home: C:\Program Files\Java\jdk-21
[DEBUG] java.io.tmpdir: C:\Users\ADMIN\AppData\Local\Temp\
[DEBUG] java.library.path: C:\Program Files\Java\jdk-21\bin;C:\WINDOWS\Sun\Java\bin;C:\WINDOWS\system32;C:\WINDOWS;D:\flutter\bin\cache\dart-sdk\bin\;C:\Program Files\Common Files\Oracle\Java\javapath;C:\Program Files (x86)\Common Files\Oracle\Java\java8path;C:\Program Files (x86)\Common Files\Oracle\Java\javapath;C:\Windows\system32;C:\Windows;C:\Windows\System32\Wbem;C:\Windows\System32\WindowsPowerShell\v1.0\;C:\Windows\System32\OpenSSH\;C:\Program Files (x86)\NVIDIA Corporation\PhysX\Common;c:\altera\91sp2\quartus\bin;C:\Program Files\Microsoft SQL Server\Client SDK\ODBC\110\Tools\Binn\;C:\Program Files\Microsoft SQL Server\150\Tools\Binn\;C:\Program Files\Microsoft SQL Server\Client SDK\ODBC\170\Tools\Binn\;C:\Program Files\dotnet\;C:\WINDOWS\system32;C:\WINDOWS;C:\WINDOWS\System32\Wbem;C:\WINDOWS\System32\WindowsPowerShell\v1.0\;C:\WINDOWS\System32\OpenSSH\;C:\ProgramData\chocolatey\bin;c:\Users\ADMIN\AppData\Local\Programs\cursor\resources\app\bin;C:\Program Files\NVIDIA Corporation\NVIDIA app\NvDLISR;C:\Program Files\Git\cmd;D:\apache-maven-3.9.11\bin;C:\Program Files\nodejs\;C:\Program Files\k6\;C:\Program Files\Docker\Docker\resources\bin;d:\Trae\bin;C:\Users\ADMIN\AppData\Local\Programs\Python\Python312\Scripts\;C:\Users\ADMIN\AppData\Local\Programs\Python\Python312\;C:\Users\ADMIN\AppData\Local\Programs\Python\Launcher\;C:\Users\ADMIN\AppData\Local\Microsoft\WindowsApps;C:\Users\ADMIN\AppData\Local\Programs\Microsoft VS Code\bin;C:\Program Files\JetBrains\PyCharm 2024.3\bin;C:\Users\ADMIN\.dotnet\tools;C:\Users\ADMIN\AppData\Local\Programs\cursor\resources\app\bin;C:\laragon\bin\php\php-8.1.10-Win32-vs16-x64;C:\Users\ADMIN\AppData\Local\Programs\Windsurf\bin;C:\Users\ADMIN\AppData\Roaming\npm;C:\Users\ADMIN\.dotnet\tools;D:\flutter\bin;C:\Users\ADMIN\Downloads\flutter\bin;C:\Users\ADMIN\AppData\Local\Google\Cloud SDK\google-cloud-sdk\bin;D:\Antigravity\bin;C:\Users\ADMIN\AppData\Local\GitHubDesktop\bin;.
[DEBUG] java.runtime.name: Java(TM) SE Runtime Environment
[DEBUG] java.runtime.version: 21.0.7+8-LTS-245
[DEBUG] java.specification.name: Java Platform API Specification
[DEBUG] java.specification.vendor: Oracle Corporation
[DEBUG] java.specification.version: 21
[DEBUG] java.vendor: Oracle Corporation
[DEBUG] java.vendor.url: https://java.oracle.com/
[DEBUG] java.vendor.url.bug: https://bugreport.java.com/bugreport/
[DEBUG] java.version: 21.0.7
[DEBUG] java.version.date: 2025-04-15
[DEBUG] java.vm.compressedOopsMode: Zero based
[DEBUG] java.vm.info: mixed mode, sharing
[DEBUG] java.vm.name: Java HotSpot(TM) 64-Bit Server VM
[DEBUG] java.vm.specification.name: Java Virtual Machine Specification
[DEBUG] java.vm.specification.vendor: Oracle Corporation
[DEBUG] java.vm.specification.version: 21
[DEBUG] java.vm.vendor: Oracle Corporation
[DEBUG] java.vm.version: 21.0.7+8-LTS-245
[DEBUG] javax-cache.version: 1.1.1
[DEBUG] javax-money.version: 1.1
[DEBUG] jaxen.version: 2.0.0
[DEBUG] jaybird.version: 6.0.3
[DEBUG] jboss-logging.version: 3.6.1.Final
[DEBUG] jdk.debug: release
[DEBUG] jdom2.version: 2.0.6.1
[DEBUG] jedis.version: 7.0.0
[DEBUG] jersey.version: 4.0.0
[DEBUG] jetty-reactive-httpclient.version: 4.1.4
[DEBUG] jetty.version: 12.1.5
[DEBUG] jmustache.version: 1.16
[DEBUG] jooq.version: 3.19.29
[DEBUG] json-path.version: 2.10.0
[DEBUG] json-smart.version: 2.6.0
[DEBUG] jsonassert.version: 1.5.3
[DEBUG] jspecify.version: 1.0.0
[DEBUG] jtds.version: 1.3.1
[DEBUG] junit-jupiter.version: 6.0.2
[DEBUG] junit.version: 4.13.2
[DEBUG] kafka.version: 4.1.1
[DEBUG] kotlin-coroutines.version: 1.10.2
[DEBUG] kotlin-serialization.version: 1.9.0
[DEBUG] kotlin.version: 2.2.21
[DEBUG] lettuce.version: 6.8.2.RELEASE
[DEBUG] library.jansi.path: C:\Users\ADMIN\.m2\wrapper\dists\apache-maven-3.9.12\59fe215c0ad6947fea90184bf7add084544567b927287592651fda3782e0e798\lib\jansi-native
[DEBUG] line.separator: 

[DEBUG] liquibase.version: 5.0.1
[DEBUG] log4j2.version: 2.25.3
[DEBUG] logback.version: 1.5.25
[DEBUG] lombok.version: 1.18.42
[DEBUG] mariadb.version: 3.5.7
[DEBUG] maven-antrun-plugin.version: 3.2.0
[DEBUG] maven-assembly-plugin.version: 3.7.1
[DEBUG] maven-clean-plugin.version: 3.5.0
[DEBUG] maven-compiler-plugin.version: 3.14.1
[DEBUG] maven-dependency-plugin.version: 3.9.0
[DEBUG] maven-deploy-plugin.version: 3.1.4
[DEBUG] maven-enforcer-plugin.version: 3.6.2
[DEBUG] maven-failsafe-plugin.version: 3.5.4
[DEBUG] maven-help-plugin.version: 3.5.1
[DEBUG] maven-install-plugin.version: 3.1.4
[DEBUG] maven-invoker-plugin.version: 3.9.1
[DEBUG] maven-jar-plugin.version: 3.4.2
[DEBUG] maven-javadoc-plugin.version: 3.12.0
[DEBUG] maven-resources-plugin.version: 3.3.1
[DEBUG] maven-shade-plugin.version: 3.6.1
[DEBUG] maven-source-plugin.version: 3.3.1
[DEBUG] maven-surefire-plugin.version: 3.5.4
[DEBUG] maven-war-plugin.version: 3.4.0
[DEBUG] maven.build.timestamp: 2026-03-19T04:53:22Z
[DEBUG] maven.build.version: Apache Maven 3.9.12 (848fbb4bf2d427b72bdb2471c22fced7ebd9a7a1)
[DEBUG] maven.compiler.release: 21
[DEBUG] maven.conf: C:\Users\ADMIN\.m2\wrapper\dists\apache-maven-3.9.12\59fe215c0ad6947fea90184bf7add084544567b927287592651fda3782e0e798/conf
[DEBUG] maven.home: C:\Users\ADMIN\.m2\wrapper\dists\apache-maven-3.9.12\59fe215c0ad6947fea90184bf7add084544567b927287592651fda3782e0e798
[DEBUG] maven.multiModuleProjectDirectory: E:\J2EE\API_ManageDormitory
[DEBUG] maven.version: 3.9.12
[DEBUG] micrometer-tracing.version: 1.6.2
[DEBUG] micrometer.version: 1.16.2
[DEBUG] mockito.version: 5.20.0
[DEBUG] mongodb.version: 5.6.2
[DEBUG] mssql-jdbc.version: 13.2.1.jre11
[DEBUG] mysql.version: 9.5.0
[DEBUG] native-build-tools-plugin.version: 0.11.4
[DEBUG] native.encoding: Cp1252
[DEBUG] nekohtml.version: 1.9.22
[DEBUG] neo4j-java-driver.version: 6.0.2
[DEBUG] netty.version: 4.2.9.Final
[DEBUG] opentelemetry.version: 1.55.0
[DEBUG] oracle-database.version: 23.9.0.25.07
[DEBUG] oracle-r2dbc.version: 1.3.0
[DEBUG] os.arch: amd64
[DEBUG] os.name: Windows 11
[DEBUG] os.version: 10.0
[DEBUG] path.separator: ;
[DEBUG] pooled-jms.version: 3.1.9
[DEBUG] postgresql.version: 42.7.9
[DEBUG] project.baseUri: file:/E:/J2EE/API_ManageDormitory/
[DEBUG] project.build.sourceEncoding: UTF-8
[DEBUG] project.reporting.outputEncoding: UTF-8
[DEBUG] prometheus-client.version: 1.4.3
[DEBUG] prometheus-simpleclient.version: 0.16.0
[DEBUG] pulsar.version: 4.1.2
[DEBUG] quartz.version: 2.5.2
[DEBUG] querydsl.version: 5.1.0
[DEBUG] r2dbc-h2.version: 1.1.0.RELEASE
[DEBUG] r2dbc-mariadb.version: 1.3.0
[DEBUG] r2dbc-mssql.version: 1.0.4.RELEASE
[DEBUG] r2dbc-mysql.version: 1.4.1
[DEBUG] r2dbc-pool.version: 1.0.2.RELEASE
[DEBUG] r2dbc-postgresql.version: 1.1.1.RELEASE
[DEBUG] r2dbc-proxy.version: 1.1.6.RELEASE
[DEBUG] r2dbc-spi.version: 1.0.0.RELEASE
[DEBUG] rabbit-amqp-client.version: 5.27.1
[DEBUG] rabbit-stream-client.version: 0.23.0
[DEBUG] reactive-streams.version: 1.0.4
[DEBUG] reactor-bom.version: 2025.0.2
[DEBUG] resource.delimiter: @
[DEBUG] rsocket.version: 1.1.5
[DEBUG] rxjava3.version: 3.1.12
[DEBUG] saaj-impl.version: 3.0.4
[DEBUG] selenium-htmlunit.version: 4.36.1
[DEBUG] selenium.version: 4.37.0
[DEBUG] sendgrid.version: 4.10.3
[DEBUG] slf4j.version: 2.0.17
[DEBUG] snakeyaml.version: 2.5
[DEBUG] spring-amqp.version: 4.0.2
[DEBUG] spring-batch.version: 6.0.2
[DEBUG] spring-boot.run.main-class: ${start-class}
[DEBUG] spring-data-bom.version: 2025.1.2
[DEBUG] spring-framework.version: 7.0.3
[DEBUG] spring-graphql.version: 2.0.2
[DEBUG] spring-hateoas.version: 3.0.2
[DEBUG] spring-integration.version: 7.0.2
[DEBUG] spring-kafka.version: 4.0.2
[DEBUG] spring-ldap.version: 4.0.1
[DEBUG] spring-pulsar.version: 2.0.2
[DEBUG] spring-restdocs.version: 4.0.0
[DEBUG] spring-security.version: 7.0.2
[DEBUG] spring-session.version: 4.0.1
[DEBUG] spring-ws.version: 5.0.0
[DEBUG] sqlite-jdbc.version: 3.50.3.0
[DEBUG] stderr.encoding: cp437
[DEBUG] stdout.encoding: Cp1252
[DEBUG] sun.arch.data.model: 64
[DEBUG] sun.boot.library.path: C:\Program Files\Java\jdk-21\bin
[DEBUG] sun.cpu.endian: little
[DEBUG] sun.cpu.isalist: amd64
[DEBUG] sun.io.unicode.encoding: UnicodeLittle
[DEBUG] sun.java.command: org.codehaus.plexus.classworlds.launcher.Launcher test -Dtest=SecurityRBACIntegrationTest -e -X
[DEBUG] sun.java.launcher: SUN_STANDARD
[DEBUG] sun.jnu.encoding: Cp1252
[DEBUG] sun.management.compiler: HotSpot 64-Bit Tiered Compilers
[DEBUG] sun.os.patch.level: 
[DEBUG] test: SecurityRBACIntegrationTest
[DEBUG] testcontainers-redis-module.version: 2.2.4
[DEBUG] testcontainers.version: 2.0.3
[DEBUG] thymeleaf-extras-data-attribute.version: 2.0.1
[DEBUG] thymeleaf-extras-springsecurity.version: 3.1.3.RELEASE
[DEBUG] thymeleaf-layout-dialect.version: 3.4.0
[DEBUG] thymeleaf.version: 3.1.3.RELEASE
[DEBUG] tomcat.version: 11.0.15
[DEBUG] unboundid-ldapsdk.version: 7.0.4
[DEBUG] user.country: US
[DEBUG] user.dir: E:\J2EE\API_ManageDormitory
[DEBUG] user.home: C:\Users\ADMIN
[DEBUG] user.language: en
[DEBUG] user.name: ADMIN
[DEBUG] user.script: 
[DEBUG] user.variant: 
[DEBUG] versions-maven-plugin.version: 2.19.1
[DEBUG] vibur.version: 26.0
[DEBUG] webjars-locator-core.version: 0.59
[DEBUG] webjars-locator-lite.version: 1.1.3
[DEBUG] wsdl4j.version: 1.6.3
[DEBUG] xml-maven-plugin.version: 1.2.1
[DEBUG] xmlunit2.version: 2.10.4
[DEBUG] yasson.version: 3.0.4
[DEBUG] zipkin-reporter.version: 3.5.1
[DEBUG] Using 'UTF-8' encoding to copy filtered resources.
[DEBUG] Using 'UTF-8' encoding to copy filtered properties files.
[DEBUG] resource with targetPath null
directory E:\J2EE\API_ManageDormitory\src\main\resources
excludes []
includes [**/application*.yml, **/application*.yaml, **/application*.properties]
[DEBUG] ignoreDelta true
[INFO] Copying 1 resource from src\main\resources to target\classes
[DEBUG] Copying file application.yml
[DEBUG] file application.yml has a filtered file extension
[DEBUG] Using 'UTF-8' encoding to copy filtered resource 'application.yml'.
[DEBUG] filtering E:\J2EE\API_ManageDormitory\src\main\resources\application.yml to E:\J2EE\API_ManageDormitory\target\classes\application.yml
[DEBUG] resource with targetPath null
directory E:\J2EE\API_ManageDormitory\src\main\resources
excludes [**/application*.yml, **/application*.yaml, **/application*.properties]
includes []
[DEBUG] ignoreDelta true
[INFO] Copying 9 resources from src\main\resources to target\classes
[DEBUG] Copying file 2149_strategic_consulting\ABOUT THIS TEMPLATE.txt
[DEBUG] file ABOUT THIS TEMPLATE.txt has a filtered file extension
[DEBUG] Using 'UTF-8' encoding to copy filtered resource 'ABOUT THIS TEMPLATE.txt'.
[DEBUG] copy E:\J2EE\API_ManageDormitory\src\main\resources\2149_strategic_consulting\ABOUT THIS TEMPLATE.txt to E:\J2EE\API_ManageDormitory\target\classes\2149_strategic_consulting\ABOUT THIS TEMPLATE.txt
[DEBUG] Copying file 2149_strategic_consulting\images\about-image-01.jpg
[DEBUG] file about-image-01.jpg has a non filtered file extension
[DEBUG] Using 'UTF-8' encoding to copy filtered resource 'about-image-01.jpg'.
[DEBUG] copy E:\J2EE\API_ManageDormitory\src\main\resources\2149_strategic_consulting\images\about-image-01.jpg to E:\J2EE\API_ManageDormitory\target\classes\2149_strategic_consulting\images\about-image-01.jpg
[DEBUG] Copying file 2149_strategic_consulting\images\team-member-01.jpg
[DEBUG] file team-member-01.jpg has a non filtered file extension
[DEBUG] Using 'UTF-8' encoding to copy filtered resource 'team-member-01.jpg'.
[DEBUG] copy E:\J2EE\API_ManageDormitory\src\main\resources\2149_strategic_consulting\images\team-member-01.jpg to E:\J2EE\API_ManageDormitory\target\classes\2149_strategic_consulting\images\team-member-01.jpg
[DEBUG] Copying file 2149_strategic_consulting\images\team-member-02.jpg
[DEBUG] file team-member-02.jpg has a non filtered file extension
[DEBUG] Using 'UTF-8' encoding to copy filtered resource 'team-member-02.jpg'.
[DEBUG] copy E:\J2EE\API_ManageDormitory\src\main\resources\2149_strategic_consulting\images\team-member-02.jpg to E:\J2EE\API_ManageDormitory\target\classes\2149_strategic_consulting\images\team-member-02.jpg
[DEBUG] Copying file 2149_strategic_consulting\images\team-member-03.jpg
[DEBUG] file team-member-03.jpg has a non filtered file extension
[DEBUG] Using 'UTF-8' encoding to copy filtered resource 'team-member-03.jpg'.
[DEBUG] copy E:\J2EE\API_ManageDormitory\src\main\resources\2149_strategic_consulting\images\team-member-03.jpg to E:\J2EE\API_ManageDormitory\target\classes\2149_strategic_consulting\images\team-member-03.jpg
[DEBUG] Copying file 2149_strategic_consulting\index.html
[DEBUG] file index.html has a filtered file extension
[DEBUG] Using 'UTF-8' encoding to copy filtered resource 'index.html'.
[DEBUG] copy E:\J2EE\API_ManageDormitory\src\main\resources\2149_strategic_consulting\index.html to E:\J2EE\API_ManageDormitory\target\classes\2149_strategic_consulting\index.html
[DEBUG] Copying file 2149_strategic_consulting\tooplate-strategic-scripts.js
[DEBUG] file tooplate-strategic-scripts.js has a filtered file extension
[DEBUG] Using 'UTF-8' encoding to copy filtered resource 'tooplate-strategic-scripts.js'.
[DEBUG] copy E:\J2EE\API_ManageDormitory\src\main\resources\2149_strategic_consulting\tooplate-strategic-scripts.js to E:\J2EE\API_ManageDormitory\target\classes\2149_strategic_consulting\tooplate-strategic-scripts.js
[DEBUG] Copying file 2149_strategic_consulting\tooplate-strategic-style.css
[DEBUG] file tooplate-strategic-style.css has a filtered file extension
[DEBUG] Using 'UTF-8' encoding to copy filtered resource 'tooplate-strategic-style.css'.
[DEBUG] copy E:\J2EE\API_ManageDormitory\src\main\resources\2149_strategic_consulting\tooplate-strategic-style.css to E:\J2EE\API_ManageDormitory\target\classes\2149_strategic_consulting\tooplate-strategic-style.css
[DEBUG] Copying file cert\isrgrootx1.pem
[DEBUG] file isrgrootx1.pem has a filtered file extension
[DEBUG] Using 'UTF-8' encoding to copy filtered resource 'isrgrootx1.pem'.
[DEBUG] copy E:\J2EE\API_ManageDormitory\src\main\resources\cert\isrgrootx1.pem to E:\J2EE\API_ManageDormitory\target\classes\cert\isrgrootx1.pem
[DEBUG] no user filter components
[INFO] 
[INFO] --- compiler:3.14.1:compile (default-compile) @ API_ManageDormitory ---
[DEBUG] Dependency collection stats {ConflictMarker.analyzeTime=59400, ConflictMarker.markTime=15500, ConflictMarker.nodeCount=23, ConflictIdSorter.graphTime=24500, ConflictIdSorter.topsortTime=12300, ConflictIdSorter.conflictIdCount=14, ConflictIdSorter.conflictIdCycleCount=0, ConflictResolver.totalTime=199200, ConflictResolver.conflictItemCount=23, DfDependencyCollector.collectTime=55178500, DfDependencyCollector.transformTime=324900}
[DEBUG] org.apache.maven.plugins:maven-compiler-plugin:jar:3.14.1
[DEBUG]    org.ow2.asm:asm:jar:9.8:compile
[DEBUG]    org.apache.maven.shared:maven-shared-utils:jar:3.4.2:compile
[DEBUG]       org.slf4j:slf4j-api:jar:1.7.36:compile
[DEBUG]       commons-io:commons-io:jar:2.11.0:compile
[DEBUG]    org.apache.maven.shared:maven-shared-incremental:jar:1.1:compile
[DEBUG]    org.codehaus.plexus:plexus-java:jar:1.5.0:compile
[DEBUG]       com.thoughtworks.qdox:qdox:jar:2.2.0:compile
[DEBUG]    org.codehaus.plexus:plexus-compiler-api:jar:2.15.0:compile
[DEBUG]    org.codehaus.plexus:plexus-compiler-manager:jar:2.15.0:compile
[DEBUG]       javax.inject:javax.inject:jar:1:compile
[DEBUG]       org.codehaus.plexus:plexus-xml:jar:3.0.1:compile (version managed from default)
[DEBUG]    org.codehaus.plexus:plexus-compiler-javac:jar:2.15.0:runtime
[DEBUG]    org.codehaus.plexus:plexus-utils:jar:4.0.2:compile
[DEBUG] Created new class realm plugin>org.apache.maven.plugins:maven-compiler-plugin:3.14.1
[DEBUG] Importing foreign packages into class realm plugin>org.apache.maven.plugins:maven-compiler-plugin:3.14.1
[DEBUG]   Imported:  < maven.api
[DEBUG] Populating class realm plugin>org.apache.maven.plugins:maven-compiler-plugin:3.14.1
[DEBUG]   Included: org.apache.maven.plugins:maven-compiler-plugin:jar:3.14.1
[DEBUG]   Included: org.ow2.asm:asm:jar:9.8
[DEBUG]   Included: org.apache.maven.shared:maven-shared-utils:jar:3.4.2
[DEBUG]   Included: commons-io:commons-io:jar:2.11.0
[DEBUG]   Included: org.apache.maven.shared:maven-shared-incremental:jar:1.1
[DEBUG]   Included: org.codehaus.plexus:plexus-java:jar:1.5.0
[DEBUG]   Included: com.thoughtworks.qdox:qdox:jar:2.2.0
[DEBUG]   Included: org.codehaus.plexus:plexus-compiler-api:jar:2.15.0
[DEBUG]   Included: org.codehaus.plexus:plexus-compiler-manager:jar:2.15.0
[DEBUG]   Included: org.codehaus.plexus:plexus-xml:jar:3.0.1
[DEBUG]   Included: org.codehaus.plexus:plexus-compiler-javac:jar:2.15.0
[DEBUG]   Included: org.codehaus.plexus:plexus-utils:jar:4.0.2
[DEBUG] Loading mojo org.apache.maven.plugins:maven-compiler-plugin:3.14.1:compile from plugin realm ClassRealm[plugin>org.apache.maven.plugins:maven-compiler-plugin:3.14.1, parent: jdk.internal.loader.ClassLoaders$AppClassLoader@33909752]
[DEBUG] Configuring mojo execution 'org.apache.maven.plugins:maven-compiler-plugin:3.14.1:compile:default-compile' with basic configurator -->
[DEBUG]   (s) groupId = org.projectlombok
[DEBUG]   (s) artifactId = lombok
[DEBUG]   (f) annotationProcessorPaths = [org.projectlombok:lombok.jar]
[DEBUG]   (f) annotationProcessorPathsUseDepMgmt = false
[DEBUG]   (f) basedir = E:\J2EE\API_ManageDormitory
[DEBUG]   (f) buildDirectory = E:\J2EE\API_ManageDormitory\target
[DEBUG]   (f) compilePath = [E:\J2EE\API_ManageDormitory\target\classes, C:\Users\ADMIN\.m2\repository\org\springframework\boot\spring-boot-starter-data-jpa\4.0.2\spring-boot-starter-data-jpa-4.0.2.jar, C:\Users\ADMIN\.m2\repository\org\springframework\boot\spring-boot-starter\4.0.2\spring-boot-starter-4.0.2.jar, C:\Users\ADMIN\.m2\repository\org\springframework\boot\spring-boot-starter-logging\4.0.2\spring-boot-starter-logging-4.0.2.jar, C:\Users\ADMIN\.m2\repository\ch\qos\logback\logback-classic\1.5.25\logback-classic-1.5.25.jar, C:\Users\ADMIN\.m2\repository\ch\qos\logback\logback-core\1.5.25\logback-core-1.5.25.jar, C:\Users\ADMIN\.m2\repository\org\apache\logging\log4j\log4j-to-slf4j\2.25.3\log4j-to-slf4j-2.25.3.jar, C:\Users\ADMIN\.m2\repository\org\slf4j\jul-to-slf4j\2.0.17\jul-to-slf4j-2.0.17.jar, C:\Users\ADMIN\.m2\repository\jakarta\annotation\jakarta.annotation-api\3.0.0\jakarta.annotation-api-3.0.0.jar, C:\Users\ADMIN\.m2\repository\org\yaml\snakeyaml\2.5\snakeyaml-2.5.jar, C:\Users\ADMIN\.m2\repository\org\springframework\boot\spring-boot-starter-jdbc\4.0.2\spring-boot-starter-jdbc-4.0.2.jar, C:\Users\ADMIN\.m2\repository\com\zaxxer\HikariCP\7.0.2\HikariCP-7.0.2.jar, C:\Users\ADMIN\.m2\repository\org\springframework\boot\spring-boot-data-jpa\4.0.2\spring-boot-data-jpa-4.0.2.jar, C:\Users\ADMIN\.m2\repository\org\springframework\boot\spring-boot-data-commons\4.0.2\spring-boot-data-commons-4.0.2.jar, C:\Users\ADMIN\.m2\repository\org\springframework\boot\spring-boot-persistence\4.0.2\spring-boot-persistence-4.0.2.jar, C:\Users\ADMIN\.m2\repository\org\springframework\data\spring-data-commons\4.0.2\spring-data-commons-4.0.2.jar, C:\Users\ADMIN\.m2\repository\org\springframework\boot\spring-boot-hibernate\4.0.2\spring-boot-hibernate-4.0.2.jar, C:\Users\ADMIN\.m2\repository\org\springframework\boot\spring-boot-jpa\4.0.2\spring-boot-jpa-4.0.2.jar, C:\Users\ADMIN\.m2\repository\jakarta\persistence\jakarta.persistence-api\3.2.0\jakarta.persistence-api-3.2.0.jar, C:\Users\ADMIN\.m2\repository\org\hibernate\orm\hibernate-core\7.2.1.Final\hibernate-core-7.2.1.Final.jar, C:\Users\ADMIN\.m2\repository\jakarta\transaction\jakarta.transaction-api\2.0.1\jakarta.transaction-api-2.0.1.jar, C:\Users\ADMIN\.m2\repository\org\springframework\spring-orm\7.0.3\spring-orm-7.0.3.jar, C:\Users\ADMIN\.m2\repository\org\springframework\data\spring-data-jpa\4.0.2\spring-data-jpa-4.0.2.jar, C:\Users\ADMIN\.m2\repository\org\springframework\spring-tx\7.0.3\spring-tx-7.0.3.jar, C:\Users\ADMIN\.m2\repository\org\antlr\antlr4-runtime\4.13.2\antlr4-runtime-4.13.2.jar, C:\Users\ADMIN\.m2\repository\org\springframework\spring-aspects\7.0.3\spring-aspects-7.0.3.jar, C:\Users\ADMIN\.m2\repository\org\aspectj\aspectjweaver\1.9.25.1\aspectjweaver-1.9.25.1.jar, C:\Users\ADMIN\.m2\repository\org\springframework\boot\spring-boot-jdbc\4.0.2\spring-boot-jdbc-4.0.2.jar, C:\Users\ADMIN\.m2\repository\org\springframework\boot\spring-boot-sql\4.0.2\spring-boot-sql-4.0.2.jar, C:\Users\ADMIN\.m2\repository\org\springframework\boot\spring-boot-transaction\4.0.2\spring-boot-transaction-4.0.2.jar, C:\Users\ADMIN\.m2\repository\org\springframework\spring-jdbc\7.0.3\spring-jdbc-7.0.3.jar, C:\Users\ADMIN\.m2\repository\org\springframework\boot\spring-boot-starter-security\4.0.2\spring-boot-starter-security-4.0.2.jar, C:\Users\ADMIN\.m2\repository\org\springframework\boot\spring-boot-security\4.0.2\spring-boot-security-4.0.2.jar, C:\Users\ADMIN\.m2\repository\org\springframework\security\spring-security-config\7.0.2\spring-security-config-7.0.2.jar, C:\Users\ADMIN\.m2\repository\org\springframework\security\spring-security-core\7.0.2\spring-security-core-7.0.2.jar, C:\Users\ADMIN\.m2\repository\org\springframework\security\spring-security-crypto\7.0.2\spring-security-crypto-7.0.2.jar, C:\Users\ADMIN\.m2\repository\org\springframework\security\spring-security-web\7.0.2\spring-security-web-7.0.2.jar, C:\Users\ADMIN\.m2\repository\org\springframework\spring-expression\7.0.3\spring-expression-7.0.3.jar, C:\Users\ADMIN\.m2\repository\org\springframework\spring-aop\7.0.3\spring-aop-7.0.3.jar, C:\Users\ADMIN\.m2\repository\org\springframework\spring-beans\7.0.3\spring-beans-7.0.3.jar, C:\Users\ADMIN\.m2\repository\org\springframework\boot\spring-boot-starter-validation\4.0.2\spring-boot-starter-validation-4.0.2.jar, C:\Users\ADMIN\.m2\repository\org\springframework\boot\spring-boot-validation\4.0.2\spring-boot-validation-4.0.2.jar, C:\Users\ADMIN\.m2\repository\org\apache\tomcat\embed\tomcat-embed-el\11.0.15\tomcat-embed-el-11.0.15.jar, C:\Users\ADMIN\.m2\repository\org\hibernate\validator\hibernate-validator\9.0.1.Final\hibernate-validator-9.0.1.Final.jar, C:\Users\ADMIN\.m2\repository\jakarta\validation\jakarta.validation-api\3.1.1\jakarta.validation-api-3.1.1.jar, C:\Users\ADMIN\.m2\repository\org\jboss\logging\jboss-logging\3.6.1.Final\jboss-logging-3.6.1.Final.jar, C:\Users\ADMIN\.m2\repository\com\fasterxml\classmate\1.7.3\classmate-1.7.3.jar, C:\Users\ADMIN\.m2\repository\org\springframework\boot\spring-boot-starter-webmvc\4.0.2\spring-boot-starter-webmvc-4.0.2.jar, C:\Users\ADMIN\.m2\repository\org\springframework\boot\spring-boot-starter-jackson\4.0.2\spring-boot-starter-jackson-4.0.2.jar, C:\Users\ADMIN\.m2\repository\org\springframework\boot\spring-boot-jackson\4.0.2\spring-boot-jackson-4.0.2.jar, C:\Users\ADMIN\.m2\repository\tools\jackson\core\jackson-databind\3.0.4\jackson-databind-3.0.4.jar, C:\Users\ADMIN\.m2\repository\tools\jackson\core\jackson-core\3.0.4\jackson-core-3.0.4.jar, C:\Users\ADMIN\.m2\repository\org\springframework\boot\spring-boot-starter-tomcat\4.0.2\spring-boot-starter-tomcat-4.0.2.jar, C:\Users\ADMIN\.m2\repository\org\springframework\boot\spring-boot-starter-tomcat-runtime\4.0.2\spring-boot-starter-tomcat-runtime-4.0.2.jar, C:\Users\ADMIN\.m2\repository\org\springframework\boot\spring-boot-web-server\4.0.2\spring-boot-web-server-4.0.2.jar, C:\Users\ADMIN\.m2\repository\org\apache\tomcat\embed\tomcat-embed-core\11.0.15\tomcat-embed-core-11.0.15.jar, C:\Users\ADMIN\.m2\repository\org\apache\tomcat\embed\tomcat-embed-websocket\11.0.15\tomcat-embed-websocket-11.0.15.jar, C:\Users\ADMIN\.m2\repository\org\springframework\boot\spring-boot-tomcat\4.0.2\spring-boot-tomcat-4.0.2.jar, C:\Users\ADMIN\.m2\repository\org\springframework\boot\spring-boot-http-converter\4.0.2\spring-boot-http-converter-4.0.2.jar, C:\Users\ADMIN\.m2\repository\org\springframework\spring-web\7.0.3\spring-web-7.0.3.jar, C:\Users\ADMIN\.m2\repository\io\micrometer\micrometer-observation\1.16.2\micrometer-observation-1.16.2.jar, C:\Users\ADMIN\.m2\repository\io\micrometer\micrometer-commons\1.16.2\micrometer-commons-1.16.2.jar, C:\Users\ADMIN\.m2\repository\org\springframework\boot\spring-boot-webmvc\4.0.2\spring-boot-webmvc-4.0.2.jar, C:\Users\ADMIN\.m2\repository\org\springframework\boot\spring-boot-servlet\4.0.2\spring-boot-servlet-4.0.2.jar, C:\Users\ADMIN\.m2\repository\org\springframework\spring-webmvc\7.0.3\spring-webmvc-7.0.3.jar, C:\Users\ADMIN\.m2\repository\org\springframework\boot\spring-boot-starter-mail\4.0.2\spring-boot-starter-mail-4.0.2.jar, C:\Users\ADMIN\.m2\repository\org\springframework\boot\spring-boot-mail\4.0.2\spring-boot-mail-4.0.2.jar, C:\Users\ADMIN\.m2\repository\org\springframework\spring-context-support\7.0.3\spring-context-support-7.0.3.jar, C:\Users\ADMIN\.m2\repository\jakarta\mail\jakarta.mail-api\2.1.5\jakarta.mail-api-2.1.5.jar, C:\Users\ADMIN\.m2\repository\org\springframework\boot\spring-boot\4.0.2\spring-boot-4.0.2.jar, C:\Users\ADMIN\.m2\repository\org\springframework\spring-context\7.0.3\spring-context-7.0.3.jar, C:\Users\ADMIN\.m2\repository\org\springframework\boot\spring-boot-autoconfigure\4.0.2\spring-boot-autoconfigure-4.0.2.jar, C:\Users\ADMIN\.m2\repository\io\jsonwebtoken\jjwt-api\0.11.5\jjwt-api-0.11.5.jar, C:\Users\ADMIN\.m2\repository\com\fasterxml\jackson\core\jackson-databind\2.20.2\jackson-databind-2.20.2.jar, C:\Users\ADMIN\.m2\repository\com\fasterxml\jackson\core\jackson-annotations\2.20\jackson-annotations-2.20.jar, C:\Users\ADMIN\.m2\repository\com\fasterxml\jackson\core\jackson-core\2.20.2\jackson-core-2.20.2.jar, C:\Users\ADMIN\.m2\repository\com\nimbusds\nimbus-jose-jwt\9.30.1\nimbus-jose-jwt-9.30.1.jar, C:\Users\ADMIN\.m2\repository\com\github\stephenc\jcip\jcip-annotations\1.0-1\jcip-annotations-1.0-1.jar, C:\Users\ADMIN\.m2\repository\org\projectlombok\lombok\1.18.42\lombok-1.18.42.jar, C:\Users\ADMIN\.m2\repository\org\springframework\boot\spring-boot-starter-oauth2-resource-server\4.0.2\spring-boot-starter-oauth2-resource-server-4.0.2.jar, C:\Users\ADMIN\.m2\repository\org\springframework\boot\spring-boot-security-oauth2-resource-server\4.0.2\spring-boot-security-oauth2-resource-server-4.0.2.jar, C:\Users\ADMIN\.m2\repository\org\springframework\security\spring-security-oauth2-jose\7.0.2\spring-security-oauth2-jose-7.0.2.jar, C:\Users\ADMIN\.m2\repository\org\springframework\security\spring-security-oauth2-core\7.0.2\spring-security-oauth2-core-7.0.2.jar, C:\Users\ADMIN\.m2\repository\org\springframework\security\spring-security-oauth2-resource-server\7.0.2\spring-security-oauth2-resource-server-7.0.2.jar, C:\Users\ADMIN\.m2\repository\com\cloudinary\cloudinary-http44\1.36.0\cloudinary-http44-1.36.0.jar, C:\Users\ADMIN\.m2\repository\com\cloudinary\cloudinary-core\1.36.0\cloudinary-core-1.36.0.jar, C:\Users\ADMIN\.m2\repository\org\apache\commons\commons-lang3\3.19.0\commons-lang3-3.19.0.jar, C:\Users\ADMIN\.m2\repository\org\apache\httpcomponents\httpclient\4.4\httpclient-4.4.jar, C:\Users\ADMIN\.m2\repository\org\apache\httpcomponents\httpcore\4.4.16\httpcore-4.4.16.jar, C:\Users\ADMIN\.m2\repository\commons-logging\commons-logging\1.3.5\commons-logging-1.3.5.jar, C:\Users\ADMIN\.m2\repository\commons-codec\commons-codec\1.19.0\commons-codec-1.19.0.jar, C:\Users\ADMIN\.m2\repository\org\apache\httpcomponents\httpmime\4.4\httpmime-4.4.jar, C:\Users\ADMIN\.m2\repository\org\apache\poi\poi-ooxml\5.2.3\poi-ooxml-5.2.3.jar, C:\Users\ADMIN\.m2\repository\org\apache\poi\poi\5.2.3\poi-5.2.3.jar, C:\Users\ADMIN\.m2\repository\org\apache\commons\commons-math3\3.6.1\commons-math3-3.6.1.jar, C:\Users\ADMIN\.m2\repository\com\zaxxer\SparseBitSet\1.2\SparseBitSet-1.2.jar, C:\Users\ADMIN\.m2\repository\org\apache\poi\poi-ooxml-lite\5.2.3\poi-ooxml-lite-5.2.3.jar, C:\Users\ADMIN\.m2\repository\org\apache\xmlbeans\xmlbeans\5.1.1\xmlbeans-5.1.1.jar, C:\Users\ADMIN\.m2\repository\org\apache\commons\commons-compress\1.21\commons-compress-1.21.jar, C:\Users\ADMIN\.m2\repository\commons-io\commons-io\2.11.0\commons-io-2.11.0.jar, C:\Users\ADMIN\.m2\repository\com\github\virtuald\curvesapi\1.07\curvesapi-1.07.jar, C:\Users\ADMIN\.m2\repository\org\apache\logging\log4j\log4j-api\2.25.3\log4j-api-2.25.3.jar, C:\Users\ADMIN\.m2\repository\org\apache\commons\commons-collections4\4.4\commons-collections4-4.4.jar, C:\Users\ADMIN\.m2\repository\org\slf4j\slf4j-api\2.0.17\slf4j-api-2.0.17.jar, C:\Users\ADMIN\.m2\repository\jakarta\xml\bind\jakarta.xml.bind-api\4.0.4\jakarta.xml.bind-api-4.0.4.jar, C:\Users\ADMIN\.m2\repository\jakarta\activation\jakarta.activation-api\2.1.4\jakarta.activation-api-2.1.4.jar, C:\Users\ADMIN\.m2\repository\org\springframework\spring-core\7.0.3\spring-core-7.0.3.jar, C:\Users\ADMIN\.m2\repository\org\jspecify\jspecify\1.0.0\jspecify-1.0.0.jar, C:\Users\ADMIN\.m2\repository\org\springdoc\springdoc-openapi-starter-webmvc-ui\2.8.3\springdoc-openapi-starter-webmvc-ui-2.8.3.jar, C:\Users\ADMIN\.m2\repository\org\springdoc\springdoc-openapi-starter-webmvc-api\2.8.3\springdoc-openapi-starter-webmvc-api-2.8.3.jar, C:\Users\ADMIN\.m2\repository\org\springdoc\springdoc-openapi-starter-common\2.8.3\springdoc-openapi-starter-common-2.8.3.jar, C:\Users\ADMIN\.m2\repository\io\swagger\core\v3\swagger-core-jakarta\2.2.27\swagger-core-jakarta-2.2.27.jar, C:\Users\ADMIN\.m2\repository\io\swagger\core\v3\swagger-annotations-jakarta\2.2.27\swagger-annotations-jakarta-2.2.27.jar, C:\Users\ADMIN\.m2\repository\io\swagger\core\v3\swagger-models-jakarta\2.2.27\swagger-models-jakarta-2.2.27.jar, C:\Users\ADMIN\.m2\repository\com\fasterxml\jackson\dataformat\jackson-dataformat-yaml\2.20.2\jackson-dataformat-yaml-2.20.2.jar, C:\Users\ADMIN\.m2\repository\com\fasterxml\jackson\datatype\jackson-datatype-jsr310\2.20.2\jackson-datatype-jsr310-2.20.2.jar, C:\Users\ADMIN\.m2\repository\org\webjars\swagger-ui\5.18.2\swagger-ui-5.18.2.jar, C:\Users\ADMIN\.m2\repository\org\webjars\webjars-locator-lite\1.1.3\webjars-locator-lite-1.1.3.jar]
[DEBUG]   (f) compileSourceRoots = [E:\J2EE\API_ManageDormitory\src\main\java]
[DEBUG]   (f) compilerId = javac
[DEBUG]   (f) createMissingPackageInfoClass = true
[DEBUG]   (f) debug = true
[DEBUG]   (f) debugFileName = javac
[DEBUG]   (f) enablePreview = false
[DEBUG]   (f) encoding = UTF-8
[DEBUG]   (f) failOnError = true
[DEBUG]   (f) failOnWarning = false
[DEBUG]   (f) fileExtensions = [jar, class]
[DEBUG]   (f) forceJavacCompilerUse = false
[DEBUG]   (f) forceLegacyJavacApi = false
[DEBUG]   (f) fork = false
[DEBUG]   (f) generatedSourcesDirectory = E:\J2EE\API_ManageDormitory\target\generated-sources\annotations
[DEBUG]   (f) moduleVersion = 0.0.1-SNAPSHOT
[DEBUG]   (f) mojoExecution = org.apache.maven.plugins:maven-compiler-plugin:3.14.1:compile {execution: default-compile}
[DEBUG]   (f) optimize = false
[DEBUG]   (f) outputDirectory = E:\J2EE\API_ManageDormitory\target\classes
[DEBUG]   (f) parameters = true
[DEBUG]   (f) project = MavenProject: com.group10:API_ManageDormitory:0.0.1-SNAPSHOT @ E:\J2EE\API_ManageDormitory\pom.xml
[DEBUG]   (f) projectArtifact = com.group10:API_ManageDormitory:jar:0.0.1-SNAPSHOT
[DEBUG]   (s) release = 21
[DEBUG]   (f) session = org.apache.maven.execution.MavenSession@46f902e0
[DEBUG]   (f) showCompilationChanges = false
[DEBUG]   (f) showDeprecation = false
[DEBUG]   (f) showWarnings = true
[DEBUG]   (f) skipMultiThreadWarning = false
[DEBUG]   (f) source = 1.8
[DEBUG]   (f) staleMillis = 0
[DEBUG]   (s) target = 1.8
[DEBUG]   (f) useIncrementalCompilation = true
[DEBUG]   (f) useModuleVersion = true
[DEBUG]   (f) verbose = false
[DEBUG] -- end configuration --
[DEBUG] Using compiler 'javac'.
[DEBUG] Dependency collection stats {ConflictMarker.analyzeTime=23000, ConflictMarker.markTime=13500, ConflictMarker.nodeCount=2, ConflictIdSorter.graphTime=6300, ConflictIdSorter.topsortTime=6800, ConflictIdSorter.conflictIdCount=1, ConflictIdSorter.conflictIdCycleCount=0, ConflictResolver.totalTime=57700, ConflictResolver.conflictItemCount=1, DfDependencyCollector.collectTime=3224300, DfDependencyCollector.transformTime=121400}
[DEBUG] CompilerReuseStrategy: reuseCreated
[DEBUG] useIncrementalCompilation enabled
[INFO] Nothing to compile - all classes are up to date.
[DEBUG] Adding E:\J2EE\API_ManageDormitory\target\generated-sources\annotations to the project compile source roots but NOT the actual compile source roots:
  E:\J2EE\API_ManageDormitory\src\main\java
[INFO] 
[INFO] --- resources:3.3.1:testResources (default-testResources) @ API_ManageDormitory ---
[DEBUG] Loading mojo org.apache.maven.plugins:maven-resources-plugin:3.3.1:testResources from plugin realm ClassRealm[plugin>org.apache.maven.plugins:maven-resources-plugin:3.3.1, parent: jdk.internal.loader.ClassLoaders$AppClassLoader@33909752]
[DEBUG] Configuring mojo execution 'org.apache.maven.plugins:maven-resources-plugin:3.3.1:testResources:default-testResources' with basic configurator -->
[DEBUG]   (f) addDefaultExcludes = true
[DEBUG]   (f) buildFilters = []
[DEBUG]   (s) delimiters = [@]
[DEBUG]   (f) encoding = UTF-8
[DEBUG]   (f) escapeWindowsPaths = true
[DEBUG]   (f) fileNameFiltering = false
[DEBUG]   (s) includeEmptyDirs = false
[DEBUG]   (s) outputDirectory = E:\J2EE\API_ManageDormitory\target\test-classes
[DEBUG]   (s) overwrite = false
[DEBUG]   (f) project = MavenProject: com.group10:API_ManageDormitory:0.0.1-SNAPSHOT @ E:\J2EE\API_ManageDormitory\pom.xml
[DEBUG]   (f) propertiesEncoding = UTF-8
[DEBUG]   (s) resources = [Resource {targetPath: null, filtering: false, FileSet {directory: E:\J2EE\API_ManageDormitory\src\test\resources, PatternSet [includes: {}, excludes: {}]}}]
[DEBUG]   (f) session = org.apache.maven.execution.MavenSession@46f902e0
[DEBUG]   (f) skip = false
[DEBUG]   (f) supportMultiLineFiltering = false
[DEBUG]   (f) useBuildFilters = true
[DEBUG]   (s) useDefaultDelimiters = false
[DEBUG] -- end configuration --
[DEBUG] properties used:
[DEBUG] activemq.version: 6.1.8
[DEBUG] angus-mail.version: 2.0.5
[DEBUG] artemis.version: 2.43.0
[DEBUG] aspectj.version: 1.9.25.1
[DEBUG] assertj.version: 3.27.6
[DEBUG] awaitility.version: 4.3.0
[DEBUG] brave.version: 6.3.0
[DEBUG] build-helper-maven-plugin.version: 3.6.1
[DEBUG] byte-buddy.version: 1.17.8
[DEBUG] cache2k.version: 2.6.1.Final
[DEBUG] caffeine.version: 3.2.3
[DEBUG] cassandra-driver.version: 4.19.2
[DEBUG] classmate.version: 1.7.3
[DEBUG] classworlds.conf: C:\Users\ADMIN\.m2\wrapper\dists\apache-maven-3.9.12\59fe215c0ad6947fea90184bf7add084544567b927287592651fda3782e0e798\bin\m2.conf
[DEBUG] commons-codec.version: 1.19.0
[DEBUG] commons-dbcp2.version: 2.13.0
[DEBUG] commons-lang3.version: 3.19.0
[DEBUG] commons-logging.version: 1.3.5
[DEBUG] commons-pool.version: 1.6
[DEBUG] commons-pool2.version: 2.12.1
[DEBUG] couchbase-client.version: 3.9.2
[DEBUG] crac.version: 1.5.0
[DEBUG] cyclonedx-maven-plugin.version: 2.9.1
[DEBUG] db2-jdbc.version: 12.1.3.0
[DEBUG] dependency-management-plugin.version: 1.1.7
[DEBUG] derby.version: 10.16.1.1
[DEBUG] ehcache3.version: 3.11.1
[DEBUG] elasticsearch-client.version: 9.2.3
[DEBUG] env.=E:: E:\J2EE\API_ManageDormitory
[DEBUG] env.=EXITCODE: 00000000
[DEBUG] env.ACSETUPSVCPORT: 23210
[DEBUG] env.ALLUSERSPROFILE: C:\ProgramData
[DEBUG] env.ANDROID_HOME: C:\Users\ADMIN\AppData\Local\Android\Sdk
[DEBUG] env.ANTIGRAVITY_AGENT: 1
[DEBUG] env.ANTIGRAVITY_CLI_ALIAS: agy
[DEBUG] env.APPDATA: C:\Users\ADMIN\AppData\Roaming
[DEBUG] env.CHOCOLATEYINSTALL: C:\ProgramData\chocolatey
[DEBUG] env.CHOCOLATEYLASTPATHUPDATE: 133853815615212854
[DEBUG] env.CHROME_CRASHPAD_PIPE_NAME: \\.\pipe\crashpad_3496_JVOAOVWBMAMMDEVU
[DEBUG] env.CLASSWORLDS_JAR: "C:\Users\ADMIN\.m2\wrapper\dists\apache-maven-3.9.12\59fe215c0ad6947fea90184bf7add084544567b927287592651fda3782e0e798\boot\plexus-classworlds-2.9.0.jar"
[DEBUG] env.CLASSWORLDS_LAUNCHER: org.codehaus.plexus.classworlds.launcher.Launcher
[DEBUG] env.COLORTERM: truecolor
[DEBUG] env.COMMONPROGRAMFILES: C:\Program Files\Common Files
[DEBUG] env.COMMONPROGRAMFILES(X86): C:\Program Files (x86)\Common Files
[DEBUG] env.COMMONPROGRAMW6432: C:\Program Files\Common Files
[DEBUG] env.COMPUTERNAME: DESKTOP-BECB9JD
[DEBUG] env.COMSPEC: C:\WINDOWS\system32\cmd.exe
[DEBUG] env.CONFIGSETROOT: C:\WINDOWS\ConfigSetRoot
[DEBUG] env.DRIVERDATA: C:\Windows\System32\Drivers\DriverData
[DEBUG] env.EFC_11204_1262719628: 1
[DEBUG] env.EFC_11204_1592913036: 1
[DEBUG] env.EFC_11204_2283032206: 1
[DEBUG] env.EFC_11204_2775293581: 1
[DEBUG] env.EFC_11204_3789132940: 1
[DEBUG] env.ERROR_CODE: 0
[DEBUG] env.EXEC_DIR: E:\J2EE\API_ManageDormitory
[DEBUG] env.FPS_BROWSER_APP_PROFILE_STRING: Internet Explorer
[DEBUG] env.FPS_BROWSER_USER_PROFILE_STRING: Default
[DEBUG] env.GIT_ASKPASS: d:\Antigravity\resources\app\extensions\git\dist\askpass.sh
[DEBUG] env.HOMEDRIVE: C:
[DEBUG] env.HOMEPATH: \Users\ADMIN
[DEBUG] env.INTERNAL_MAVEN_OPTS: --enable-native-access=ALL-UNNAMED 
[DEBUG] env.JAVACMD: C:\Program Files\Java\jdk-21\bin\java.exe
[DEBUG] env.JAVA_HOME: C:\Program Files\Java\jdk-21
[DEBUG] env.JVMCONFIG: \.mvn\jvm.config
[DEBUG] env.LANG: en_US.UTF-8
[DEBUG] env.LOCALAPPDATA: C:\Users\ADMIN\AppData\Local
[DEBUG] env.LOGONSERVER: \\DESKTOP-BECB9JD
[DEBUG] env.MAVEN_CMD_LINE_ARGS: test -Dtest=SecurityRBACIntegrationTest -e -X
[DEBUG] env.MAVEN_HOME: C:\Users\ADMIN\.m2\wrapper\dists\apache-maven-3.9.12\59fe215c0ad6947fea90184bf7add084544567b927287592651fda3782e0e798
[DEBUG] env.MAVEN_PROJECTBASEDIR: E:\J2EE\API_ManageDormitory
[DEBUG] env.MOZ_PLUGIN_PATH: D:\Foxit PDF Reader\plugins\
[DEBUG] env.NUMBER_OF_PROCESSORS: 16
[DEBUG] env.ONEDRIVE: C:\Users\ADMIN\OneDrive
[DEBUG] env.OS: Windows_NT
[DEBUG] env.PAGER: cat
[DEBUG] env.PATH: D:\flutter\bin\cache\dart-sdk\bin\;C:\Program Files\Common Files\Oracle\Java\javapath;C:\Program Files (x86)\Common Files\Oracle\Java\java8path;C:\Program Files (x86)\Common Files\Oracle\Java\javapath;C:\Windows\system32;C:\Windows;C:\Windows\System32\Wbem;C:\Windows\System32\WindowsPowerShell\v1.0\;C:\Windows\System32\OpenSSH\;C:\Program Files (x86)\NVIDIA Corporation\PhysX\Common;c:\altera\91sp2\quartus\bin;C:\Program Files\Microsoft SQL Server\Client SDK\ODBC\110\Tools\Binn\;C:\Program Files\Microsoft SQL Server\150\Tools\Binn\;C:\Program Files\Microsoft SQL Server\Client SDK\ODBC\170\Tools\Binn\;C:\Program Files\dotnet\;C:\WINDOWS\system32;C:\WINDOWS;C:\WINDOWS\System32\Wbem;C:\WINDOWS\System32\WindowsPowerShell\v1.0\;C:\WINDOWS\System32\OpenSSH\;C:\ProgramData\chocolatey\bin;c:\Users\ADMIN\AppData\Local\Programs\cursor\resources\app\bin;C:\Program Files\NVIDIA Corporation\NVIDIA app\NvDLISR;C:\Program Files\Git\cmd;D:\apache-maven-3.9.11\bin;C:\Program Files\nodejs\;C:\Program Files\k6\;C:\Program Files\Docker\Docker\resources\bin;d:\Trae\bin;C:\Users\ADMIN\AppData\Local\Programs\Python\Python312\Scripts\;C:\Users\ADMIN\AppData\Local\Programs\Python\Python312\;C:\Users\ADMIN\AppData\Local\Programs\Python\Launcher\;C:\Users\ADMIN\AppData\Local\Microsoft\WindowsApps;C:\Users\ADMIN\AppData\Local\Programs\Microsoft VS Code\bin;C:\Program Files\JetBrains\PyCharm 2024.3\bin;C:\Users\ADMIN\.dotnet\tools;C:\Users\ADMIN\AppData\Local\Programs\cursor\resources\app\bin;C:\laragon\bin\php\php-8.1.10-Win32-vs16-x64;C:\Users\ADMIN\AppData\Local\Programs\Windsurf\bin;C:\Users\ADMIN\AppData\Roaming\npm;C:\Users\ADMIN\.dotnet\tools;D:\flutter\bin;C:\Users\ADMIN\Downloads\flutter\bin;C:\Users\ADMIN\AppData\Local\Google\Cloud SDK\google-cloud-sdk\bin;D:\Antigravity\bin;C:\Users\ADMIN\AppData\Local\GitHubDesktop\bin
[DEBUG] env.PATHEXT: .COM;.EXE;.BAT;.CMD;.VBS;.VBE;.JS;.JSE;.WSF;.WSH;.MSC;.CPL
[DEBUG] env.PROCESSOR_ARCHITECTURE: AMD64
[DEBUG] env.PROCESSOR_IDENTIFIER: Intel64 Family 6 Model 154 Stepping 3, GenuineIntel
[DEBUG] env.PROCESSOR_LEVEL: 6
[DEBUG] env.PROCESSOR_REVISION: 9a03
[DEBUG] env.PROGRAMDATA: C:\ProgramData
[DEBUG] env.PROGRAMFILES: C:\Program Files
[DEBUG] env.PROGRAMFILES(X86): C:\Program Files (x86)
[DEBUG] env.PROGRAMW6432: C:\Program Files
[DEBUG] env.PROMPT: $P$G
[DEBUG] env.PSMODULEPATH: C:\Users\ADMIN\OneDrive\Documents\WindowsPowerShell\Modules;C:\Program Files\WindowsPowerShell\Modules;C:\WINDOWS\system32\WindowsPowerShell\v1.0\Modules
[DEBUG] env.PUBLIC: C:\Users\Public
[DEBUG] env.PYCHARM: C:\Program Files\JetBrains\PyCharm 2024.3\bin;
[DEBUG] env.RLSSVCPORT: 22112
[DEBUG] env.SESSIONNAME: Console
[DEBUG] env.SYSTEMDRIVE: C:
[DEBUG] env.SYSTEMROOT: C:\WINDOWS
[DEBUG] env.TEMP: C:\Users\ADMIN\AppData\Local\Temp
[DEBUG] env.TERM_PROGRAM: vscode
[DEBUG] env.TERM_PROGRAM_VERSION: 1.107.0
[DEBUG] env.TMP: C:\Users\ADMIN\AppData\Local\Temp
[DEBUG] env.USERDOMAIN: DESKTOP-BECB9JD
[DEBUG] env.USERDOMAIN_ROAMINGPROFILE: DESKTOP-BECB9JD
[DEBUG] env.USERNAME: ADMIN
[DEBUG] env.USERPROFILE: C:\Users\ADMIN
[DEBUG] env.VSCODE_GIT_ASKPASS_EXTRA_ARGS: 
[DEBUG] env.VSCODE_GIT_ASKPASS_MAIN: d:\Antigravity\resources\app\extensions\git\dist\askpass-main.js
[DEBUG] env.VSCODE_GIT_ASKPASS_NODE: D:\Antigravity\Antigravity.exe
[DEBUG] env.VSCODE_GIT_IPC_HANDLE: \\.\pipe\vscode-git-f6db61b1b6-sock
[DEBUG] env.VSCODE_INJECTION: 1
[DEBUG] env.VSCODE_JDWP_ADAPTER_ENDPOINTS: c:\Users\ADMIN\.antigravity\extensions\vscjava.vscode-java-debug-0.58.5-universal\.noConfigDebugAdapterEndpoints\endpoint-42f1266c902ee802.txt
[DEBUG] env.VSCODE_PYTHON_AUTOACTIVATE_GUARD: 1
[DEBUG] env.WDIR: E:\J2EE\API_ManageDormitory
[DEBUG] env.WINDIR: C:\WINDOWS
[DEBUG] env.ZES_ENABLE_SYSMAN: 1
[DEBUG] env.__MVNW_CMD__: C:\Users\ADMIN/.m2/wrapper/dists/apache-maven-3.9.12/59fe215c0ad6947fea90184bf7add084544567b927287592651fda3782e0e798/bin/mvn.cmd
[DEBUG] file.encoding: UTF-8
[DEBUG] file.separator: \
[DEBUG] flyway.version: 11.14.1
[DEBUG] freemarker.version: 2.3.34
[DEBUG] git-commit-id-maven-plugin.version: 9.0.2
[DEBUG] glassfish-jaxb.version: 4.0.6
[DEBUG] glassfish-jstl.version: 3.0.1
[DEBUG] graphql-java.version: 25.0
[DEBUG] groovy.version: 5.0.3
[DEBUG] gson.version: 2.13.2
[DEBUG] h2.version: 2.4.240
[DEBUG] hamcrest.version: 3.0
[DEBUG] hazelcast.version: 5.5.0
[DEBUG] hibernate-validator.version: 9.0.1.Final
[DEBUG] hibernate.version: 7.2.1.Final
[DEBUG] hikaricp.version: 7.0.2
[DEBUG] hsqldb.version: 2.7.3
[DEBUG] htmlunit.version: 4.17.0
[DEBUG] httpasyncclient.version: 4.1.5
[DEBUG] httpclient5.version: 5.5.2
[DEBUG] httpcore.version: 4.4.16
[DEBUG] httpcore5.version: 5.3.6
[DEBUG] infinispan.version: 15.2.6.Final
[DEBUG] influxdb-java.version: 2.25
[DEBUG] jackson-2-bom.version: 2.20.2
[DEBUG] jackson-bom.version: 3.0.4
[DEBUG] jakarta-activation.version: 2.1.4
[DEBUG] jakarta-annotation.version: 3.0.0
[DEBUG] jakarta-inject.version: 2.0.1
[DEBUG] jakarta-jms.version: 3.1.0
[DEBUG] jakarta-json-bind.version: 3.0.1
[DEBUG] jakarta-json.version: 2.1.3
[DEBUG] jakarta-mail.version: 2.1.5
[DEBUG] jakarta-management.version: 1.1.4
[DEBUG] jakarta-persistence.version: 3.2.0
[DEBUG] jakarta-servlet-jsp-jstl.version: 3.0.2
[DEBUG] jakarta-servlet.version: 6.1.0
[DEBUG] jakarta-transaction.version: 2.0.1
[DEBUG] jakarta-validation.version: 3.1.1
[DEBUG] jakarta-websocket.version: 2.2.0
[DEBUG] jakarta-ws-rs.version: 4.0.0
[DEBUG] jakarta-xml-bind.version: 4.0.4
[DEBUG] jakarta-xml-soap.version: 3.0.2
[DEBUG] jakarta-xml-ws.version: 4.0.2
[DEBUG] janino.version: 3.1.12
[DEBUG] java.class.path: C:\Users\ADMIN\.m2\wrapper\dists\apache-maven-3.9.12\59fe215c0ad6947fea90184bf7add084544567b927287592651fda3782e0e798\boot\plexus-classworlds-2.9.0.jar
[DEBUG] java.class.version: 65.0
[DEBUG] java.home: C:\Program Files\Java\jdk-21
[DEBUG] java.io.tmpdir: C:\Users\ADMIN\AppData\Local\Temp\
[DEBUG] java.library.path: C:\Program Files\Java\jdk-21\bin;C:\WINDOWS\Sun\Java\bin;C:\WINDOWS\system32;C:\WINDOWS;D:\flutter\bin\cache\dart-sdk\bin\;C:\Program Files\Common Files\Oracle\Java\javapath;C:\Program Files (x86)\Common Files\Oracle\Java\java8path;C:\Program Files (x86)\Common Files\Oracle\Java\javapath;C:\Windows\system32;C:\Windows;C:\Windows\System32\Wbem;C:\Windows\System32\WindowsPowerShell\v1.0\;C:\Windows\System32\OpenSSH\;C:\Program Files (x86)\NVIDIA Corporation\PhysX\Common;c:\altera\91sp2\quartus\bin;C:\Program Files\Microsoft SQL Server\Client SDK\ODBC\110\Tools\Binn\;C:\Program Files\Microsoft SQL Server\150\Tools\Binn\;C:\Program Files\Microsoft SQL Server\Client SDK\ODBC\170\Tools\Binn\;C:\Program Files\dotnet\;C:\WINDOWS\system32;C:\WINDOWS;C:\WINDOWS\System32\Wbem;C:\WINDOWS\System32\WindowsPowerShell\v1.0\;C:\WINDOWS\System32\OpenSSH\;C:\ProgramData\chocolatey\bin;c:\Users\ADMIN\AppData\Local\Programs\cursor\resources\app\bin;C:\Program Files\NVIDIA Corporation\NVIDIA app\NvDLISR;C:\Program Files\Git\cmd;D:\apache-maven-3.9.11\bin;C:\Program Files\nodejs\;C:\Program Files\k6\;C:\Program Files\Docker\Docker\resources\bin;d:\Trae\bin;C:\Users\ADMIN\AppData\Local\Programs\Python\Python312\Scripts\;C:\Users\ADMIN\AppData\Local\Programs\Python\Python312\;C:\Users\ADMIN\AppData\Local\Programs\Python\Launcher\;C:\Users\ADMIN\AppData\Local\Microsoft\WindowsApps;C:\Users\ADMIN\AppData\Local\Programs\Microsoft VS Code\bin;C:\Program Files\JetBrains\PyCharm 2024.3\bin;C:\Users\ADMIN\.dotnet\tools;C:\Users\ADMIN\AppData\Local\Programs\cursor\resources\app\bin;C:\laragon\bin\php\php-8.1.10-Win32-vs16-x64;C:\Users\ADMIN\AppData\Local\Programs\Windsurf\bin;C:\Users\ADMIN\AppData\Roaming\npm;C:\Users\ADMIN\.dotnet\tools;D:\flutter\bin;C:\Users\ADMIN\Downloads\flutter\bin;C:\Users\ADMIN\AppData\Local\Google\Cloud SDK\google-cloud-sdk\bin;D:\Antigravity\bin;C:\Users\ADMIN\AppData\Local\GitHubDesktop\bin;.
[DEBUG] java.runtime.name: Java(TM) SE Runtime Environment
[DEBUG] java.runtime.version: 21.0.7+8-LTS-245
[DEBUG] java.specification.name: Java Platform API Specification
[DEBUG] java.specification.vendor: Oracle Corporation
[DEBUG] java.specification.version: 21
[DEBUG] java.vendor: Oracle Corporation
[DEBUG] java.vendor.url: https://java.oracle.com/
[DEBUG] java.vendor.url.bug: https://bugreport.java.com/bugreport/
[DEBUG] java.version: 21.0.7
[DEBUG] java.version.date: 2025-04-15
[DEBUG] java.vm.compressedOopsMode: Zero based
[DEBUG] java.vm.info: mixed mode, sharing
[DEBUG] java.vm.name: Java HotSpot(TM) 64-Bit Server VM
[DEBUG] java.vm.specification.name: Java Virtual Machine Specification
[DEBUG] java.vm.specification.vendor: Oracle Corporation
[DEBUG] java.vm.specification.version: 21
[DEBUG] java.vm.vendor: Oracle Corporation
[DEBUG] java.vm.version: 21.0.7+8-LTS-245
[DEBUG] javax-cache.version: 1.1.1
[DEBUG] javax-money.version: 1.1
[DEBUG] jaxen.version: 2.0.0
[DEBUG] jaybird.version: 6.0.3
[DEBUG] jboss-logging.version: 3.6.1.Final
[DEBUG] jdk.debug: release
[DEBUG] jdom2.version: 2.0.6.1
[DEBUG] jedis.version: 7.0.0
[DEBUG] jersey.version: 4.0.0
[DEBUG] jetty-reactive-httpclient.version: 4.1.4
[DEBUG] jetty.version: 12.1.5
[DEBUG] jmustache.version: 1.16
[DEBUG] jooq.version: 3.19.29
[DEBUG] json-path.version: 2.10.0
[DEBUG] json-smart.version: 2.6.0
[DEBUG] jsonassert.version: 1.5.3
[DEBUG] jspecify.version: 1.0.0
[DEBUG] jtds.version: 1.3.1
[DEBUG] junit-jupiter.version: 6.0.2
[DEBUG] junit.version: 4.13.2
[DEBUG] kafka.version: 4.1.1
[DEBUG] kotlin-coroutines.version: 1.10.2
[DEBUG] kotlin-serialization.version: 1.9.0
[DEBUG] kotlin.version: 2.2.21
[DEBUG] lettuce.version: 6.8.2.RELEASE
[DEBUG] library.jansi.path: C:\Users\ADMIN\.m2\wrapper\dists\apache-maven-3.9.12\59fe215c0ad6947fea90184bf7add084544567b927287592651fda3782e0e798\lib\jansi-native
[DEBUG] line.separator: 

[DEBUG] liquibase.version: 5.0.1
[DEBUG] log4j2.version: 2.25.3
[DEBUG] logback.version: 1.5.25
[DEBUG] lombok.version: 1.18.42
[DEBUG] mariadb.version: 3.5.7
[DEBUG] maven-antrun-plugin.version: 3.2.0
[DEBUG] maven-assembly-plugin.version: 3.7.1
[DEBUG] maven-clean-plugin.version: 3.5.0
[DEBUG] maven-compiler-plugin.version: 3.14.1
[DEBUG] maven-dependency-plugin.version: 3.9.0
[DEBUG] maven-deploy-plugin.version: 3.1.4
[DEBUG] maven-enforcer-plugin.version: 3.6.2
[DEBUG] maven-failsafe-plugin.version: 3.5.4
[DEBUG] maven-help-plugin.version: 3.5.1
[DEBUG] maven-install-plugin.version: 3.1.4
[DEBUG] maven-invoker-plugin.version: 3.9.1
[DEBUG] maven-jar-plugin.version: 3.4.2
[DEBUG] maven-javadoc-plugin.version: 3.12.0
[DEBUG] maven-resources-plugin.version: 3.3.1
[DEBUG] maven-shade-plugin.version: 3.6.1
[DEBUG] maven-source-plugin.version: 3.3.1
[DEBUG] maven-surefire-plugin.version: 3.5.4
[DEBUG] maven-war-plugin.version: 3.4.0
[DEBUG] maven.build.timestamp: 2026-03-19T04:53:22Z
[DEBUG] maven.build.version: Apache Maven 3.9.12 (848fbb4bf2d427b72bdb2471c22fced7ebd9a7a1)
[DEBUG] maven.compiler.release: 21
[DEBUG] maven.conf: C:\Users\ADMIN\.m2\wrapper\dists\apache-maven-3.9.12\59fe215c0ad6947fea90184bf7add084544567b927287592651fda3782e0e798/conf
[DEBUG] maven.home: C:\Users\ADMIN\.m2\wrapper\dists\apache-maven-3.9.12\59fe215c0ad6947fea90184bf7add084544567b927287592651fda3782e0e798
[DEBUG] maven.multiModuleProjectDirectory: E:\J2EE\API_ManageDormitory
[DEBUG] maven.version: 3.9.12
[DEBUG] micrometer-tracing.version: 1.6.2
[DEBUG] micrometer.version: 1.16.2
[DEBUG] mockito.version: 5.20.0
[DEBUG] mongodb.version: 5.6.2
[DEBUG] mssql-jdbc.version: 13.2.1.jre11
[DEBUG] mysql.version: 9.5.0
[DEBUG] native-build-tools-plugin.version: 0.11.4
[DEBUG] native.encoding: Cp1252
[DEBUG] nekohtml.version: 1.9.22
[DEBUG] neo4j-java-driver.version: 6.0.2
[DEBUG] netty.version: 4.2.9.Final
[DEBUG] opentelemetry.version: 1.55.0
[DEBUG] oracle-database.version: 23.9.0.25.07
[DEBUG] oracle-r2dbc.version: 1.3.0
[DEBUG] os.arch: amd64
[DEBUG] os.name: Windows 11
[DEBUG] os.version: 10.0
[DEBUG] path.separator: ;
[DEBUG] pooled-jms.version: 3.1.9
[DEBUG] postgresql.version: 42.7.9
[DEBUG] project.baseUri: file:/E:/J2EE/API_ManageDormitory/
[DEBUG] project.build.sourceEncoding: UTF-8
[DEBUG] project.reporting.outputEncoding: UTF-8
[DEBUG] prometheus-client.version: 1.4.3
[DEBUG] prometheus-simpleclient.version: 0.16.0
[DEBUG] pulsar.version: 4.1.2
[DEBUG] quartz.version: 2.5.2
[DEBUG] querydsl.version: 5.1.0
[DEBUG] r2dbc-h2.version: 1.1.0.RELEASE
[DEBUG] r2dbc-mariadb.version: 1.3.0
[DEBUG] r2dbc-mssql.version: 1.0.4.RELEASE
[DEBUG] r2dbc-mysql.version: 1.4.1
[DEBUG] r2dbc-pool.version: 1.0.2.RELEASE
[DEBUG] r2dbc-postgresql.version: 1.1.1.RELEASE
[DEBUG] r2dbc-proxy.version: 1.1.6.RELEASE
[DEBUG] r2dbc-spi.version: 1.0.0.RELEASE
[DEBUG] rabbit-amqp-client.version: 5.27.1
[DEBUG] rabbit-stream-client.version: 0.23.0
[DEBUG] reactive-streams.version: 1.0.4
[DEBUG] reactor-bom.version: 2025.0.2
[DEBUG] resource.delimiter: @
[DEBUG] rsocket.version: 1.1.5
[DEBUG] rxjava3.version: 3.1.12
[DEBUG] saaj-impl.version: 3.0.4
[DEBUG] selenium-htmlunit.version: 4.36.1
[DEBUG] selenium.version: 4.37.0
[DEBUG] sendgrid.version: 4.10.3
[DEBUG] slf4j.version: 2.0.17
[DEBUG] snakeyaml.version: 2.5
[DEBUG] spring-amqp.version: 4.0.2
[DEBUG] spring-batch.version: 6.0.2
[DEBUG] spring-boot.run.main-class: ${start-class}
[DEBUG] spring-data-bom.version: 2025.1.2
[DEBUG] spring-framework.version: 7.0.3
[DEBUG] spring-graphql.version: 2.0.2
[DEBUG] spring-hateoas.version: 3.0.2
[DEBUG] spring-integration.version: 7.0.2
[DEBUG] spring-kafka.version: 4.0.2
[DEBUG] spring-ldap.version: 4.0.1
[DEBUG] spring-pulsar.version: 2.0.2
[DEBUG] spring-restdocs.version: 4.0.0
[DEBUG] spring-security.version: 7.0.2
[DEBUG] spring-session.version: 4.0.1
[DEBUG] spring-ws.version: 5.0.0
[DEBUG] sqlite-jdbc.version: 3.50.3.0
[DEBUG] stderr.encoding: cp437
[DEBUG] stdout.encoding: Cp1252
[DEBUG] sun.arch.data.model: 64
[DEBUG] sun.boot.library.path: C:\Program Files\Java\jdk-21\bin
[DEBUG] sun.cpu.endian: little
[DEBUG] sun.cpu.isalist: amd64
[DEBUG] sun.io.unicode.encoding: UnicodeLittle
[DEBUG] sun.java.command: org.codehaus.plexus.classworlds.launcher.Launcher test -Dtest=SecurityRBACIntegrationTest -e -X
[DEBUG] sun.java.launcher: SUN_STANDARD
[DEBUG] sun.jnu.encoding: Cp1252
[DEBUG] sun.management.compiler: HotSpot 64-Bit Tiered Compilers
[DEBUG] sun.os.patch.level: 
[DEBUG] test: SecurityRBACIntegrationTest
[DEBUG] testcontainers-redis-module.version: 2.2.4
[DEBUG] testcontainers.version: 2.0.3
[DEBUG] thymeleaf-extras-data-attribute.version: 2.0.1
[DEBUG] thymeleaf-extras-springsecurity.version: 3.1.3.RELEASE
[DEBUG] thymeleaf-layout-dialect.version: 3.4.0
[DEBUG] thymeleaf.version: 3.1.3.RELEASE
[DEBUG] tomcat.version: 11.0.15
[DEBUG] unboundid-ldapsdk.version: 7.0.4
[DEBUG] user.country: US
[DEBUG] user.dir: E:\J2EE\API_ManageDormitory
[DEBUG] user.home: C:\Users\ADMIN
[DEBUG] user.language: en
[DEBUG] user.name: ADMIN
[DEBUG] user.script: 
[DEBUG] user.variant: 
[DEBUG] versions-maven-plugin.version: 2.19.1
[DEBUG] vibur.version: 26.0
[DEBUG] webjars-locator-core.version: 0.59
[DEBUG] webjars-locator-lite.version: 1.1.3
[DEBUG] wsdl4j.version: 1.6.3
[DEBUG] xml-maven-plugin.version: 1.2.1
[DEBUG] xmlunit2.version: 2.10.4
[DEBUG] yasson.version: 3.0.4
[DEBUG] zipkin-reporter.version: 3.5.1
[DEBUG] Using 'UTF-8' encoding to copy filtered resources.
[DEBUG] Using 'UTF-8' encoding to copy filtered properties files.
[DEBUG] resource with targetPath null
directory E:\J2EE\API_ManageDormitory\src\test\resources
excludes []
includes []
[DEBUG] ignoreDelta true
[INFO] Copying 1 resource from src\test\resources to target\test-classes
[DEBUG] Copying file application.yml
[DEBUG] file application.yml has a filtered file extension
[DEBUG] Using 'UTF-8' encoding to copy filtered resource 'application.yml'.
[DEBUG] copy E:\J2EE\API_ManageDormitory\src\test\resources\application.yml to E:\J2EE\API_ManageDormitory\target\test-classes\application.yml
[DEBUG] no user filter components
[INFO] 
[INFO] --- compiler:3.14.1:testCompile (default-testCompile) @ API_ManageDormitory ---
[DEBUG] Loading mojo org.apache.maven.plugins:maven-compiler-plugin:3.14.1:testCompile from plugin realm ClassRealm[plugin>org.apache.maven.plugins:maven-compiler-plugin:3.14.1, parent: jdk.internal.loader.ClassLoaders$AppClassLoader@33909752]
[DEBUG] Configuring mojo execution 'org.apache.maven.plugins:maven-compiler-plugin:3.14.1:testCompile:default-testCompile' with basic configurator -->
[DEBUG]   (s) groupId = org.projectlombok
[DEBUG]   (s) artifactId = lombok
[DEBUG]   (f) annotationProcessorPaths = [org.projectlombok:lombok.jar]
[DEBUG]   (f) annotationProcessorPathsUseDepMgmt = false
[DEBUG]   (f) basedir = E:\J2EE\API_ManageDormitory
[DEBUG]   (f) buildDirectory = E:\J2EE\API_ManageDormitory\target
[DEBUG]   (f) compileSourceRoots = [E:\J2EE\API_ManageDormitory\src\test\java]
[DEBUG]   (f) compilerId = javac
[DEBUG]   (f) createMissingPackageInfoClass = true
[DEBUG]   (f) debug = true
[DEBUG]   (f) debugFileName = javac-test
[DEBUG]   (f) enablePreview = false
[DEBUG]   (f) encoding = UTF-8
[DEBUG]   (f) failOnError = true
[DEBUG]   (f) failOnWarning = false
[DEBUG]   (f) fileExtensions = [jar, class]
[DEBUG]   (f) forceJavacCompilerUse = false
[DEBUG]   (f) forceLegacyJavacApi = false
[DEBUG]   (f) fork = false
[DEBUG]   (f) generatedTestSourcesDirectory = E:\J2EE\API_ManageDormitory\target\generated-test-sources\test-annotations
[DEBUG]   (f) mojoExecution = org.apache.maven.plugins:maven-compiler-plugin:3.14.1:testCompile {execution: default-testCompile}
[DEBUG]   (f) optimize = false
[DEBUG]   (f) outputDirectory = E:\J2EE\API_ManageDormitory\target\test-classes
[DEBUG]   (f) parameters = true
[DEBUG]   (f) project = MavenProject: com.group10:API_ManageDormitory:0.0.1-SNAPSHOT @ E:\J2EE\API_ManageDormitory\pom.xml
[DEBUG]   (s) release = 21
[DEBUG]   (f) session = org.apache.maven.execution.MavenSession@46f902e0
[DEBUG]   (f) showCompilationChanges = false
[DEBUG]   (f) showDeprecation = false
[DEBUG]   (f) showWarnings = true
[DEBUG]   (f) skipMultiThreadWarning = false
[DEBUG]   (f) source = 1.8
[DEBUG]   (f) staleMillis = 0
[DEBUG]   (s) target = 1.8
[DEBUG]   (f) testPath = [E:\J2EE\API_ManageDormitory\target\test-classes, E:\J2EE\API_ManageDormitory\target\classes, C:\Users\ADMIN\.m2\repository\org\springframework\boot\spring-boot-starter-data-jpa\4.0.2\spring-boot-starter-data-jpa-4.0.2.jar, C:\Users\ADMIN\.m2\repository\org\springframework\boot\spring-boot-starter\4.0.2\spring-boot-starter-4.0.2.jar, C:\Users\ADMIN\.m2\repository\org\springframework\boot\spring-boot-starter-logging\4.0.2\spring-boot-starter-logging-4.0.2.jar, C:\Users\ADMIN\.m2\repository\ch\qos\logback\logback-classic\1.5.25\logback-classic-1.5.25.jar, C:\Users\ADMIN\.m2\repository\ch\qos\logback\logback-core\1.5.25\logback-core-1.5.25.jar, C:\Users\ADMIN\.m2\repository\org\apache\logging\log4j\log4j-to-slf4j\2.25.3\log4j-to-slf4j-2.25.3.jar, C:\Users\ADMIN\.m2\repository\org\slf4j\jul-to-slf4j\2.0.17\jul-to-slf4j-2.0.17.jar, C:\Users\ADMIN\.m2\repository\jakarta\annotation\jakarta.annotation-api\3.0.0\jakarta.annotation-api-3.0.0.jar, C:\Users\ADMIN\.m2\repository\org\yaml\snakeyaml\2.5\snakeyaml-2.5.jar, C:\Users\ADMIN\.m2\repository\org\springframework\boot\spring-boot-starter-jdbc\4.0.2\spring-boot-starter-jdbc-4.0.2.jar, C:\Users\ADMIN\.m2\repository\com\zaxxer\HikariCP\7.0.2\HikariCP-7.0.2.jar, C:\Users\ADMIN\.m2\repository\org\springframework\boot\spring-boot-data-jpa\4.0.2\spring-boot-data-jpa-4.0.2.jar, C:\Users\ADMIN\.m2\repository\org\springframework\boot\spring-boot-data-commons\4.0.2\spring-boot-data-commons-4.0.2.jar, C:\Users\ADMIN\.m2\repository\org\springframework\boot\spring-boot-persistence\4.0.2\spring-boot-persistence-4.0.2.jar, C:\Users\ADMIN\.m2\repository\org\springframework\data\spring-data-commons\4.0.2\spring-data-commons-4.0.2.jar, C:\Users\ADMIN\.m2\repository\org\springframework\boot\spring-boot-hibernate\4.0.2\spring-boot-hibernate-4.0.2.jar, C:\Users\ADMIN\.m2\repository\org\springframework\boot\spring-boot-jpa\4.0.2\spring-boot-jpa-4.0.2.jar, C:\Users\ADMIN\.m2\repository\jakarta\persistence\jakarta.persistence-api\3.2.0\jakarta.persistence-api-3.2.0.jar, C:\Users\ADMIN\.m2\repository\org\hibernate\orm\hibernate-core\7.2.1.Final\hibernate-core-7.2.1.Final.jar, C:\Users\ADMIN\.m2\repository\jakarta\transaction\jakarta.transaction-api\2.0.1\jakarta.transaction-api-2.0.1.jar, C:\Users\ADMIN\.m2\repository\org\hibernate\models\hibernate-models\1.0.1\hibernate-models-1.0.1.jar, C:\Users\ADMIN\.m2\repository\org\glassfish\jaxb\jaxb-runtime\4.0.6\jaxb-runtime-4.0.6.jar, C:\Users\ADMIN\.m2\repository\org\glassfish\jaxb\jaxb-core\4.0.6\jaxb-core-4.0.6.jar, C:\Users\ADMIN\.m2\repository\org\glassfish\jaxb\txw2\4.0.6\txw2-4.0.6.jar, C:\Users\ADMIN\.m2\repository\com\sun\istack\istack-commons-runtime\4.1.2\istack-commons-runtime-4.1.2.jar, C:\Users\ADMIN\.m2\repository\jakarta\inject\jakarta.inject-api\2.0.1\jakarta.inject-api-2.0.1.jar, C:\Users\ADMIN\.m2\repository\org\springframework\spring-orm\7.0.3\spring-orm-7.0.3.jar, C:\Users\ADMIN\.m2\repository\org\springframework\data\spring-data-jpa\4.0.2\spring-data-jpa-4.0.2.jar, C:\Users\ADMIN\.m2\repository\org\springframework\spring-tx\7.0.3\spring-tx-7.0.3.jar, C:\Users\ADMIN\.m2\repository\org\antlr\antlr4-runtime\4.13.2\antlr4-runtime-4.13.2.jar, C:\Users\ADMIN\.m2\repository\org\springframework\spring-aspects\7.0.3\spring-aspects-7.0.3.jar, C:\Users\ADMIN\.m2\repository\org\aspectj\aspectjweaver\1.9.25.1\aspectjweaver-1.9.25.1.jar, C:\Users\ADMIN\.m2\repository\org\springframework\boot\spring-boot-jdbc\4.0.2\spring-boot-jdbc-4.0.2.jar, C:\Users\ADMIN\.m2\repository\org\springframework\boot\spring-boot-sql\4.0.2\spring-boot-sql-4.0.2.jar, C:\Users\ADMIN\.m2\repository\org\springframework\boot\spring-boot-transaction\4.0.2\spring-boot-transaction-4.0.2.jar, C:\Users\ADMIN\.m2\repository\org\springframework\spring-jdbc\7.0.3\spring-jdbc-7.0.3.jar, C:\Users\ADMIN\.m2\repository\org\springframework\boot\spring-boot-starter-security\4.0.2\spring-boot-starter-security-4.0.2.jar, C:\Users\ADMIN\.m2\repository\org\springframework\boot\spring-boot-security\4.0.2\spring-boot-security-4.0.2.jar, C:\Users\ADMIN\.m2\repository\org\springframework\security\spring-security-config\7.0.2\spring-security-config-7.0.2.jar, C:\Users\ADMIN\.m2\repository\org\springframework\security\spring-security-core\7.0.2\spring-security-core-7.0.2.jar, C:\Users\ADMIN\.m2\repository\org\springframework\security\spring-security-crypto\7.0.2\spring-security-crypto-7.0.2.jar, C:\Users\ADMIN\.m2\repository\org\springframework\security\spring-security-web\7.0.2\spring-security-web-7.0.2.jar, C:\Users\ADMIN\.m2\repository\org\springframework\spring-expression\7.0.3\spring-expression-7.0.3.jar, C:\Users\ADMIN\.m2\repository\org\springframework\spring-aop\7.0.3\spring-aop-7.0.3.jar, C:\Users\ADMIN\.m2\repository\org\springframework\spring-beans\7.0.3\spring-beans-7.0.3.jar, C:\Users\ADMIN\.m2\repository\org\springframework\boot\spring-boot-starter-validation\4.0.2\spring-boot-starter-validation-4.0.2.jar, C:\Users\ADMIN\.m2\repository\org\springframework\boot\spring-boot-validation\4.0.2\spring-boot-validation-4.0.2.jar, C:\Users\ADMIN\.m2\repository\org\apache\tomcat\embed\tomcat-embed-el\11.0.15\tomcat-embed-el-11.0.15.jar, C:\Users\ADMIN\.m2\repository\org\hibernate\validator\hibernate-validator\9.0.1.Final\hibernate-validator-9.0.1.Final.jar, C:\Users\ADMIN\.m2\repository\jakarta\validation\jakarta.validation-api\3.1.1\jakarta.validation-api-3.1.1.jar, C:\Users\ADMIN\.m2\repository\org\jboss\logging\jboss-logging\3.6.1.Final\jboss-logging-3.6.1.Final.jar, C:\Users\ADMIN\.m2\repository\com\fasterxml\classmate\1.7.3\classmate-1.7.3.jar, C:\Users\ADMIN\.m2\repository\org\springframework\boot\spring-boot-starter-webmvc\4.0.2\spring-boot-starter-webmvc-4.0.2.jar, C:\Users\ADMIN\.m2\repository\org\springframework\boot\spring-boot-starter-jackson\4.0.2\spring-boot-starter-jackson-4.0.2.jar, C:\Users\ADMIN\.m2\repository\org\springframework\boot\spring-boot-jackson\4.0.2\spring-boot-jackson-4.0.2.jar, C:\Users\ADMIN\.m2\repository\tools\jackson\core\jackson-databind\3.0.4\jackson-databind-3.0.4.jar, C:\Users\ADMIN\.m2\repository\tools\jackson\core\jackson-core\3.0.4\jackson-core-3.0.4.jar, C:\Users\ADMIN\.m2\repository\org\springframework\boot\spring-boot-starter-tomcat\4.0.2\spring-boot-starter-tomcat-4.0.2.jar, C:\Users\ADMIN\.m2\repository\org\springframework\boot\spring-boot-starter-tomcat-runtime\4.0.2\spring-boot-starter-tomcat-runtime-4.0.2.jar, C:\Users\ADMIN\.m2\repository\org\springframework\boot\spring-boot-web-server\4.0.2\spring-boot-web-server-4.0.2.jar, C:\Users\ADMIN\.m2\repository\org\apache\tomcat\embed\tomcat-embed-core\11.0.15\tomcat-embed-core-11.0.15.jar, C:\Users\ADMIN\.m2\repository\org\apache\tomcat\embed\tomcat-embed-websocket\11.0.15\tomcat-embed-websocket-11.0.15.jar, C:\Users\ADMIN\.m2\repository\org\springframework\boot\spring-boot-tomcat\4.0.2\spring-boot-tomcat-4.0.2.jar, C:\Users\ADMIN\.m2\repository\org\springframework\boot\spring-boot-http-converter\4.0.2\spring-boot-http-converter-4.0.2.jar, C:\Users\ADMIN\.m2\repository\org\springframework\spring-web\7.0.3\spring-web-7.0.3.jar, C:\Users\ADMIN\.m2\repository\io\micrometer\micrometer-observation\1.16.2\micrometer-observation-1.16.2.jar, C:\Users\ADMIN\.m2\repository\io\micrometer\micrometer-commons\1.16.2\micrometer-commons-1.16.2.jar, C:\Users\ADMIN\.m2\repository\org\springframework\boot\spring-boot-webmvc\4.0.2\spring-boot-webmvc-4.0.2.jar, C:\Users\ADMIN\.m2\repository\org\springframework\boot\spring-boot-servlet\4.0.2\spring-boot-servlet-4.0.2.jar, C:\Users\ADMIN\.m2\repository\org\springframework\spring-webmvc\7.0.3\spring-webmvc-7.0.3.jar, C:\Users\ADMIN\.m2\repository\org\springframework\boot\spring-boot-starter-mail\4.0.2\spring-boot-starter-mail-4.0.2.jar, C:\Users\ADMIN\.m2\repository\org\springframework\boot\spring-boot-mail\4.0.2\spring-boot-mail-4.0.2.jar, C:\Users\ADMIN\.m2\repository\org\springframework\spring-context-support\7.0.3\spring-context-support-7.0.3.jar, C:\Users\ADMIN\.m2\repository\jakarta\mail\jakarta.mail-api\2.1.5\jakarta.mail-api-2.1.5.jar, C:\Users\ADMIN\.m2\repository\org\eclipse\angus\angus-mail\2.0.5\angus-mail-2.0.5.jar, C:\Users\ADMIN\.m2\repository\org\eclipse\angus\angus-activation\2.0.3\angus-activation-2.0.3.jar, C:\Users\ADMIN\.m2\repository\org\springframework\boot\spring-boot-devtools\4.0.2\spring-boot-devtools-4.0.2.jar, C:\Users\ADMIN\.m2\repository\org\springframework\boot\spring-boot\4.0.2\spring-boot-4.0.2.jar, C:\Users\ADMIN\.m2\repository\org\springframework\spring-context\7.0.3\spring-context-7.0.3.jar, C:\Users\ADMIN\.m2\repository\org\springframework\boot\spring-boot-autoconfigure\4.0.2\spring-boot-autoconfigure-4.0.2.jar, C:\Users\ADMIN\.m2\repository\com\mysql\mysql-connector-j\9.5.0\mysql-connector-j-9.5.0.jar, C:\Users\ADMIN\.m2\repository\com\h2database\h2\2.4.240\h2-2.4.240.jar, C:\Users\ADMIN\.m2\repository\io\jsonwebtoken\jjwt-api\0.11.5\jjwt-api-0.11.5.jar, C:\Users\ADMIN\.m2\repository\io\jsonwebtoken\jjwt-impl\0.11.5\jjwt-impl-0.11.5.jar, C:\Users\ADMIN\.m2\repository\io\jsonwebtoken\jjwt-jackson\0.11.5\jjwt-jackson-0.11.5.jar, C:\Users\ADMIN\.m2\repository\com\fasterxml\jackson\core\jackson-databind\2.20.2\jackson-databind-2.20.2.jar, C:\Users\ADMIN\.m2\repository\com\fasterxml\jackson\core\jackson-annotations\2.20\jackson-annotations-2.20.jar, C:\Users\ADMIN\.m2\repository\com\fasterxml\jackson\core\jackson-core\2.20.2\jackson-core-2.20.2.jar, C:\Users\ADMIN\.m2\repository\com\nimbusds\nimbus-jose-jwt\9.30.1\nimbus-jose-jwt-9.30.1.jar, C:\Users\ADMIN\.m2\repository\com\github\stephenc\jcip\jcip-annotations\1.0-1\jcip-annotations-1.0-1.jar, C:\Users\ADMIN\.m2\repository\org\projectlombok\lombok\1.18.42\lombok-1.18.42.jar, C:\Users\ADMIN\.m2\repository\org\springframework\boot\spring-boot-starter-data-jpa-test\4.0.2\spring-boot-starter-data-jpa-test-4.0.2.jar, C:\Users\ADMIN\.m2\repository\org\springframework\boot\spring-boot-starter-jdbc-test\4.0.2\spring-boot-starter-jdbc-test-4.0.2.jar, C:\Users\ADMIN\.m2\repository\org\springframework\boot\spring-boot-jdbc-test\4.0.2\spring-boot-jdbc-test-4.0.2.jar, C:\Users\ADMIN\.m2\repository\org\springframework\boot\spring-boot-data-jpa-test\4.0.2\spring-boot-data-jpa-test-4.0.2.jar, C:\Users\ADMIN\.m2\repository\org\springframework\boot\spring-boot-jpa-test\4.0.2\spring-boot-jpa-test-4.0.2.jar, C:\Users\ADMIN\.m2\repository\org\springframework\boot\spring-boot-starter-security-test\4.0.2\spring-boot-starter-security-test-4.0.2.jar, C:\Users\ADMIN\.m2\repository\org\springframework\boot\spring-boot-security-test\4.0.2\spring-boot-security-test-4.0.2.jar, C:\Users\ADMIN\.m2\repository\org\springframework\security\spring-security-test\7.0.2\spring-security-test-7.0.2.jar, C:\Users\ADMIN\.m2\repository\org\springframework\boot\spring-boot-starter-validation-test\4.0.2\spring-boot-starter-validation-test-4.0.2.jar, C:\Users\ADMIN\.m2\repository\org\springframework\boot\spring-boot-starter-oauth2-resource-server\4.0.2\spring-boot-starter-oauth2-resource-server-4.0.2.jar, C:\Users\ADMIN\.m2\repository\org\springframework\boot\spring-boot-security-oauth2-resource-server\4.0.2\spring-boot-security-oauth2-resource-server-4.0.2.jar, C:\Users\ADMIN\.m2\repository\org\springframework\security\spring-security-oauth2-jose\7.0.2\spring-security-oauth2-jose-7.0.2.jar, C:\Users\ADMIN\.m2\repository\org\springframework\security\spring-security-oauth2-core\7.0.2\spring-security-oauth2-core-7.0.2.jar, C:\Users\ADMIN\.m2\repository\org\springframework\security\spring-security-oauth2-resource-server\7.0.2\spring-security-oauth2-resource-server-7.0.2.jar, C:\Users\ADMIN\.m2\repository\com\cloudinary\cloudinary-http44\1.36.0\cloudinary-http44-1.36.0.jar, C:\Users\ADMIN\.m2\repository\com\cloudinary\cloudinary-core\1.36.0\cloudinary-core-1.36.0.jar, C:\Users\ADMIN\.m2\repository\org\apache\commons\commons-lang3\3.19.0\commons-lang3-3.19.0.jar, C:\Users\ADMIN\.m2\repository\org\apache\httpcomponents\httpclient\4.4\httpclient-4.4.jar, C:\Users\ADMIN\.m2\repository\org\apache\httpcomponents\httpcore\4.4.16\httpcore-4.4.16.jar, C:\Users\ADMIN\.m2\repository\commons-logging\commons-logging\1.3.5\commons-logging-1.3.5.jar, C:\Users\ADMIN\.m2\repository\commons-codec\commons-codec\1.19.0\commons-codec-1.19.0.jar, C:\Users\ADMIN\.m2\repository\org\apache\httpcomponents\httpmime\4.4\httpmime-4.4.jar, C:\Users\ADMIN\.m2\repository\org\apache\poi\poi-ooxml\5.2.3\poi-ooxml-5.2.3.jar, C:\Users\ADMIN\.m2\repository\org\apache\poi\poi\5.2.3\poi-5.2.3.jar, C:\Users\ADMIN\.m2\repository\org\apache\commons\commons-math3\3.6.1\commons-math3-3.6.1.jar, C:\Users\ADMIN\.m2\repository\com\zaxxer\SparseBitSet\1.2\SparseBitSet-1.2.jar, C:\Users\ADMIN\.m2\repository\org\apache\poi\poi-ooxml-lite\5.2.3\poi-ooxml-lite-5.2.3.jar, C:\Users\ADMIN\.m2\repository\org\apache\xmlbeans\xmlbeans\5.1.1\xmlbeans-5.1.1.jar, C:\Users\ADMIN\.m2\repository\org\apache\commons\commons-compress\1.21\commons-compress-1.21.jar, C:\Users\ADMIN\.m2\repository\commons-io\commons-io\2.11.0\commons-io-2.11.0.jar, C:\Users\ADMIN\.m2\repository\com\github\virtuald\curvesapi\1.07\curvesapi-1.07.jar, C:\Users\ADMIN\.m2\repository\org\apache\logging\log4j\log4j-api\2.25.3\log4j-api-2.25.3.jar, C:\Users\ADMIN\.m2\repository\org\apache\commons\commons-collections4\4.4\commons-collections4-4.4.jar, C:\Users\ADMIN\.m2\repository\org\springframework\boot\spring-boot-test-autoconfigure\4.0.2\spring-boot-test-autoconfigure-4.0.2.jar, C:\Users\ADMIN\.m2\repository\org\springframework\boot\spring-boot-test\4.0.2\spring-boot-test-4.0.2.jar, C:\Users\ADMIN\.m2\repository\org\springframework\boot\spring-boot-starter-test\4.0.2\spring-boot-starter-test-4.0.2.jar, C:\Users\ADMIN\.m2\repository\com\jayway\jsonpath\json-path\2.10.0\json-path-2.10.0.jar, C:\Users\ADMIN\.m2\repository\org\slf4j\slf4j-api\2.0.17\slf4j-api-2.0.17.jar, C:\Users\ADMIN\.m2\repository\jakarta\xml\bind\jakarta.xml.bind-api\4.0.4\jakarta.xml.bind-api-4.0.4.jar, C:\Users\ADMIN\.m2\repository\jakarta\activation\jakarta.activation-api\2.1.4\jakarta.activation-api-2.1.4.jar, C:\Users\ADMIN\.m2\repository\net\minidev\json-smart\2.6.0\json-smart-2.6.0.jar, C:\Users\ADMIN\.m2\repository\net\minidev\accessors-smart\2.6.0\accessors-smart-2.6.0.jar, C:\Users\ADMIN\.m2\repository\org\ow2\asm\asm\9.7.1\asm-9.7.1.jar, C:\Users\ADMIN\.m2\repository\org\assertj\assertj-core\3.27.6\assertj-core-3.27.6.jar, C:\Users\ADMIN\.m2\repository\net\bytebuddy\byte-buddy\1.17.8\byte-buddy-1.17.8.jar, C:\Users\ADMIN\.m2\repository\org\awaitility\awaitility\4.3.0\awaitility-4.3.0.jar, C:\Users\ADMIN\.m2\repository\org\hamcrest\hamcrest\3.0\hamcrest-3.0.jar, C:\Users\ADMIN\.m2\repository\org\junit\jupiter\junit-jupiter\6.0.2\junit-jupiter-6.0.2.jar, C:\Users\ADMIN\.m2\repository\org\junit\jupiter\junit-jupiter-api\6.0.2\junit-jupiter-api-6.0.2.jar, C:\Users\ADMIN\.m2\repository\org\opentest4j\opentest4j\1.3.0\opentest4j-1.3.0.jar, C:\Users\ADMIN\.m2\repository\org\junit\platform\junit-platform-commons\6.0.2\junit-platform-commons-6.0.2.jar, C:\Users\ADMIN\.m2\repository\org\apiguardian\apiguardian-api\1.1.2\apiguardian-api-1.1.2.jar, C:\Users\ADMIN\.m2\repository\org\junit\jupiter\junit-jupiter-params\6.0.2\junit-jupiter-params-6.0.2.jar, C:\Users\ADMIN\.m2\repository\org\junit\jupiter\junit-jupiter-engine\6.0.2\junit-jupiter-engine-6.0.2.jar, C:\Users\ADMIN\.m2\repository\org\junit\platform\junit-platform-engine\6.0.2\junit-platform-engine-6.0.2.jar, C:\Users\ADMIN\.m2\repository\org\mockito\mockito-core\5.20.0\mockito-core-5.20.0.jar, C:\Users\ADMIN\.m2\repository\net\bytebuddy\byte-buddy-agent\1.17.8\byte-buddy-agent-1.17.8.jar, C:\Users\ADMIN\.m2\repository\org\objenesis\objenesis\3.3\objenesis-3.3.jar, C:\Users\ADMIN\.m2\repository\org\mockito\mockito-junit-jupiter\5.20.0\mockito-junit-jupiter-5.20.0.jar, C:\Users\ADMIN\.m2\repository\org\skyscreamer\jsonassert\1.5.3\jsonassert-1.5.3.jar, C:\Users\ADMIN\.m2\repository\com\vaadin\external\google\android-json\0.0.20131108.vaadin1\android-json-0.0.20131108.vaadin1.jar, C:\Users\ADMIN\.m2\repository\org\springframework\spring-core\7.0.3\spring-core-7.0.3.jar, C:\Users\ADMIN\.m2\repository\org\jspecify\jspecify\1.0.0\jspecify-1.0.0.jar, C:\Users\ADMIN\.m2\repository\org\springframework\spring-test\7.0.3\spring-test-7.0.3.jar, C:\Users\ADMIN\.m2\repository\org\xmlunit\xmlunit-core\2.10.4\xmlunit-core-2.10.4.jar, C:\Users\ADMIN\.m2\repository\org\springdoc\springdoc-openapi-starter-webmvc-ui\2.8.3\springdoc-openapi-starter-webmvc-ui-2.8.3.jar, C:\Users\ADMIN\.m2\repository\org\springdoc\springdoc-openapi-starter-webmvc-api\2.8.3\springdoc-openapi-starter-webmvc-api-2.8.3.jar, C:\Users\ADMIN\.m2\repository\org\springdoc\springdoc-openapi-starter-common\2.8.3\springdoc-openapi-starter-common-2.8.3.jar, C:\Users\ADMIN\.m2\repository\io\swagger\core\v3\swagger-core-jakarta\2.2.27\swagger-core-jakarta-2.2.27.jar, C:\Users\ADMIN\.m2\repository\io\swagger\core\v3\swagger-annotations-jakarta\2.2.27\swagger-annotations-jakarta-2.2.27.jar, C:\Users\ADMIN\.m2\repository\io\swagger\core\v3\swagger-models-jakarta\2.2.27\swagger-models-jakarta-2.2.27.jar, C:\Users\ADMIN\.m2\repository\com\fasterxml\jackson\dataformat\jackson-dataformat-yaml\2.20.2\jackson-dataformat-yaml-2.20.2.jar, C:\Users\ADMIN\.m2\repository\com\fasterxml\jackson\datatype\jackson-datatype-jsr310\2.20.2\jackson-datatype-jsr310-2.20.2.jar, C:\Users\ADMIN\.m2\repository\org\webjars\swagger-ui\5.18.2\swagger-ui-5.18.2.jar, C:\Users\ADMIN\.m2\repository\org\webjars\webjars-locator-lite\1.1.3\webjars-locator-lite-1.1.3.jar, C:\Users\ADMIN\.m2\repository\org\postgresql\postgresql\42.7.9\postgresql-42.7.9.jar, C:\Users\ADMIN\.m2\repository\org\checkerframework\checker-qual\3.52.0\checker-qual-3.52.0.jar]
[DEBUG]   (f) useIncrementalCompilation = true
[DEBUG]   (f) useModulePath = true
[DEBUG]   (f) verbose = false
[DEBUG] -- end configuration --
[DEBUG] Using compiler 'javac'.
[DEBUG] Dependency collection stats {ConflictMarker.analyzeTime=82800, ConflictMarker.markTime=13800, ConflictMarker.nodeCount=2, ConflictIdSorter.graphTime=51600, ConflictIdSorter.topsortTime=16400, ConflictIdSorter.conflictIdCount=1, ConflictIdSorter.conflictIdCycleCount=0, ConflictResolver.totalTime=95600, ConflictResolver.conflictItemCount=1, DfDependencyCollector.collectTime=122400, DfDependencyCollector.transformTime=318500}
[DEBUG] CompilerReuseStrategy: reuseCreated
[DEBUG] useIncrementalCompilation enabled
[INFO] Nothing to compile - all classes are up to date.
[DEBUG] Adding E:\J2EE\API_ManageDormitory\target\generated-test-sources\test-annotations to the project test-compile source roots but NOT the actual test-compile source roots:
  E:\J2EE\API_ManageDormitory\src\test\java
[INFO] 
[INFO] --- surefire:3.5.4:test (default-test) @ API_ManageDormitory ---
[DEBUG] Dependency collection stats {ConflictMarker.analyzeTime=30900, ConflictMarker.markTime=15700, ConflictMarker.nodeCount=25, ConflictIdSorter.graphTime=7500, ConflictIdSorter.topsortTime=13300, ConflictIdSorter.conflictIdCount=15, ConflictIdSorter.conflictIdCycleCount=0, ConflictResolver.totalTime=108000, ConflictResolver.conflictItemCount=25, DfDependencyCollector.collectTime=45509900, DfDependencyCollector.transformTime=188200}
[DEBUG] org.apache.maven.plugins:maven-surefire-plugin:jar:3.5.4
[DEBUG]    org.apache.maven.surefire:surefire-api:jar:3.5.4:compile
[DEBUG]       org.apache.maven.surefire:surefire-logger-api:jar:3.5.4:compile
[DEBUG]       org.apache.maven.surefire:surefire-shared-utils:jar:3.5.4:compile (version managed from default)
[DEBUG]    org.apache.maven.surefire:surefire-extensions-api:jar:3.5.4:compile
[DEBUG]    org.apache.maven.surefire:maven-surefire-common:jar:3.5.4:compile
[DEBUG]       org.apache.maven.surefire:surefire-booter:jar:3.5.4:compile
[DEBUG]          org.apache.maven.surefire:surefire-extensions-spi:jar:3.5.4:compile
[DEBUG]       org.apache.maven.resolver:maven-resolver-util:jar:1.4.1:compile
[DEBUG]          org.apache.maven.resolver:maven-resolver-api:jar:1.4.1:compile
[DEBUG]       org.apache.maven.shared:maven-common-artifact-filters:jar:3.4.0:compile (version managed from default)
[DEBUG]          org.slf4j:slf4j-api:jar:1.7.36:compile (version managed from default)
[DEBUG]       org.codehaus.plexus:plexus-java:jar:1.5.0:compile (version managed from default)
[DEBUG]          org.ow2.asm:asm:jar:9.8:compile
[DEBUG]          com.thoughtworks.qdox:qdox:jar:2.2.0:compile
[DEBUG] Created new class realm plugin>org.apache.maven.plugins:maven-surefire-plugin:3.5.4
[DEBUG] Importing foreign packages into class realm plugin>org.apache.maven.plugins:maven-surefire-plugin:3.5.4
[DEBUG]   Imported:  < maven.api
[DEBUG] Populating class realm plugin>org.apache.maven.plugins:maven-surefire-plugin:3.5.4
[DEBUG]   Included: org.apache.maven.plugins:maven-surefire-plugin:jar:3.5.4
[DEBUG]   Included: org.apache.maven.surefire:surefire-api:jar:3.5.4
[DEBUG]   Included: org.apache.maven.surefire:surefire-logger-api:jar:3.5.4
[DEBUG]   Included: org.apache.maven.surefire:surefire-shared-utils:jar:3.5.4
[DEBUG]   Included: org.apache.maven.surefire:surefire-extensions-api:jar:3.5.4
[DEBUG]   Included: org.apache.maven.surefire:maven-surefire-common:jar:3.5.4
[DEBUG]   Included: org.apache.maven.surefire:surefire-booter:jar:3.5.4
[DEBUG]   Included: org.apache.maven.surefire:surefire-extensions-spi:jar:3.5.4
[DEBUG]   Included: org.apache.maven.shared:maven-common-artifact-filters:jar:3.4.0
[DEBUG]   Included: org.codehaus.plexus:plexus-java:jar:1.5.0
[DEBUG]   Included: org.ow2.asm:asm:jar:9.8
[DEBUG]   Included: com.thoughtworks.qdox:qdox:jar:2.2.0
[DEBUG] Loading mojo org.apache.maven.plugins:maven-surefire-plugin:3.5.4:test from plugin realm ClassRealm[plugin>org.apache.maven.plugins:maven-surefire-plugin:3.5.4, parent: jdk.internal.loader.ClassLoaders$AppClassLoader@33909752]
[DEBUG] Configuring mojo execution 'org.apache.maven.plugins:maven-surefire-plugin:3.5.4:test:default-test' with basic configurator -->
[DEBUG]   (f) additionalClasspathDependencies = []
[DEBUG]   (s) additionalClasspathElements = []
[DEBUG]   (s) basedir = E:\J2EE\API_ManageDormitory
[DEBUG]   (s) childDelegation = false
[DEBUG]   (f) classesDirectory = E:\J2EE\API_ManageDormitory\target\classes
[DEBUG]   (s) classpathDependencyExcludes = []
[DEBUG]   (s) dependenciesToScan = []
[DEBUG]   (s) enableAssertions = true
[DEBUG]   (s) enableOutErrElements = true
[DEBUG]   (s) enablePropertiesElement = true
[DEBUG]   (s) encoding = UTF-8
[DEBUG]   (s) excludeJUnit5Engines = []
[DEBUG]   (f) excludedEnvironmentVariables = []
[DEBUG]   (s) excludes = []
[DEBUG]   (s) failIfNoSpecifiedTests = true
[DEBUG]   (s) failIfNoTests = false
[DEBUG]   (s) failOnFlakeCount = 0
[DEBUG]   (f) forkCount = 1
[DEBUG]   (s) forkedProcessExitTimeoutInSeconds = 30
[DEBUG]   (s) includeJUnit5Engines = []
[DEBUG]   (s) includes = []
[DEBUG]   (s) junitArtifactName = junit:junit
[DEBUG]   (f) parallelMavenExecution = false
[DEBUG]   (s) parallelOptimized = true
[DEBUG]   (s) perCoreThreadCount = true
[DEBUG]   (s) pluginArtifactMap = {org.apache.maven.plugins:maven-surefire-plugin=org.apache.maven.plugins:maven-surefire-plugin:maven-plugin:3.5.4:, org.apache.maven.surefire:surefire-api=org.apache.maven.surefire:surefire-api:jar:3.5.4:compile, org.apache.maven.surefire:surefire-logger-api=org.apache.maven.surefire:surefire-logger-api:jar:3.5.4:compile, org.apache.maven.surefire:surefire-shared-utils=org.apache.maven.surefire:surefire-shared-utils:jar:3.5.4:compile, org.apache.maven.surefire:surefire-extensions-api=org.apache.maven.surefire:surefire-extensions-api:jar:3.5.4:compile, org.apache.maven.surefire:maven-surefire-common=org.apache.maven.surefire:maven-surefire-common:jar:3.5.4:compile, org.apache.maven.surefire:surefire-booter=org.apache.maven.surefire:surefire-booter:jar:3.5.4:compile, org.apache.maven.surefire:surefire-extensions-spi=org.apache.maven.surefire:surefire-extensions-spi:jar:3.5.4:compile, org.apache.maven.resolver:maven-resolver-util=org.apache.maven.resolver:maven-resolver-util:jar:1.4.1:compile, org.apache.maven.resolver:maven-resolver-api=org.apache.maven.resolver:maven-resolver-api:jar:1.4.1:compile, org.apache.maven.shared:maven-common-artifact-filters=org.apache.maven.shared:maven-common-artifact-filters:jar:3.4.0:compile, org.slf4j:slf4j-api=org.slf4j:slf4j-api:jar:1.7.36:compile, org.codehaus.plexus:plexus-java=org.codehaus.plexus:plexus-java:jar:1.5.0:compile, org.ow2.asm:asm=org.ow2.asm:asm:jar:9.8:compile, com.thoughtworks.qdox:qdox=com.thoughtworks.qdox:qdox:jar:2.2.0:compile}
[DEBUG]   (f) pluginDescriptor = Component Descriptor: role: 'org.apache.maven.plugin.Mojo', implementation: 'org.apache.maven.plugins.maven_surefire_plugin.HelpMojo', role hint: 'org.apache.maven.plugins:maven-surefire-plugin:3.5.4:help'
role: 'org.apache.maven.plugin.Mojo', implementation: 'org.apache.maven.plugin.surefire.SurefireMojo', role hint: 'org.apache.maven.plugins:maven-surefire-plugin:3.5.4:test'
---
[DEBUG]   (s) printSummary = true
[DEBUG]   (s) project = MavenProject: com.group10:API_ManageDormitory:0.0.1-SNAPSHOT @ E:\J2EE\API_ManageDormitory\pom.xml
[DEBUG]   (s) projectArtifactMap = {org.springframework.boot:spring-boot-starter-data-jpa=org.springframework.boot:spring-boot-starter-data-jpa:jar:4.0.2:compile, org.springframework.boot:spring-boot-starter=org.springframework.boot:spring-boot-starter:jar:4.0.2:compile, org.springframework.boot:spring-boot-starter-logging=org.springframework.boot:spring-boot-starter-logging:jar:4.0.2:compile, ch.qos.logback:logback-classic=ch.qos.logback:logback-classic:jar:1.5.25:compile, ch.qos.logback:logback-core=ch.qos.logback:logback-core:jar:1.5.25:compile, org.apache.logging.log4j:log4j-to-slf4j=org.apache.logging.log4j:log4j-to-slf4j:jar:2.25.3:compile, org.slf4j:jul-to-slf4j=org.slf4j:jul-to-slf4j:jar:2.0.17:compile, jakarta.annotation:jakarta.annotation-api=jakarta.annotation:jakarta.annotation-api:jar:3.0.0:compile, org.yaml:snakeyaml=org.yaml:snakeyaml:jar:2.5:compile, org.springframework.boot:spring-boot-starter-jdbc=org.springframework.boot:spring-boot-starter-jdbc:jar:4.0.2:compile, com.zaxxer:HikariCP=com.zaxxer:HikariCP:jar:7.0.2:compile, org.springframework.boot:spring-boot-data-jpa=org.springframework.boot:spring-boot-data-jpa:jar:4.0.2:compile, org.springframework.boot:spring-boot-data-commons=org.springframework.boot:spring-boot-data-commons:jar:4.0.2:compile, org.springframework.boot:spring-boot-persistence=org.springframework.boot:spring-boot-persistence:jar:4.0.2:compile, org.springframework.data:spring-data-commons=org.springframework.data:spring-data-commons:jar:4.0.2:compile, org.springframework.boot:spring-boot-hibernate=org.springframework.boot:spring-boot-hibernate:jar:4.0.2:compile, org.springframework.boot:spring-boot-jpa=org.springframework.boot:spring-boot-jpa:jar:4.0.2:compile, jakarta.persistence:jakarta.persistence-api=jakarta.persistence:jakarta.persistence-api:jar:3.2.0:compile, org.hibernate.orm:hibernate-core=org.hibernate.orm:hibernate-core:jar:7.2.1.Final:compile, jakarta.transaction:jakarta.transaction-api=jakarta.transaction:jakarta.transaction-api:jar:2.0.1:compile, org.hibernate.models:hibernate-models=org.hibernate.models:hibernate-models:jar:1.0.1:runtime, org.glassfish.jaxb:jaxb-runtime=org.glassfish.jaxb:jaxb-runtime:jar:4.0.6:runtime, org.glassfish.jaxb:jaxb-core=org.glassfish.jaxb:jaxb-core:jar:4.0.6:runtime, org.glassfish.jaxb:txw2=org.glassfish.jaxb:txw2:jar:4.0.6:runtime, com.sun.istack:istack-commons-runtime=com.sun.istack:istack-commons-runtime:jar:4.1.2:runtime, jakarta.inject:jakarta.inject-api=jakarta.inject:jakarta.inject-api:jar:2.0.1:runtime, org.springframework:spring-orm=org.springframework:spring-orm:jar:7.0.3:compile, org.springframework.data:spring-data-jpa=org.springframework.data:spring-data-jpa:jar:4.0.2:compile, org.springframework:spring-tx=org.springframework:spring-tx:jar:7.0.3:compile, org.antlr:antlr4-runtime=org.antlr:antlr4-runtime:jar:4.13.2:compile, org.springframework:spring-aspects=org.springframework:spring-aspects:jar:7.0.3:compile, org.aspectj:aspectjweaver=org.aspectj:aspectjweaver:jar:1.9.25.1:compile, org.springframework.boot:spring-boot-jdbc=org.springframework.boot:spring-boot-jdbc:jar:4.0.2:compile, org.springframework.boot:spring-boot-sql=org.springframework.boot:spring-boot-sql:jar:4.0.2:compile, org.springframework.boot:spring-boot-transaction=org.springframework.boot:spring-boot-transaction:jar:4.0.2:compile, org.springframework:spring-jdbc=org.springframework:spring-jdbc:jar:7.0.3:compile, org.springframework.boot:spring-boot-starter-security=org.springframework.boot:spring-boot-starter-security:jar:4.0.2:compile, org.springframework.boot:spring-boot-security=org.springframework.boot:spring-boot-security:jar:4.0.2:compile, org.springframework.security:spring-security-config=org.springframework.security:spring-security-config:jar:7.0.2:compile, org.springframework.security:spring-security-core=org.springframework.security:spring-security-core:jar:7.0.2:compile, org.springframework.security:spring-security-crypto=org.springframework.security:spring-security-crypto:jar:7.0.2:compile, org.springframework.security:spring-security-web=org.springframework.security:spring-security-web:jar:7.0.2:compile, org.springframework:spring-expression=org.springframework:spring-expression:jar:7.0.3:compile, org.springframework:spring-aop=org.springframework:spring-aop:jar:7.0.3:compile, org.springframework:spring-beans=org.springframework:spring-beans:jar:7.0.3:compile, org.springframework.boot:spring-boot-starter-validation=org.springframework.boot:spring-boot-starter-validation:jar:4.0.2:compile, org.springframework.boot:spring-boot-validation=org.springframework.boot:spring-boot-validation:jar:4.0.2:compile, org.apache.tomcat.embed:tomcat-embed-el=org.apache.tomcat.embed:tomcat-embed-el:jar:11.0.15:compile, org.hibernate.validator:hibernate-validator=org.hibernate.validator:hibernate-validator:jar:9.0.1.Final:compile, jakarta.validation:jakarta.validation-api=jakarta.validation:jakarta.validation-api:jar:3.1.1:compile, org.jboss.logging:jboss-logging=org.jboss.logging:jboss-logging:jar:3.6.1.Final:compile, com.fasterxml:classmate=com.fasterxml:classmate:jar:1.7.3:compile, org.springframework.boot:spring-boot-starter-webmvc=org.springframework.boot:spring-boot-starter-webmvc:jar:4.0.2:compile, org.springframework.boot:spring-boot-starter-jackson=org.springframework.boot:spring-boot-starter-jackson:jar:4.0.2:compile, org.springframework.boot:spring-boot-jackson=org.springframework.boot:spring-boot-jackson:jar:4.0.2:compile, tools.jackson.core:jackson-databind=tools.jackson.core:jackson-databind:jar:3.0.4:compile, tools.jackson.core:jackson-core=tools.jackson.core:jackson-core:jar:3.0.4:compile, org.springframework.boot:spring-boot-starter-tomcat=org.springframework.boot:spring-boot-starter-tomcat:jar:4.0.2:compile, org.springframework.boot:spring-boot-starter-tomcat-runtime=org.springframework.boot:spring-boot-starter-tomcat-runtime:jar:4.0.2:compile, org.springframework.boot:spring-boot-web-server=org.springframework.boot:spring-boot-web-server:jar:4.0.2:compile, org.apache.tomcat.embed:tomcat-embed-core=org.apache.tomcat.embed:tomcat-embed-core:jar:11.0.15:compile, org.apache.tomcat.embed:tomcat-embed-websocket=org.apache.tomcat.embed:tomcat-embed-websocket:jar:11.0.15:compile, org.springframework.boot:spring-boot-tomcat=org.springframework.boot:spring-boot-tomcat:jar:4.0.2:compile, org.springframework.boot:spring-boot-http-converter=org.springframework.boot:spring-boot-http-converter:jar:4.0.2:compile, org.springframework:spring-web=org.springframework:spring-web:jar:7.0.3:compile, io.micrometer:micrometer-observation=io.micrometer:micrometer-observation:jar:1.16.2:compile, io.micrometer:micrometer-commons=io.micrometer:micrometer-commons:jar:1.16.2:compile, org.springframework.boot:spring-boot-webmvc=org.springframework.boot:spring-boot-webmvc:jar:4.0.2:compile, org.springframework.boot:spring-boot-servlet=org.springframework.boot:spring-boot-servlet:jar:4.0.2:compile, org.springframework:spring-webmvc=org.springframework:spring-webmvc:jar:7.0.3:compile, org.springframework.boot:spring-boot-starter-mail=org.springframework.boot:spring-boot-starter-mail:jar:4.0.2:compile, org.springframework.boot:spring-boot-mail=org.springframework.boot:spring-boot-mail:jar:4.0.2:compile, org.springframework:spring-context-support=org.springframework:spring-context-support:jar:7.0.3:compile, jakarta.mail:jakarta.mail-api=jakarta.mail:jakarta.mail-api:jar:2.1.5:compile, org.eclipse.angus:angus-mail=org.eclipse.angus:angus-mail:jar:2.0.5:runtime, org.eclipse.angus:angus-activation=org.eclipse.angus:angus-activation:jar:2.0.3:runtime, org.springframework.boot:spring-boot-devtools=org.springframework.boot:spring-boot-devtools:jar:4.0.2:runtime, org.springframework.boot:spring-boot=org.springframework.boot:spring-boot:jar:4.0.2:compile, org.springframework:spring-context=org.springframework:spring-context:jar:7.0.3:compile, org.springframework.boot:spring-boot-autoconfigure=org.springframework.boot:spring-boot-autoconfigure:jar:4.0.2:compile, com.mysql:mysql-connector-j=com.mysql:mysql-connector-j:jar:9.5.0:runtime, com.h2database:h2=com.h2database:h2:jar:2.4.240:test, io.jsonwebtoken:jjwt-api=io.jsonwebtoken:jjwt-api:jar:0.11.5:compile, io.jsonwebtoken:jjwt-impl=io.jsonwebtoken:jjwt-impl:jar:0.11.5:runtime, io.jsonwebtoken:jjwt-jackson=io.jsonwebtoken:jjwt-jackson:jar:0.11.5:runtime, com.fasterxml.jackson.core:jackson-databind=com.fasterxml.jackson.core:jackson-databind:jar:2.20.2:compile, com.fasterxml.jackson.core:jackson-annotations=com.fasterxml.jackson.core:jackson-annotations:jar:2.20:compile, com.fasterxml.jackson.core:jackson-core=com.fasterxml.jackson.core:jackson-core:jar:2.20.2:compile, com.nimbusds:nimbus-jose-jwt=com.nimbusds:nimbus-jose-jwt:jar:9.30.1:compile, com.github.stephenc.jcip:jcip-annotations=com.github.stephenc.jcip:jcip-annotations:jar:1.0-1:compile, org.projectlombok:lombok=org.projectlombok:lombok:jar:1.18.42:compile, org.springframework.boot:spring-boot-starter-data-jpa-test=org.springframework.boot:spring-boot-starter-data-jpa-test:jar:4.0.2:test, org.springframework.boot:spring-boot-starter-jdbc-test=org.springframework.boot:spring-boot-starter-jdbc-test:jar:4.0.2:test, org.springframework.boot:spring-boot-jdbc-test=org.springframework.boot:spring-boot-jdbc-test:jar:4.0.2:test, org.springframework.boot:spring-boot-data-jpa-test=org.springframework.boot:spring-boot-data-jpa-test:jar:4.0.2:test, org.springframework.boot:spring-boot-jpa-test=org.springframework.boot:spring-boot-jpa-test:jar:4.0.2:test, org.springframework.boot:spring-boot-starter-security-test=org.springframework.boot:spring-boot-starter-security-test:jar:4.0.2:test, org.springframework.boot:spring-boot-security-test=org.springframework.boot:spring-boot-security-test:jar:4.0.2:test, org.springframework.security:spring-security-test=org.springframework.security:spring-security-test:jar:7.0.2:test, org.springframework.boot:spring-boot-starter-validation-test=org.springframework.boot:spring-boot-starter-validation-test:jar:4.0.2:test, org.springframework.boot:spring-boot-starter-oauth2-resource-server=org.springframework.boot:spring-boot-starter-oauth2-resource-server:jar:4.0.2:compile, org.springframework.boot:spring-boot-security-oauth2-resource-server=org.springframework.boot:spring-boot-security-oauth2-resource-server:jar:4.0.2:compile, org.springframework.security:spring-security-oauth2-jose=org.springframework.security:spring-security-oauth2-jose:jar:7.0.2:compile, org.springframework.security:spring-security-oauth2-core=org.springframework.security:spring-security-oauth2-core:jar:7.0.2:compile, org.springframework.security:spring-security-oauth2-resource-server=org.springframework.security:spring-security-oauth2-resource-server:jar:7.0.2:compile, com.cloudinary:cloudinary-http44=com.cloudinary:cloudinary-http44:jar:1.36.0:compile, com.cloudinary:cloudinary-core=com.cloudinary:cloudinary-core:jar:1.36.0:compile, org.apache.commons:commons-lang3=org.apache.commons:commons-lang3:jar:3.19.0:compile, org.apache.httpcomponents:httpclient=org.apache.httpcomponents:httpclient:jar:4.4:compile, org.apache.httpcomponents:httpcore=org.apache.httpcomponents:httpcore:jar:4.4.16:compile, commons-logging:commons-logging=commons-logging:commons-logging:jar:1.3.5:compile, commons-codec:commons-codec=commons-codec:commons-codec:jar:1.19.0:compile, org.apache.httpcomponents:httpmime=org.apache.httpcomponents:httpmime:jar:4.4:compile, org.apache.poi:poi-ooxml=org.apache.poi:poi-ooxml:jar:5.2.3:compile, org.apache.poi:poi=org.apache.poi:poi:jar:5.2.3:compile, org.apache.commons:commons-math3=org.apache.commons:commons-math3:jar:3.6.1:compile, com.zaxxer:SparseBitSet=com.zaxxer:SparseBitSet:jar:1.2:compile, org.apache.poi:poi-ooxml-lite=org.apache.poi:poi-ooxml-lite:jar:5.2.3:compile, org.apache.xmlbeans:xmlbeans=org.apache.xmlbeans:xmlbeans:jar:5.1.1:compile, org.apache.commons:commons-compress=org.apache.commons:commons-compress:jar:1.21:compile, commons-io:commons-io=commons-io:commons-io:jar:2.11.0:compile, com.github.virtuald:curvesapi=com.github.virtuald:curvesapi:jar:1.07:compile, org.apache.logging.log4j:log4j-api=org.apache.logging.log4j:log4j-api:jar:2.25.3:compile, org.apache.commons:commons-collections4=org.apache.commons:commons-collections4:jar:4.4:compile, org.springframework.boot:spring-boot-test-autoconfigure=org.springframework.boot:spring-boot-test-autoconfigure:jar:4.0.2:test, org.springframework.boot:spring-boot-test=org.springframework.boot:spring-boot-test:jar:4.0.2:test, org.springframework.boot:spring-boot-starter-test=org.springframework.boot:spring-boot-starter-test:jar:4.0.2:test, com.jayway.jsonpath:json-path=com.jayway.jsonpath:json-path:jar:2.10.0:test, org.slf4j:slf4j-api=org.slf4j:slf4j-api:jar:2.0.17:compile, jakarta.xml.bind:jakarta.xml.bind-api=jakarta.xml.bind:jakarta.xml.bind-api:jar:4.0.4:compile, jakarta.activation:jakarta.activation-api=jakarta.activation:jakarta.activation-api:jar:2.1.4:compile, net.minidev:json-smart=net.minidev:json-smart:jar:2.6.0:test, net.minidev:accessors-smart=net.minidev:accessors-smart:jar:2.6.0:test, org.ow2.asm:asm=org.ow2.asm:asm:jar:9.7.1:test, org.assertj:assertj-core=org.assertj:assertj-core:jar:3.27.6:test, net.bytebuddy:byte-buddy=net.bytebuddy:byte-buddy:jar:1.17.8:runtime, org.awaitility:awaitility=org.awaitility:awaitility:jar:4.3.0:test, org.hamcrest:hamcrest=org.hamcrest:hamcrest:jar:3.0:test, org.junit.jupiter:junit-jupiter=org.junit.jupiter:junit-jupiter:jar:6.0.2:test, org.junit.jupiter:junit-jupiter-api=org.junit.jupiter:junit-jupiter-api:jar:6.0.2:test, org.opentest4j:opentest4j=org.opentest4j:opentest4j:jar:1.3.0:test, org.junit.platform:junit-platform-commons=org.junit.platform:junit-platform-commons:jar:6.0.2:test, org.apiguardian:apiguardian-api=org.apiguardian:apiguardian-api:jar:1.1.2:test, org.junit.jupiter:junit-jupiter-params=org.junit.jupiter:junit-jupiter-params:jar:6.0.2:test, org.junit.jupiter:junit-jupiter-engine=org.junit.jupiter:junit-jupiter-engine:jar:6.0.2:test, org.junit.platform:junit-platform-engine=org.junit.platform:junit-platform-engine:jar:6.0.2:test, org.mockito:mockito-core=org.mockito:mockito-core:jar:5.20.0:test, net.bytebuddy:byte-buddy-agent=net.bytebuddy:byte-buddy-agent:jar:1.17.8:test, org.objenesis:objenesis=org.objenesis:objenesis:jar:3.3:test, org.mockito:mockito-junit-jupiter=org.mockito:mockito-junit-jupiter:jar:5.20.0:test, org.skyscreamer:jsonassert=org.skyscreamer:jsonassert:jar:1.5.3:test, com.vaadin.external.google:android-json=com.vaadin.external.google:android-json:jar:0.0.20131108.vaadin1:test, org.springframework:spring-core=org.springframework:spring-core:jar:7.0.3:compile, org.jspecify:jspecify=org.jspecify:jspecify:jar:1.0.0:compile, org.springframework:spring-test=org.springframework:spring-test:jar:7.0.3:test, org.xmlunit:xmlunit-core=org.xmlunit:xmlunit-core:jar:2.10.4:test, org.springdoc:springdoc-openapi-starter-webmvc-ui=org.springdoc:springdoc-openapi-starter-webmvc-ui:jar:2.8.3:compile, org.springdoc:springdoc-openapi-starter-webmvc-api=org.springdoc:springdoc-openapi-starter-webmvc-api:jar:2.8.3:compile, org.springdoc:springdoc-openapi-starter-common=org.springdoc:springdoc-openapi-starter-common:jar:2.8.3:compile, io.swagger.core.v3:swagger-core-jakarta=io.swagger.core.v3:swagger-core-jakarta:jar:2.2.27:compile, io.swagger.core.v3:swagger-annotations-jakarta=io.swagger.core.v3:swagger-annotations-jakarta:jar:2.2.27:compile, io.swagger.core.v3:swagger-models-jakarta=io.swagger.core.v3:swagger-models-jakarta:jar:2.2.27:compile, com.fasterxml.jackson.dataformat:jackson-dataformat-yaml=com.fasterxml.jackson.dataformat:jackson-dataformat-yaml:jar:2.20.2:compile, com.fasterxml.jackson.datatype:jackson-datatype-jsr310=com.fasterxml.jackson.datatype:jackson-datatype-jsr310:jar:2.20.2:compile, org.webjars:swagger-ui=org.webjars:swagger-ui:jar:5.18.2:compile, org.webjars:webjars-locator-lite=org.webjars:webjars-locator-lite:jar:1.1.3:compile, org.postgresql:postgresql=org.postgresql:postgresql:jar:42.7.9:runtime, org.checkerframework:checker-qual=org.checkerframework:checker-qual:jar:3.52.0:runtime}
[DEBUG]   (s) projectBuildDirectory = E:\J2EE\API_ManageDormitory\target
[DEBUG]   (f) promoteUserPropertiesToSystemProperties = true
[DEBUG]   (s) redirectTestOutputToFile = false
[DEBUG]   (s) reportFormat = brief
[DEBUG]   (s) reportsDirectory = E:\J2EE\API_ManageDormitory\target\surefire-reports
[DEBUG]   (f) rerunFailingTestsCount = 0
[DEBUG]   (f) reuseForks = true
[DEBUG]   (s) runOrder = filesystem
[DEBUG]   (s) session = org.apache.maven.execution.MavenSession@46f902e0
[DEBUG]   (f) shutdown = exit
[DEBUG]   (s) skip = false
[DEBUG]   (f) skipAfterFailureCount = 0
[DEBUG]   (s) skipTests = false
[DEBUG]   (s) suiteXmlFiles = []
[DEBUG]   (s) tempDir = surefire
[DEBUG]   (s) test = SecurityRBACIntegrationTest
[DEBUG]   (s) testClassesDirectory = E:\J2EE\API_ManageDormitory\target\test-classes
[DEBUG]   (s) testFailureIgnore = false
[DEBUG]   (s) testNGArtifactName = org.testng:testng
[DEBUG]   (s) testSourceDirectory = E:\J2EE\API_ManageDormitory\src\test\java
[DEBUG]   (s) threadCountClasses = 0
[DEBUG]   (s) threadCountMethods = 0
[DEBUG]   (s) threadCountSuites = 0
[DEBUG]   (s) trimStackTrace = false
[DEBUG]   (s) useFile = true
[DEBUG]   (s) useManifestOnlyJar = true
[DEBUG]   (f) useModulePath = true
[DEBUG]   (s) useSystemClassLoader = true
[DEBUG]   (s) useUnlimitedThreads = false
[DEBUG]   (s) workingDirectory = E:\J2EE\API_ManageDormitory
[DEBUG] -- end configuration --
[DEBUG] Using JVM: C:\Program Files\Java\jdk-21\bin\java with Java version 21.0
[DEBUG] Resolved included and excluded patterns: SecurityRBACIntegrationTest
[DEBUG] Surefire report directory: E:\J2EE\API_ManageDormitory\target\surefire-reports
[INFO] Using auto detected provider org.apache.maven.surefire.junitplatform.JUnitPlatformProvider
[DEBUG] Using the provider org.apache.maven.surefire.junitplatform.JUnitPlatformProvider
[DEBUG] Setting system property [basedir]=[E:\J2EE\API_ManageDormitory]
[DEBUG] Setting system property [test]=[SecurityRBACIntegrationTest]
[DEBUG] Setting system property [localRepository]=[C:\Users\ADMIN\.m2\repository]
[DEBUG] Dependency collection stats {ConflictMarker.analyzeTime=16700, ConflictMarker.markTime=11800, ConflictMarker.nodeCount=9, ConflictIdSorter.graphTime=4600, ConflictIdSorter.topsortTime=7900, ConflictIdSorter.conflictIdCount=5, ConflictIdSorter.conflictIdCycleCount=0, ConflictResolver.totalTime=109400, ConflictResolver.conflictItemCount=8, DfDependencyCollector.collectTime=3035600, DfDependencyCollector.transformTime=163500}
[DEBUG] Found implementation of fork node factory: org.apache.maven.plugin.surefire.extensions.LegacyForkNodeFactory
[DEBUG] Using fork starter with configuration implementation org.apache.maven.plugin.surefire.booterclient.JarManifestForkConfiguration
[DEBUG] Dependency collection stats {ConflictMarker.analyzeTime=14200, ConflictMarker.markTime=12100, ConflictMarker.nodeCount=17, ConflictIdSorter.graphTime=36400, ConflictIdSorter.topsortTime=10500, ConflictIdSorter.conflictIdCount=10, ConflictIdSorter.conflictIdCycleCount=0, ConflictResolver.totalTime=83800, ConflictResolver.conflictItemCount=16, DfDependencyCollector.collectTime=11001700, DfDependencyCollector.transformTime=169800}
[DEBUG] Resolving artifact org.junit.platform:junit-platform-launcher:6.0.2
[DEBUG] Dependency collection stats {ConflictMarker.analyzeTime=15400, ConflictMarker.markTime=17700, ConflictMarker.nodeCount=11, ConflictIdSorter.graphTime=19500, ConflictIdSorter.topsortTime=12900, ConflictIdSorter.conflictIdCount=6, ConflictIdSorter.conflictIdCycleCount=0, ConflictResolver.totalTime=111900, ConflictResolver.conflictItemCount=10, DfDependencyCollector.collectTime=1861200, DfDependencyCollector.transformTime=194300}
[DEBUG] Resolved artifact org.junit.platform:junit-platform-launcher:6.0.2 to [org.junit.platform:junit-platform-launcher:jar:6.0.2, org.junit.platform:junit-platform-engine:jar:6.0.2, org.opentest4j:opentest4j:jar:1.3.0, org.junit.platform:junit-platform-commons:jar:6.0.2, org.apiguardian:apiguardian-api:jar:1.1.2, org.jspecify:jspecify:jar:1.0.0]
[DEBUG] test classpath:  E:\J2EE\API_ManageDormitory\target\test-classes  E:\J2EE\API_ManageDormitory\target\classes  C:\Users\ADMIN\.m2\repository\org\springframework\boot\spring-boot-starter-data-jpa\4.0.2\spring-boot-starter-data-jpa-4.0.2.jar  C:\Users\ADMIN\.m2\repository\org\springframework\boot\spring-boot-starter\4.0.2\spring-boot-starter-4.0.2.jar  C:\Users\ADMIN\.m2\repository\org\springframework\boot\spring-boot-starter-logging\4.0.2\spring-boot-starter-logging-4.0.2.jar  C:\Users\ADMIN\.m2\repository\ch\qos\logback\logback-classic\1.5.25\logback-classic-1.5.25.jar  C:\Users\ADMIN\.m2\repository\ch\qos\logback\logback-core\1.5.25\logback-core-1.5.25.jar  C:\Users\ADMIN\.m2\repository\org\apache\logging\log4j\log4j-to-slf4j\2.25.3\log4j-to-slf4j-2.25.3.jar  C:\Users\ADMIN\.m2\repository\org\slf4j\jul-to-slf4j\2.0.17\jul-to-slf4j-2.0.17.jar  C:\Users\ADMIN\.m2\repository\jakarta\annotation\jakarta.annotation-api\3.0.0\jakarta.annotation-api-3.0.0.jar  C:\Users\ADMIN\.m2\repository\org\yaml\snakeyaml\2.5\snakeyaml-2.5.jar  C:\Users\ADMIN\.m2\repository\org\springframework\boot\spring-boot-starter-jdbc\4.0.2\spring-boot-starter-jdbc-4.0.2.jar  C:\Users\ADMIN\.m2\repository\com\zaxxer\HikariCP\7.0.2\HikariCP-7.0.2.jar  C:\Users\ADMIN\.m2\repository\org\springframework\boot\spring-boot-data-jpa\4.0.2\spring-boot-data-jpa-4.0.2.jar  C:\Users\ADMIN\.m2\repository\org\springframework\boot\spring-boot-data-commons\4.0.2\spring-boot-data-commons-4.0.2.jar  C:\Users\ADMIN\.m2\repository\org\springframework\boot\spring-boot-persistence\4.0.2\spring-boot-persistence-4.0.2.jar  C:\Users\ADMIN\.m2\repository\org\springframework\data\spring-data-commons\4.0.2\spring-data-commons-4.0.2.jar  C:\Users\ADMIN\.m2\repository\org\springframework\boot\spring-boot-hibernate\4.0.2\spring-boot-hibernate-4.0.2.jar  C:\Users\ADMIN\.m2\repository\org\springframework\boot\spring-boot-jpa\4.0.2\spring-boot-jpa-4.0.2.jar  C:\Users\ADMIN\.m2\repository\jakarta\persistence\jakarta.persistence-api\3.2.0\jakarta.persistence-api-3.2.0.jar  C:\Users\ADMIN\.m2\repository\org\hibernate\orm\hibernate-core\7.2.1.Final\hibernate-core-7.2.1.Final.jar  C:\Users\ADMIN\.m2\repository\jakarta\transaction\jakarta.transaction-api\2.0.1\jakarta.transaction-api-2.0.1.jar  C:\Users\ADMIN\.m2\repository\org\hibernate\models\hibernate-models\1.0.1\hibernate-models-1.0.1.jar  C:\Users\ADMIN\.m2\repository\org\glassfish\jaxb\jaxb-runtime\4.0.6\jaxb-runtime-4.0.6.jar  C:\Users\ADMIN\.m2\repository\org\glassfish\jaxb\jaxb-core\4.0.6\jaxb-core-4.0.6.jar  C:\Users\ADMIN\.m2\repository\org\glassfish\jaxb\txw2\4.0.6\txw2-4.0.6.jar  C:\Users\ADMIN\.m2\repository\com\sun\istack\istack-commons-runtime\4.1.2\istack-commons-runtime-4.1.2.jar  C:\Users\ADMIN\.m2\repository\jakarta\inject\jakarta.inject-api\2.0.1\jakarta.inject-api-2.0.1.jar  C:\Users\ADMIN\.m2\repository\org\springframework\spring-orm\7.0.3\spring-orm-7.0.3.jar  C:\Users\ADMIN\.m2\repository\org\springframework\data\spring-data-jpa\4.0.2\spring-data-jpa-4.0.2.jar  C:\Users\ADMIN\.m2\repository\org\springframework\spring-tx\7.0.3\spring-tx-7.0.3.jar  C:\Users\ADMIN\.m2\repository\org\antlr\antlr4-runtime\4.13.2\antlr4-runtime-4.13.2.jar  C:\Users\ADMIN\.m2\repository\org\springframework\spring-aspects\7.0.3\spring-aspects-7.0.3.jar  C:\Users\ADMIN\.m2\repository\org\aspectj\aspectjweaver\1.9.25.1\aspectjweaver-1.9.25.1.jar  C:\Users\ADMIN\.m2\repository\org\springframework\boot\spring-boot-jdbc\4.0.2\spring-boot-jdbc-4.0.2.jar  C:\Users\ADMIN\.m2\repository\org\springframework\boot\spring-boot-sql\4.0.2\spring-boot-sql-4.0.2.jar  C:\Users\ADMIN\.m2\repository\org\springframework\boot\spring-boot-transaction\4.0.2\spring-boot-transaction-4.0.2.jar  C:\Users\ADMIN\.m2\repository\org\springframework\spring-jdbc\7.0.3\spring-jdbc-7.0.3.jar  C:\Users\ADMIN\.m2\repository\org\springframework\boot\spring-boot-starter-security\4.0.2\spring-boot-starter-security-4.0.2.jar  C:\Users\ADMIN\.m2\repository\org\springframework\boot\spring-boot-security\4.0.2\spring-boot-security-4.0.2.jar  C:\Users\ADMIN\.m2\repository\org\springframework\security\spring-security-config\7.0.2\spring-security-config-7.0.2.jar  C:\Users\ADMIN\.m2\repository\org\springframework\security\spring-security-core\7.0.2\spring-security-core-7.0.2.jar  C:\Users\ADMIN\.m2\repository\org\springframework\security\spring-security-crypto\7.0.2\spring-security-crypto-7.0.2.jar  C:\Users\ADMIN\.m2\repository\org\springframework\security\spring-security-web\7.0.2\spring-security-web-7.0.2.jar  C:\Users\ADMIN\.m2\repository\org\springframework\spring-expression\7.0.3\spring-expression-7.0.3.jar  C:\Users\ADMIN\.m2\repository\org\springframework\spring-aop\7.0.3\spring-aop-7.0.3.jar  C:\Users\ADMIN\.m2\repository\org\springframework\spring-beans\7.0.3\spring-beans-7.0.3.jar  C:\Users\ADMIN\.m2\repository\org\springframework\boot\spring-boot-starter-validation\4.0.2\spring-boot-starter-validation-4.0.2.jar  C:\Users\ADMIN\.m2\repository\org\springframework\boot\spring-boot-validation\4.0.2\spring-boot-validation-4.0.2.jar  C:\Users\ADMIN\.m2\repository\org\apache\tomcat\embed\tomcat-embed-el\11.0.15\tomcat-embed-el-11.0.15.jar  C:\Users\ADMIN\.m2\repository\org\hibernate\validator\hibernate-validator\9.0.1.Final\hibernate-validator-9.0.1.Final.jar  C:\Users\ADMIN\.m2\repository\jakarta\validation\jakarta.validation-api\3.1.1\jakarta.validation-api-3.1.1.jar  C:\Users\ADMIN\.m2\repository\org\jboss\logging\jboss-logging\3.6.1.Final\jboss-logging-3.6.1.Final.jar  C:\Users\ADMIN\.m2\repository\com\fasterxml\classmate\1.7.3\classmate-1.7.3.jar  C:\Users\ADMIN\.m2\repository\org\springframework\boot\spring-boot-starter-webmvc\4.0.2\spring-boot-starter-webmvc-4.0.2.jar  C:\Users\ADMIN\.m2\repository\org\springframework\boot\spring-boot-starter-jackson\4.0.2\spring-boot-starter-jackson-4.0.2.jar  C:\Users\ADMIN\.m2\repository\org\springframework\boot\spring-boot-jackson\4.0.2\spring-boot-jackson-4.0.2.jar  C:\Users\ADMIN\.m2\repository\tools\jackson\core\jackson-databind\3.0.4\jackson-databind-3.0.4.jar  C:\Users\ADMIN\.m2\repository\tools\jackson\core\jackson-core\3.0.4\jackson-core-3.0.4.jar  C:\Users\ADMIN\.m2\repository\org\springframework\boot\spring-boot-starter-tomcat\4.0.2\spring-boot-starter-tomcat-4.0.2.jar  C:\Users\ADMIN\.m2\repository\org\springframework\boot\spring-boot-starter-tomcat-runtime\4.0.2\spring-boot-starter-tomcat-runtime-4.0.2.jar  C:\Users\ADMIN\.m2\repository\org\springframework\boot\spring-boot-web-server\4.0.2\spring-boot-web-server-4.0.2.jar  C:\Users\ADMIN\.m2\repository\org\apache\tomcat\embed\tomcat-embed-core\11.0.15\tomcat-embed-core-11.0.15.jar  C:\Users\ADMIN\.m2\repository\org\apache\tomcat\embed\tomcat-embed-websocket\11.0.15\tomcat-embed-websocket-11.0.15.jar  C:\Users\ADMIN\.m2\repository\org\springframework\boot\spring-boot-tomcat\4.0.2\spring-boot-tomcat-4.0.2.jar  C:\Users\ADMIN\.m2\repository\org\springframework\boot\spring-boot-http-converter\4.0.2\spring-boot-http-converter-4.0.2.jar  C:\Users\ADMIN\.m2\repository\org\springframework\spring-web\7.0.3\spring-web-7.0.3.jar  C:\Users\ADMIN\.m2\repository\io\micrometer\micrometer-observation\1.16.2\micrometer-observation-1.16.2.jar  C:\Users\ADMIN\.m2\repository\io\micrometer\micrometer-commons\1.16.2\micrometer-commons-1.16.2.jar  C:\Users\ADMIN\.m2\repository\org\springframework\boot\spring-boot-webmvc\4.0.2\spring-boot-webmvc-4.0.2.jar  C:\Users\ADMIN\.m2\repository\org\springframework\boot\spring-boot-servlet\4.0.2\spring-boot-servlet-4.0.2.jar  C:\Users\ADMIN\.m2\repository\org\springframework\spring-webmvc\7.0.3\spring-webmvc-7.0.3.jar  C:\Users\ADMIN\.m2\repository\org\springframework\boot\spring-boot-starter-mail\4.0.2\spring-boot-starter-mail-4.0.2.jar  C:\Users\ADMIN\.m2\repository\org\springframework\boot\spring-boot-mail\4.0.2\spring-boot-mail-4.0.2.jar  C:\Users\ADMIN\.m2\repository\org\springframework\spring-context-support\7.0.3\spring-context-support-7.0.3.jar  C:\Users\ADMIN\.m2\repository\jakarta\mail\jakarta.mail-api\2.1.5\jakarta.mail-api-2.1.5.jar  C:\Users\ADMIN\.m2\repository\org\eclipse\angus\angus-mail\2.0.5\angus-mail-2.0.5.jar  C:\Users\ADMIN\.m2\repository\org\eclipse\angus\angus-activation\2.0.3\angus-activation-2.0.3.jar  C:\Users\ADMIN\.m2\repository\org\springframework\boot\spring-boot-devtools\4.0.2\spring-boot-devtools-4.0.2.jar  C:\Users\ADMIN\.m2\repository\org\springframework\boot\spring-boot\4.0.2\spring-boot-4.0.2.jar  C:\Users\ADMIN\.m2\repository\org\springframework\spring-context\7.0.3\spring-context-7.0.3.jar  C:\Users\ADMIN\.m2\repository\org\springframework\boot\spring-boot-autoconfigure\4.0.2\spring-boot-autoconfigure-4.0.2.jar  C:\Users\ADMIN\.m2\repository\com\mysql\mysql-connector-j\9.5.0\mysql-connector-j-9.5.0.jar  C:\Users\ADMIN\.m2\repository\com\h2database\h2\2.4.240\h2-2.4.240.jar  C:\Users\ADMIN\.m2\repository\io\jsonwebtoken\jjwt-api\0.11.5\jjwt-api-0.11.5.jar  C:\Users\ADMIN\.m2\repository\io\jsonwebtoken\jjwt-impl\0.11.5\jjwt-impl-0.11.5.jar  C:\Users\ADMIN\.m2\repository\io\jsonwebtoken\jjwt-jackson\0.11.5\jjwt-jackson-0.11.5.jar  C:\Users\ADMIN\.m2\repository\com\fasterxml\jackson\core\jackson-databind\2.20.2\jackson-databind-2.20.2.jar  C:\Users\ADMIN\.m2\repository\com\fasterxml\jackson\core\jackson-annotations\2.20\jackson-annotations-2.20.jar  C:\Users\ADMIN\.m2\repository\com\fasterxml\jackson\core\jackson-core\2.20.2\jackson-core-2.20.2.jar  C:\Users\ADMIN\.m2\repository\com\nimbusds\nimbus-jose-jwt\9.30.1\nimbus-jose-jwt-9.30.1.jar  C:\Users\ADMIN\.m2\repository\com\github\stephenc\jcip\jcip-annotations\1.0-1\jcip-annotations-1.0-1.jar  C:\Users\ADMIN\.m2\repository\org\projectlombok\lombok\1.18.42\lombok-1.18.42.jar  C:\Users\ADMIN\.m2\repository\org\springframework\boot\spring-boot-starter-data-jpa-test\4.0.2\spring-boot-starter-data-jpa-test-4.0.2.jar  C:\Users\ADMIN\.m2\repository\org\springframework\boot\spring-boot-starter-jdbc-test\4.0.2\spring-boot-starter-jdbc-test-4.0.2.jar  C:\Users\ADMIN\.m2\repository\org\springframework\boot\spring-boot-jdbc-test\4.0.2\spring-boot-jdbc-test-4.0.2.jar  C:\Users\ADMIN\.m2\repository\org\springframework\boot\spring-boot-data-jpa-test\4.0.2\spring-boot-data-jpa-test-4.0.2.jar  C:\Users\ADMIN\.m2\repository\org\springframework\boot\spring-boot-jpa-test\4.0.2\spring-boot-jpa-test-4.0.2.jar  C:\Users\ADMIN\.m2\repository\org\springframework\boot\spring-boot-starter-security-test\4.0.2\spring-boot-starter-security-test-4.0.2.jar  C:\Users\ADMIN\.m2\repository\org\springframework\boot\spring-boot-security-test\4.0.2\spring-boot-security-test-4.0.2.jar  C:\Users\ADMIN\.m2\repository\org\springframework\security\spring-security-test\7.0.2\spring-security-test-7.0.2.jar  C:\Users\ADMIN\.m2\repository\org\springframework\boot\spring-boot-starter-validation-test\4.0.2\spring-boot-starter-validation-test-4.0.2.jar  C:\Users\ADMIN\.m2\repository\org\springframework\boot\spring-boot-starter-oauth2-resource-server\4.0.2\spring-boot-starter-oauth2-resource-server-4.0.2.jar  C:\Users\ADMIN\.m2\repository\org\springframework\boot\spring-boot-security-oauth2-resource-server\4.0.2\spring-boot-security-oauth2-resource-server-4.0.2.jar  C:\Users\ADMIN\.m2\repository\org\springframework\security\spring-security-oauth2-jose\7.0.2\spring-security-oauth2-jose-7.0.2.jar  C:\Users\ADMIN\.m2\repository\org\springframework\security\spring-security-oauth2-core\7.0.2\spring-security-oauth2-core-7.0.2.jar  C:\Users\ADMIN\.m2\repository\org\springframework\security\spring-security-oauth2-resource-server\7.0.2\spring-security-oauth2-resource-server-7.0.2.jar  C:\Users\ADMIN\.m2\repository\com\cloudinary\cloudinary-http44\1.36.0\cloudinary-http44-1.36.0.jar  C:\Users\ADMIN\.m2\repository\com\cloudinary\cloudinary-core\1.36.0\cloudinary-core-1.36.0.jar  C:\Users\ADMIN\.m2\repository\org\apache\commons\commons-lang3\3.19.0\commons-lang3-3.19.0.jar  C:\Users\ADMIN\.m2\repository\org\apache\httpcomponents\httpclient\4.4\httpclient-4.4.jar  C:\Users\ADMIN\.m2\repository\org\apache\httpcomponents\httpcore\4.4.16\httpcore-4.4.16.jar  C:\Users\ADMIN\.m2\repository\commons-logging\commons-logging\1.3.5\commons-logging-1.3.5.jar  C:\Users\ADMIN\.m2\repository\commons-codec\commons-codec\1.19.0\commons-codec-1.19.0.jar  C:\Users\ADMIN\.m2\repository\org\apache\httpcomponents\httpmime\4.4\httpmime-4.4.jar  C:\Users\ADMIN\.m2\repository\org\apache\poi\poi-ooxml\5.2.3\poi-ooxml-5.2.3.jar  C:\Users\ADMIN\.m2\repository\org\apache\poi\poi\5.2.3\poi-5.2.3.jar  C:\Users\ADMIN\.m2\repository\org\apache\commons\commons-math3\3.6.1\commons-math3-3.6.1.jar  C:\Users\ADMIN\.m2\repository\com\zaxxer\SparseBitSet\1.2\SparseBitSet-1.2.jar  C:\Users\ADMIN\.m2\repository\org\apache\poi\poi-ooxml-lite\5.2.3\poi-ooxml-lite-5.2.3.jar  C:\Users\ADMIN\.m2\repository\org\apache\xmlbeans\xmlbeans\5.1.1\xmlbeans-5.1.1.jar  C:\Users\ADMIN\.m2\repository\org\apache\commons\commons-compress\1.21\commons-compress-1.21.jar  C:\Users\ADMIN\.m2\repository\commons-io\commons-io\2.11.0\commons-io-2.11.0.jar  C:\Users\ADMIN\.m2\repository\com\github\virtuald\curvesapi\1.07\curvesapi-1.07.jar  C:\Users\ADMIN\.m2\repository\org\apache\logging\log4j\log4j-api\2.25.3\log4j-api-2.25.3.jar  C:\Users\ADMIN\.m2\repository\org\apache\commons\commons-collections4\4.4\commons-collections4-4.4.jar  C:\Users\ADMIN\.m2\repository\org\springframework\boot\spring-boot-test-autoconfigure\4.0.2\spring-boot-test-autoconfigure-4.0.2.jar  C:\Users\ADMIN\.m2\repository\org\springframework\boot\spring-boot-test\4.0.2\spring-boot-test-4.0.2.jar  C:\Users\ADMIN\.m2\repository\org\springframework\boot\spring-boot-starter-test\4.0.2\spring-boot-starter-test-4.0.2.jar  C:\Users\ADMIN\.m2\repository\com\jayway\jsonpath\json-path\2.10.0\json-path-2.10.0.jar  C:\Users\ADMIN\.m2\repository\org\slf4j\slf4j-api\2.0.17\slf4j-api-2.0.17.jar  C:\Users\ADMIN\.m2\repository\jakarta\xml\bind\jakarta.xml.bind-api\4.0.4\jakarta.xml.bind-api-4.0.4.jar  C:\Users\ADMIN\.m2\repository\jakarta\activation\jakarta.activation-api\2.1.4\jakarta.activation-api-2.1.4.jar  C:\Users\ADMIN\.m2\repository\net\minidev\json-smart\2.6.0\json-smart-2.6.0.jar  C:\Users\ADMIN\.m2\repository\net\minidev\accessors-smart\2.6.0\accessors-smart-2.6.0.jar  C:\Users\ADMIN\.m2\repository\org\ow2\asm\asm\9.7.1\asm-9.7.1.jar  C:\Users\ADMIN\.m2\repository\org\assertj\assertj-core\3.27.6\assertj-core-3.27.6.jar  C:\Users\ADMIN\.m2\repository\net\bytebuddy\byte-buddy\1.17.8\byte-buddy-1.17.8.jar  C:\Users\ADMIN\.m2\repository\org\awaitility\awaitility\4.3.0\awaitility-4.3.0.jar  C:\Users\ADMIN\.m2\repository\org\hamcrest\hamcrest\3.0\hamcrest-3.0.jar  C:\Users\ADMIN\.m2\repository\org\junit\jupiter\junit-jupiter\6.0.2\junit-jupiter-6.0.2.jar  C:\Users\ADMIN\.m2\repository\org\junit\jupiter\junit-jupiter-api\6.0.2\junit-jupiter-api-6.0.2.jar  C:\Users\ADMIN\.m2\repository\org\opentest4j\opentest4j\1.3.0\opentest4j-1.3.0.jar  C:\Users\ADMIN\.m2\repository\org\junit\platform\junit-platform-commons\6.0.2\junit-platform-commons-6.0.2.jar  C:\Users\ADMIN\.m2\repository\org\apiguardian\apiguardian-api\1.1.2\apiguardian-api-1.1.2.jar  C:\Users\ADMIN\.m2\repository\org\junit\jupiter\junit-jupiter-params\6.0.2\junit-jupiter-params-6.0.2.jar  C:\Users\ADMIN\.m2\repository\org\junit\jupiter\junit-jupiter-engine\6.0.2\junit-jupiter-engine-6.0.2.jar  C:\Users\ADMIN\.m2\repository\org\junit\platform\junit-platform-engine\6.0.2\junit-platform-engine-6.0.2.jar  C:\Users\ADMIN\.m2\repository\org\mockito\mockito-core\5.20.0\mockito-core-5.20.0.jar  C:\Users\ADMIN\.m2\repository\net\bytebuddy\byte-buddy-agent\1.17.8\byte-buddy-agent-1.17.8.jar  C:\Users\ADMIN\.m2\repository\org\objenesis\objenesis\3.3\objenesis-3.3.jar  C:\Users\ADMIN\.m2\repository\org\mockito\mockito-junit-jupiter\5.20.0\mockito-junit-jupiter-5.20.0.jar  C:\Users\ADMIN\.m2\repository\org\skyscreamer\jsonassert\1.5.3\jsonassert-1.5.3.jar  C:\Users\ADMIN\.m2\repository\com\vaadin\external\google\android-json\0.0.20131108.vaadin1\android-json-0.0.20131108.vaadin1.jar  C:\Users\ADMIN\.m2\repository\org\springframework\spring-core\7.0.3\spring-core-7.0.3.jar  C:\Users\ADMIN\.m2\repository\org\jspecify\jspecify\1.0.0\jspecify-1.0.0.jar  C:\Users\ADMIN\.m2\repository\org\springframework\spring-test\7.0.3\spring-test-7.0.3.jar  C:\Users\ADMIN\.m2\repository\org\xmlunit\xmlunit-core\2.10.4\xmlunit-core-2.10.4.jar  C:\Users\ADMIN\.m2\repository\org\springdoc\springdoc-openapi-starter-webmvc-ui\2.8.3\springdoc-openapi-starter-webmvc-ui-2.8.3.jar  C:\Users\ADMIN\.m2\repository\org\springdoc\springdoc-openapi-starter-webmvc-api\2.8.3\springdoc-openapi-starter-webmvc-api-2.8.3.jar  C:\Users\ADMIN\.m2\repository\org\springdoc\springdoc-openapi-starter-common\2.8.3\springdoc-openapi-starter-common-2.8.3.jar  C:\Users\ADMIN\.m2\repository\io\swagger\core\v3\swagger-core-jakarta\2.2.27\swagger-core-jakarta-2.2.27.jar  C:\Users\ADMIN\.m2\repository\io\swagger\core\v3\swagger-annotations-jakarta\2.2.27\swagger-annotations-jakarta-2.2.27.jar  C:\Users\ADMIN\.m2\repository\io\swagger\core\v3\swagger-models-jakarta\2.2.27\swagger-models-jakarta-2.2.27.jar  C:\Users\ADMIN\.m2\repository\com\fasterxml\jackson\dataformat\jackson-dataformat-yaml\2.20.2\jackson-dataformat-yaml-2.20.2.jar  C:\Users\ADMIN\.m2\repository\com\fasterxml\jackson\datatype\jackson-datatype-jsr310\2.20.2\jackson-datatype-jsr310-2.20.2.jar  C:\Users\ADMIN\.m2\repository\org\webjars\swagger-ui\5.18.2\swagger-ui-5.18.2.jar  C:\Users\ADMIN\.m2\repository\org\webjars\webjars-locator-lite\1.1.3\webjars-locator-lite-1.1.3.jar  C:\Users\ADMIN\.m2\repository\org\postgresql\postgresql\42.7.9\postgresql-42.7.9.jar  C:\Users\ADMIN\.m2\repository\org\checkerframework\checker-qual\3.52.0\checker-qual-3.52.0.jar
[DEBUG] provider classpath:  C:\Users\ADMIN\.m2\repository\org\apache\maven\surefire\surefire-junit-platform\3.5.4\surefire-junit-platform-3.5.4.jar  C:\Users\ADMIN\.m2\repository\org\apache\maven\surefire\surefire-api\3.5.4\surefire-api-3.5.4.jar  C:\Users\ADMIN\.m2\repository\org\apache\maven\surefire\surefire-logger-api\3.5.4\surefire-logger-api-3.5.4.jar  C:\Users\ADMIN\.m2\repository\org\apache\maven\surefire\surefire-shared-utils\3.5.4\surefire-shared-utils-3.5.4.jar  C:\Users\ADMIN\.m2\repository\org\apache\maven\surefire\common-java5\3.5.4\common-java5-3.5.4.jar  C:\Users\ADMIN\.m2\repository\org\junit\platform\junit-platform-launcher\6.0.2\junit-platform-launcher-6.0.2.jar
[DEBUG] test(compact) classpath:  test-classes  classes  spring-boot-starter-data-jpa-4.0.2.jar  spring-boot-starter-4.0.2.jar  spring-boot-starter-logging-4.0.2.jar  logback-classic-1.5.25.jar  logback-core-1.5.25.jar  log4j-to-slf4j-2.25.3.jar  jul-to-slf4j-2.0.17.jar  jakarta.annotation-api-3.0.0.jar  snakeyaml-2.5.jar  spring-boot-starter-jdbc-4.0.2.jar  HikariCP-7.0.2.jar  spring-boot-data-jpa-4.0.2.jar  spring-boot-data-commons-4.0.2.jar  spring-boot-persistence-4.0.2.jar  spring-data-commons-4.0.2.jar  spring-boot-hibernate-4.0.2.jar  spring-boot-jpa-4.0.2.jar  jakarta.persistence-api-3.2.0.jar  hibernate-core-7.2.1.Final.jar  jakarta.transaction-api-2.0.1.jar  hibernate-models-1.0.1.jar  jaxb-runtime-4.0.6.jar  jaxb-core-4.0.6.jar  txw2-4.0.6.jar  istack-commons-runtime-4.1.2.jar  jakarta.inject-api-2.0.1.jar  spring-orm-7.0.3.jar  spring-data-jpa-4.0.2.jar  spring-tx-7.0.3.jar  antlr4-runtime-4.13.2.jar  spring-aspects-7.0.3.jar  aspectjweaver-1.9.25.1.jar  spring-boot-jdbc-4.0.2.jar  spring-boot-sql-4.0.2.jar  spring-boot-transaction-4.0.2.jar  spring-jdbc-7.0.3.jar  spring-boot-starter-security-4.0.2.jar  spring-boot-security-4.0.2.jar  spring-security-config-7.0.2.jar  spring-security-core-7.0.2.jar  spring-security-crypto-7.0.2.jar  spring-security-web-7.0.2.jar  spring-expression-7.0.3.jar  spring-aop-7.0.3.jar  spring-beans-7.0.3.jar  spring-boot-starter-validation-4.0.2.jar  spring-boot-validation-4.0.2.jar  tomcat-embed-el-11.0.15.jar  hibernate-validator-9.0.1.Final.jar  jakarta.validation-api-3.1.1.jar  jboss-logging-3.6.1.Final.jar  classmate-1.7.3.jar  spring-boot-starter-webmvc-4.0.2.jar  spring-boot-starter-jackson-4.0.2.jar  spring-boot-jackson-4.0.2.jar  jackson-databind-3.0.4.jar  jackson-core-3.0.4.jar  spring-boot-starter-tomcat-4.0.2.jar  spring-boot-starter-tomcat-runtime-4.0.2.jar  spring-boot-web-server-4.0.2.jar  tomcat-embed-core-11.0.15.jar  tomcat-embed-websocket-11.0.15.jar  spring-boot-tomcat-4.0.2.jar  spring-boot-http-converter-4.0.2.jar  spring-web-7.0.3.jar  micrometer-observation-1.16.2.jar  micrometer-commons-1.16.2.jar  spring-boot-webmvc-4.0.2.jar  spring-boot-servlet-4.0.2.jar  spring-webmvc-7.0.3.jar  spring-boot-starter-mail-4.0.2.jar  spring-boot-mail-4.0.2.jar  spring-context-support-7.0.3.jar  jakarta.mail-api-2.1.5.jar  angus-mail-2.0.5.jar  angus-activation-2.0.3.jar  spring-boot-devtools-4.0.2.jar  spring-boot-4.0.2.jar  spring-context-7.0.3.jar  spring-boot-autoconfigure-4.0.2.jar  mysql-connector-j-9.5.0.jar  h2-2.4.240.jar  jjwt-api-0.11.5.jar  jjwt-impl-0.11.5.jar  jjwt-jackson-0.11.5.jar  jackson-databind-2.20.2.jar  jackson-annotations-2.20.jar  jackson-core-2.20.2.jar  nimbus-jose-jwt-9.30.1.jar  jcip-annotations-1.0-1.jar  lombok-1.18.42.jar  spring-boot-starter-data-jpa-test-4.0.2.jar  spring-boot-starter-jdbc-test-4.0.2.jar  spring-boot-jdbc-test-4.0.2.jar  spring-boot-data-jpa-test-4.0.2.jar  spring-boot-jpa-test-4.0.2.jar  spring-boot-starter-security-test-4.0.2.jar  spring-boot-security-test-4.0.2.jar  spring-security-test-7.0.2.jar  spring-boot-starter-validation-test-4.0.2.jar  spring-boot-starter-oauth2-resource-server-4.0.2.jar  spring-boot-security-oauth2-resource-server-4.0.2.jar  spring-security-oauth2-jose-7.0.2.jar  spring-security-oauth2-core-7.0.2.jar  spring-security-oauth2-resource-server-7.0.2.jar  cloudinary-http44-1.36.0.jar  cloudinary-core-1.36.0.jar  commons-lang3-3.19.0.jar  httpclient-4.4.jar  httpcore-4.4.16.jar  commons-logging-1.3.5.jar  commons-codec-1.19.0.jar  httpmime-4.4.jar  poi-ooxml-5.2.3.jar  poi-5.2.3.jar  commons-math3-3.6.1.jar  SparseBitSet-1.2.jar  poi-ooxml-lite-5.2.3.jar  xmlbeans-5.1.1.jar  commons-compress-1.21.jar  commons-io-2.11.0.jar  curvesapi-1.07.jar  log4j-api-2.25.3.jar  commons-collections4-4.4.jar  spring-boot-test-autoconfigure-4.0.2.jar  spring-boot-test-4.0.2.jar  spring-boot-starter-test-4.0.2.jar  json-path-2.10.0.jar  slf4j-api-2.0.17.jar  jakarta.xml.bind-api-4.0.4.jar  jakarta.activation-api-2.1.4.jar  json-smart-2.6.0.jar  accessors-smart-2.6.0.jar  asm-9.7.1.jar  assertj-core-3.27.6.jar  byte-buddy-1.17.8.jar  awaitility-4.3.0.jar  hamcrest-3.0.jar  junit-jupiter-6.0.2.jar  junit-jupiter-api-6.0.2.jar  opentest4j-1.3.0.jar  junit-platform-commons-6.0.2.jar  apiguardian-api-1.1.2.jar  junit-jupiter-params-6.0.2.jar  junit-jupiter-engine-6.0.2.jar  junit-platform-engine-6.0.2.jar  mockito-core-5.20.0.jar  byte-buddy-agent-1.17.8.jar  objenesis-3.3.jar  mockito-junit-jupiter-5.20.0.jar  jsonassert-1.5.3.jar  android-json-0.0.20131108.vaadin1.jar  spring-core-7.0.3.jar  jspecify-1.0.0.jar  spring-test-7.0.3.jar  xmlunit-core-2.10.4.jar  springdoc-openapi-starter-webmvc-ui-2.8.3.jar  springdoc-openapi-starter-webmvc-api-2.8.3.jar  springdoc-openapi-starter-common-2.8.3.jar  swagger-core-jakarta-2.2.27.jar  swagger-annotations-jakarta-2.2.27.jar  swagger-models-jakarta-2.2.27.jar  jackson-dataformat-yaml-2.20.2.jar  jackson-datatype-jsr310-2.20.2.jar  swagger-ui-5.18.2.jar  webjars-locator-lite-1.1.3.jar  postgresql-42.7.9.jar  checker-qual-3.52.0.jar
[DEBUG] provider(compact) classpath:  surefire-junit-platform-3.5.4.jar  surefire-api-3.5.4.jar  surefire-logger-api-3.5.4.jar  surefire-shared-utils-3.5.4.jar  common-java5-3.5.4.jar  junit-platform-launcher-6.0.2.jar
[DEBUG] in-process classpath:  C:\Users\ADMIN\.m2\repository\org\apache\maven\surefire\surefire-junit-platform\3.5.4\surefire-junit-platform-3.5.4.jar  C:\Users\ADMIN\.m2\repository\org\apache\maven\surefire\surefire-api\3.5.4\surefire-api-3.5.4.jar  C:\Users\ADMIN\.m2\repository\org\apache\maven\surefire\surefire-logger-api\3.5.4\surefire-logger-api-3.5.4.jar  C:\Users\ADMIN\.m2\repository\org\apache\maven\surefire\surefire-shared-utils\3.5.4\surefire-shared-utils-3.5.4.jar  C:\Users\ADMIN\.m2\repository\org\apache\maven\surefire\common-java5\3.5.4\common-java5-3.5.4.jar  C:\Users\ADMIN\.m2\repository\org\junit\platform\junit-platform-launcher\6.0.2\junit-platform-launcher-6.0.2.jar  C:\Users\ADMIN\.m2\repository\org\apache\maven\surefire\maven-surefire-common\3.5.4\maven-surefire-common-3.5.4.jar  C:\Users\ADMIN\.m2\repository\org\apache\maven\surefire\surefire-booter\3.5.4\surefire-booter-3.5.4.jar  C:\Users\ADMIN\.m2\repository\org\apache\maven\surefire\surefire-extensions-api\3.5.4\surefire-extensions-api-3.5.4.jar  C:\Users\ADMIN\.m2\repository\org\apache\maven\surefire\surefire-extensions-spi\3.5.4\surefire-extensions-spi-3.5.4.jar
[DEBUG] in-process(compact) classpath:  surefire-junit-platform-3.5.4.jar  surefire-api-3.5.4.jar  surefire-logger-api-3.5.4.jar  surefire-shared-utils-3.5.4.jar  common-java5-3.5.4.jar  junit-platform-launcher-6.0.2.jar  maven-surefire-common-3.5.4.jar  surefire-booter-3.5.4.jar  surefire-extensions-api-3.5.4.jar  surefire-extensions-spi-3.5.4.jar
[INFO] 
[INFO] -------------------------------------------------------
[INFO]  T E S T S
[INFO] -------------------------------------------------------
[DEBUG] Determined Maven Process ID 10408
[DEBUG] Fork Channel [1] connection string 'pipe://1' for the implementation class org.apache.maven.plugin.surefire.extensions.LegacyForkChannel
[DEBUG] boot classpath:  C:\Users\ADMIN\.m2\repository\org\apache\maven\surefire\surefire-booter\3.5.4\surefire-booter-3.5.4.jar  C:\Users\ADMIN\.m2\repository\org\apache\maven\surefire\surefire-api\3.5.4\surefire-api-3.5.4.jar  C:\Users\ADMIN\.m2\repository\org\apache\maven\surefire\surefire-extensions-spi\3.5.4\surefire-extensions-spi-3.5.4.jar  C:\Users\ADMIN\.m2\repository\org\apache\maven\surefire\surefire-shared-utils\3.5.4\surefire-shared-utils-3.5.4.jar  C:\Users\ADMIN\.m2\repository\org\apache\maven\surefire\surefire-logger-api\3.5.4\surefire-logger-api-3.5.4.jar  E:\J2EE\API_ManageDormitory\target\test-classes  E:\J2EE\API_ManageDormitory\target\classes  C:\Users\ADMIN\.m2\repository\org\springframework\boot\spring-boot-starter-data-jpa\4.0.2\spring-boot-starter-data-jpa-4.0.2.jar  C:\Users\ADMIN\.m2\repository\org\springframework\boot\spring-boot-starter\4.0.2\spring-boot-starter-4.0.2.jar  C:\Users\ADMIN\.m2\repository\org\springframework\boot\spring-boot-starter-logging\4.0.2\spring-boot-starter-logging-4.0.2.jar  C:\Users\ADMIN\.m2\repository\ch\qos\logback\logback-classic\1.5.25\logback-classic-1.5.25.jar  C:\Users\ADMIN\.m2\repository\ch\qos\logback\logback-core\1.5.25\logback-core-1.5.25.jar  C:\Users\ADMIN\.m2\repository\org\apache\logging\log4j\log4j-to-slf4j\2.25.3\log4j-to-slf4j-2.25.3.jar  C:\Users\ADMIN\.m2\repository\org\slf4j\jul-to-slf4j\2.0.17\jul-to-slf4j-2.0.17.jar  C:\Users\ADMIN\.m2\repository\jakarta\annotation\jakarta.annotation-api\3.0.0\jakarta.annotation-api-3.0.0.jar  C:\Users\ADMIN\.m2\repository\org\yaml\snakeyaml\2.5\snakeyaml-2.5.jar  C:\Users\ADMIN\.m2\repository\org\springframework\boot\spring-boot-starter-jdbc\4.0.2\spring-boot-starter-jdbc-4.0.2.jar  C:\Users\ADMIN\.m2\repository\com\zaxxer\HikariCP\7.0.2\HikariCP-7.0.2.jar  C:\Users\ADMIN\.m2\repository\org\springframework\boot\spring-boot-data-jpa\4.0.2\spring-boot-data-jpa-4.0.2.jar  C:\Users\ADMIN\.m2\repository\org\springframework\boot\spring-boot-data-commons\4.0.2\spring-boot-data-commons-4.0.2.jar  C:\Users\ADMIN\.m2\repository\org\springframework\boot\spring-boot-persistence\4.0.2\spring-boot-persistence-4.0.2.jar  C:\Users\ADMIN\.m2\repository\org\springframework\data\spring-data-commons\4.0.2\spring-data-commons-4.0.2.jar  C:\Users\ADMIN\.m2\repository\org\springframework\boot\spring-boot-hibernate\4.0.2\spring-boot-hibernate-4.0.2.jar  C:\Users\ADMIN\.m2\repository\org\springframework\boot\spring-boot-jpa\4.0.2\spring-boot-jpa-4.0.2.jar  C:\Users\ADMIN\.m2\repository\jakarta\persistence\jakarta.persistence-api\3.2.0\jakarta.persistence-api-3.2.0.jar  C:\Users\ADMIN\.m2\repository\org\hibernate\orm\hibernate-core\7.2.1.Final\hibernate-core-7.2.1.Final.jar  C:\Users\ADMIN\.m2\repository\jakarta\transaction\jakarta.transaction-api\2.0.1\jakarta.transaction-api-2.0.1.jar  C:\Users\ADMIN\.m2\repository\org\hibernate\models\hibernate-models\1.0.1\hibernate-models-1.0.1.jar  C:\Users\ADMIN\.m2\repository\org\glassfish\jaxb\jaxb-runtime\4.0.6\jaxb-runtime-4.0.6.jar  C:\Users\ADMIN\.m2\repository\org\glassfish\jaxb\jaxb-core\4.0.6\jaxb-core-4.0.6.jar  C:\Users\ADMIN\.m2\repository\org\glassfish\jaxb\txw2\4.0.6\txw2-4.0.6.jar  C:\Users\ADMIN\.m2\repository\com\sun\istack\istack-commons-runtime\4.1.2\istack-commons-runtime-4.1.2.jar  C:\Users\ADMIN\.m2\repository\jakarta\inject\jakarta.inject-api\2.0.1\jakarta.inject-api-2.0.1.jar  C:\Users\ADMIN\.m2\repository\org\springframework\spring-orm\7.0.3\spring-orm-7.0.3.jar  C:\Users\ADMIN\.m2\repository\org\springframework\data\spring-data-jpa\4.0.2\spring-data-jpa-4.0.2.jar  C:\Users\ADMIN\.m2\repository\org\springframework\spring-tx\7.0.3\spring-tx-7.0.3.jar  C:\Users\ADMIN\.m2\repository\org\antlr\antlr4-runtime\4.13.2\antlr4-runtime-4.13.2.jar  C:\Users\ADMIN\.m2\repository\org\springframework\spring-aspects\7.0.3\spring-aspects-7.0.3.jar  C:\Users\ADMIN\.m2\repository\org\aspectj\aspectjweaver\1.9.25.1\aspectjweaver-1.9.25.1.jar  C:\Users\ADMIN\.m2\repository\org\springframework\boot\spring-boot-jdbc\4.0.2\spring-boot-jdbc-4.0.2.jar  C:\Users\ADMIN\.m2\repository\org\springframework\boot\spring-boot-sql\4.0.2\spring-boot-sql-4.0.2.jar  C:\Users\ADMIN\.m2\repository\org\springframework\boot\spring-boot-transaction\4.0.2\spring-boot-transaction-4.0.2.jar  C:\Users\ADMIN\.m2\repository\org\springframework\spring-jdbc\7.0.3\spring-jdbc-7.0.3.jar  C:\Users\ADMIN\.m2\repository\org\springframework\boot\spring-boot-starter-security\4.0.2\spring-boot-starter-security-4.0.2.jar  C:\Users\ADMIN\.m2\repository\org\springframework\boot\spring-boot-security\4.0.2\spring-boot-security-4.0.2.jar  C:\Users\ADMIN\.m2\repository\org\springframework\security\spring-security-config\7.0.2\spring-security-config-7.0.2.jar  C:\Users\ADMIN\.m2\repository\org\springframework\security\spring-security-core\7.0.2\spring-security-core-7.0.2.jar  C:\Users\ADMIN\.m2\repository\org\springframework\security\spring-security-crypto\7.0.2\spring-security-crypto-7.0.2.jar  C:\Users\ADMIN\.m2\repository\org\springframework\security\spring-security-web\7.0.2\spring-security-web-7.0.2.jar  C:\Users\ADMIN\.m2\repository\org\springframework\spring-expression\7.0.3\spring-expression-7.0.3.jar  C:\Users\ADMIN\.m2\repository\org\springframework\spring-aop\7.0.3\spring-aop-7.0.3.jar  C:\Users\ADMIN\.m2\repository\org\springframework\spring-beans\7.0.3\spring-beans-7.0.3.jar  C:\Users\ADMIN\.m2\repository\org\springframework\boot\spring-boot-starter-validation\4.0.2\spring-boot-starter-validation-4.0.2.jar  C:\Users\ADMIN\.m2\repository\org\springframework\boot\spring-boot-validation\4.0.2\spring-boot-validation-4.0.2.jar  C:\Users\ADMIN\.m2\repository\org\apache\tomcat\embed\tomcat-embed-el\11.0.15\tomcat-embed-el-11.0.15.jar  C:\Users\ADMIN\.m2\repository\org\hibernate\validator\hibernate-validator\9.0.1.Final\hibernate-validator-9.0.1.Final.jar  C:\Users\ADMIN\.m2\repository\jakarta\validation\jakarta.validation-api\3.1.1\jakarta.validation-api-3.1.1.jar  C:\Users\ADMIN\.m2\repository\org\jboss\logging\jboss-logging\3.6.1.Final\jboss-logging-3.6.1.Final.jar  C:\Users\ADMIN\.m2\repository\com\fasterxml\classmate\1.7.3\classmate-1.7.3.jar  C:\Users\ADMIN\.m2\repository\org\springframework\boot\spring-boot-starter-webmvc\4.0.2\spring-boot-starter-webmvc-4.0.2.jar  C:\Users\ADMIN\.m2\repository\org\springframework\boot\spring-boot-starter-jackson\4.0.2\spring-boot-starter-jackson-4.0.2.jar  C:\Users\ADMIN\.m2\repository\org\springframework\boot\spring-boot-jackson\4.0.2\spring-boot-jackson-4.0.2.jar  C:\Users\ADMIN\.m2\repository\tools\jackson\core\jackson-databind\3.0.4\jackson-databind-3.0.4.jar  C:\Users\ADMIN\.m2\repository\tools\jackson\core\jackson-core\3.0.4\jackson-core-3.0.4.jar  C:\Users\ADMIN\.m2\repository\org\springframework\boot\spring-boot-starter-tomcat\4.0.2\spring-boot-starter-tomcat-4.0.2.jar  C:\Users\ADMIN\.m2\repository\org\springframework\boot\spring-boot-starter-tomcat-runtime\4.0.2\spring-boot-starter-tomcat-runtime-4.0.2.jar  C:\Users\ADMIN\.m2\repository\org\springframework\boot\spring-boot-web-server\4.0.2\spring-boot-web-server-4.0.2.jar  C:\Users\ADMIN\.m2\repository\org\apache\tomcat\embed\tomcat-embed-core\11.0.15\tomcat-embed-core-11.0.15.jar  C:\Users\ADMIN\.m2\repository\org\apache\tomcat\embed\tomcat-embed-websocket\11.0.15\tomcat-embed-websocket-11.0.15.jar  C:\Users\ADMIN\.m2\repository\org\springframework\boot\spring-boot-tomcat\4.0.2\spring-boot-tomcat-4.0.2.jar  C:\Users\ADMIN\.m2\repository\org\springframework\boot\spring-boot-http-converter\4.0.2\spring-boot-http-converter-4.0.2.jar  C:\Users\ADMIN\.m2\repository\org\springframework\spring-web\7.0.3\spring-web-7.0.3.jar  C:\Users\ADMIN\.m2\repository\io\micrometer\micrometer-observation\1.16.2\micrometer-observation-1.16.2.jar  C:\Users\ADMIN\.m2\repository\io\micrometer\micrometer-commons\1.16.2\micrometer-commons-1.16.2.jar  C:\Users\ADMIN\.m2\repository\org\springframework\boot\spring-boot-webmvc\4.0.2\spring-boot-webmvc-4.0.2.jar  C:\Users\ADMIN\.m2\repository\org\springframework\boot\spring-boot-servlet\4.0.2\spring-boot-servlet-4.0.2.jar  C:\Users\ADMIN\.m2\repository\org\springframework\spring-webmvc\7.0.3\spring-webmvc-7.0.3.jar  C:\Users\ADMIN\.m2\repository\org\springframework\boot\spring-boot-starter-mail\4.0.2\spring-boot-starter-mail-4.0.2.jar  C:\Users\ADMIN\.m2\repository\org\springframework\boot\spring-boot-mail\4.0.2\spring-boot-mail-4.0.2.jar  C:\Users\ADMIN\.m2\repository\org\springframework\spring-context-support\7.0.3\spring-context-support-7.0.3.jar  C:\Users\ADMIN\.m2\repository\jakarta\mail\jakarta.mail-api\2.1.5\jakarta.mail-api-2.1.5.jar  C:\Users\ADMIN\.m2\repository\org\eclipse\angus\angus-mail\2.0.5\angus-mail-2.0.5.jar  C:\Users\ADMIN\.m2\repository\org\eclipse\angus\angus-activation\2.0.3\angus-activation-2.0.3.jar  C:\Users\ADMIN\.m2\repository\org\springframework\boot\spring-boot-devtools\4.0.2\spring-boot-devtools-4.0.2.jar  C:\Users\ADMIN\.m2\repository\org\springframework\boot\spring-boot\4.0.2\spring-boot-4.0.2.jar  C:\Users\ADMIN\.m2\repository\org\springframework\spring-context\7.0.3\spring-context-7.0.3.jar  C:\Users\ADMIN\.m2\repository\org\springframework\boot\spring-boot-autoconfigure\4.0.2\spring-boot-autoconfigure-4.0.2.jar  C:\Users\ADMIN\.m2\repository\com\mysql\mysql-connector-j\9.5.0\mysql-connector-j-9.5.0.jar  C:\Users\ADMIN\.m2\repository\com\h2database\h2\2.4.240\h2-2.4.240.jar  C:\Users\ADMIN\.m2\repository\io\jsonwebtoken\jjwt-api\0.11.5\jjwt-api-0.11.5.jar  C:\Users\ADMIN\.m2\repository\io\jsonwebtoken\jjwt-impl\0.11.5\jjwt-impl-0.11.5.jar  C:\Users\ADMIN\.m2\repository\io\jsonwebtoken\jjwt-jackson\0.11.5\jjwt-jackson-0.11.5.jar  C:\Users\ADMIN\.m2\repository\com\fasterxml\jackson\core\jackson-databind\2.20.2\jackson-databind-2.20.2.jar  C:\Users\ADMIN\.m2\repository\com\fasterxml\jackson\core\jackson-annotations\2.20\jackson-annotations-2.20.jar  C:\Users\ADMIN\.m2\repository\com\fasterxml\jackson\core\jackson-core\2.20.2\jackson-core-2.20.2.jar  C:\Users\ADMIN\.m2\repository\com\nimbusds\nimbus-jose-jwt\9.30.1\nimbus-jose-jwt-9.30.1.jar  C:\Users\ADMIN\.m2\repository\com\github\stephenc\jcip\jcip-annotations\1.0-1\jcip-annotations-1.0-1.jar  C:\Users\ADMIN\.m2\repository\org\projectlombok\lombok\1.18.42\lombok-1.18.42.jar  C:\Users\ADMIN\.m2\repository\org\springframework\boot\spring-boot-starter-data-jpa-test\4.0.2\spring-boot-starter-data-jpa-test-4.0.2.jar  C:\Users\ADMIN\.m2\repository\org\springframework\boot\spring-boot-starter-jdbc-test\4.0.2\spring-boot-starter-jdbc-test-4.0.2.jar  C:\Users\ADMIN\.m2\repository\org\springframework\boot\spring-boot-jdbc-test\4.0.2\spring-boot-jdbc-test-4.0.2.jar  C:\Users\ADMIN\.m2\repository\org\springframework\boot\spring-boot-data-jpa-test\4.0.2\spring-boot-data-jpa-test-4.0.2.jar  C:\Users\ADMIN\.m2\repository\org\springframework\boot\spring-boot-jpa-test\4.0.2\spring-boot-jpa-test-4.0.2.jar  C:\Users\ADMIN\.m2\repository\org\springframework\boot\spring-boot-starter-security-test\4.0.2\spring-boot-starter-security-test-4.0.2.jar  C:\Users\ADMIN\.m2\repository\org\springframework\boot\spring-boot-security-test\4.0.2\spring-boot-security-test-4.0.2.jar  C:\Users\ADMIN\.m2\repository\org\springframework\security\spring-security-test\7.0.2\spring-security-test-7.0.2.jar  C:\Users\ADMIN\.m2\repository\org\springframework\boot\spring-boot-starter-validation-test\4.0.2\spring-boot-starter-validation-test-4.0.2.jar  C:\Users\ADMIN\.m2\repository\org\springframework\boot\spring-boot-starter-oauth2-resource-server\4.0.2\spring-boot-starter-oauth2-resource-server-4.0.2.jar  C:\Users\ADMIN\.m2\repository\org\springframework\boot\spring-boot-security-oauth2-resource-server\4.0.2\spring-boot-security-oauth2-resource-server-4.0.2.jar  C:\Users\ADMIN\.m2\repository\org\springframework\security\spring-security-oauth2-jose\7.0.2\spring-security-oauth2-jose-7.0.2.jar  C:\Users\ADMIN\.m2\repository\org\springframework\security\spring-security-oauth2-core\7.0.2\spring-security-oauth2-core-7.0.2.jar  C:\Users\ADMIN\.m2\repository\org\springframework\security\spring-security-oauth2-resource-server\7.0.2\spring-security-oauth2-resource-server-7.0.2.jar  C:\Users\ADMIN\.m2\repository\com\cloudinary\cloudinary-http44\1.36.0\cloudinary-http44-1.36.0.jar  C:\Users\ADMIN\.m2\repository\com\cloudinary\cloudinary-core\1.36.0\cloudinary-core-1.36.0.jar  C:\Users\ADMIN\.m2\repository\org\apache\commons\commons-lang3\3.19.0\commons-lang3-3.19.0.jar  C:\Users\ADMIN\.m2\repository\org\apache\httpcomponents\httpclient\4.4\httpclient-4.4.jar  C:\Users\ADMIN\.m2\repository\org\apache\httpcomponents\httpcore\4.4.16\httpcore-4.4.16.jar  C:\Users\ADMIN\.m2\repository\commons-logging\commons-logging\1.3.5\commons-logging-1.3.5.jar  C:\Users\ADMIN\.m2\repository\commons-codec\commons-codec\1.19.0\commons-codec-1.19.0.jar  C:\Users\ADMIN\.m2\repository\org\apache\httpcomponents\httpmime\4.4\httpmime-4.4.jar  C:\Users\ADMIN\.m2\repository\org\apache\poi\poi-ooxml\5.2.3\poi-ooxml-5.2.3.jar  C:\Users\ADMIN\.m2\repository\org\apache\poi\poi\5.2.3\poi-5.2.3.jar  C:\Users\ADMIN\.m2\repository\org\apache\commons\commons-math3\3.6.1\commons-math3-3.6.1.jar  C:\Users\ADMIN\.m2\repository\com\zaxxer\SparseBitSet\1.2\SparseBitSet-1.2.jar  C:\Users\ADMIN\.m2\repository\org\apache\poi\poi-ooxml-lite\5.2.3\poi-ooxml-lite-5.2.3.jar  C:\Users\ADMIN\.m2\repository\org\apache\xmlbeans\xmlbeans\5.1.1\xmlbeans-5.1.1.jar  C:\Users\ADMIN\.m2\repository\org\apache\commons\commons-compress\1.21\commons-compress-1.21.jar  C:\Users\ADMIN\.m2\repository\commons-io\commons-io\2.11.0\commons-io-2.11.0.jar  C:\Users\ADMIN\.m2\repository\com\github\virtuald\curvesapi\1.07\curvesapi-1.07.jar  C:\Users\ADMIN\.m2\repository\org\apache\logging\log4j\log4j-api\2.25.3\log4j-api-2.25.3.jar  C:\Users\ADMIN\.m2\repository\org\apache\commons\commons-collections4\4.4\commons-collections4-4.4.jar  C:\Users\ADMIN\.m2\repository\org\springframework\boot\spring-boot-test-autoconfigure\4.0.2\spring-boot-test-autoconfigure-4.0.2.jar  C:\Users\ADMIN\.m2\repository\org\springframework\boot\spring-boot-test\4.0.2\spring-boot-test-4.0.2.jar  C:\Users\ADMIN\.m2\repository\org\springframework\boot\spring-boot-starter-test\4.0.2\spring-boot-starter-test-4.0.2.jar  C:\Users\ADMIN\.m2\repository\com\jayway\jsonpath\json-path\2.10.0\json-path-2.10.0.jar  C:\Users\ADMIN\.m2\repository\org\slf4j\slf4j-api\2.0.17\slf4j-api-2.0.17.jar  C:\Users\ADMIN\.m2\repository\jakarta\xml\bind\jakarta.xml.bind-api\4.0.4\jakarta.xml.bind-api-4.0.4.jar  C:\Users\ADMIN\.m2\repository\jakarta\activation\jakarta.activation-api\2.1.4\jakarta.activation-api-2.1.4.jar  C:\Users\ADMIN\.m2\repository\net\minidev\json-smart\2.6.0\json-smart-2.6.0.jar  C:\Users\ADMIN\.m2\repository\net\minidev\accessors-smart\2.6.0\accessors-smart-2.6.0.jar  C:\Users\ADMIN\.m2\repository\org\ow2\asm\asm\9.7.1\asm-9.7.1.jar  C:\Users\ADMIN\.m2\repository\org\assertj\assertj-core\3.27.6\assertj-core-3.27.6.jar  C:\Users\ADMIN\.m2\repository\net\bytebuddy\byte-buddy\1.17.8\byte-buddy-1.17.8.jar  C:\Users\ADMIN\.m2\repository\org\awaitility\awaitility\4.3.0\awaitility-4.3.0.jar  C:\Users\ADMIN\.m2\repository\org\hamcrest\hamcrest\3.0\hamcrest-3.0.jar  C:\Users\ADMIN\.m2\repository\org\junit\jupiter\junit-jupiter\6.0.2\junit-jupiter-6.0.2.jar  C:\Users\ADMIN\.m2\repository\org\junit\jupiter\junit-jupiter-api\6.0.2\junit-jupiter-api-6.0.2.jar  C:\Users\ADMIN\.m2\repository\org\opentest4j\opentest4j\1.3.0\opentest4j-1.3.0.jar  C:\Users\ADMIN\.m2\repository\org\junit\platform\junit-platform-commons\6.0.2\junit-platform-commons-6.0.2.jar  C:\Users\ADMIN\.m2\repository\org\apiguardian\apiguardian-api\1.1.2\apiguardian-api-1.1.2.jar  C:\Users\ADMIN\.m2\repository\org\junit\jupiter\junit-jupiter-params\6.0.2\junit-jupiter-params-6.0.2.jar  C:\Users\ADMIN\.m2\repository\org\junit\jupiter\junit-jupiter-engine\6.0.2\junit-jupiter-engine-6.0.2.jar  C:\Users\ADMIN\.m2\repository\org\junit\platform\junit-platform-engine\6.0.2\junit-platform-engine-6.0.2.jar  C:\Users\ADMIN\.m2\repository\org\mockito\mockito-core\5.20.0\mockito-core-5.20.0.jar  C:\Users\ADMIN\.m2\repository\net\bytebuddy\byte-buddy-agent\1.17.8\byte-buddy-agent-1.17.8.jar  C:\Users\ADMIN\.m2\repository\org\objenesis\objenesis\3.3\objenesis-3.3.jar  C:\Users\ADMIN\.m2\repository\org\mockito\mockito-junit-jupiter\5.20.0\mockito-junit-jupiter-5.20.0.jar  C:\Users\ADMIN\.m2\repository\org\skyscreamer\jsonassert\1.5.3\jsonassert-1.5.3.jar  C:\Users\ADMIN\.m2\repository\com\vaadin\external\google\android-json\0.0.20131108.vaadin1\android-json-0.0.20131108.vaadin1.jar  C:\Users\ADMIN\.m2\repository\org\springframework\spring-core\7.0.3\spring-core-7.0.3.jar  C:\Users\ADMIN\.m2\repository\org\jspecify\jspecify\1.0.0\jspecify-1.0.0.jar  C:\Users\ADMIN\.m2\repository\org\springframework\spring-test\7.0.3\spring-test-7.0.3.jar  C:\Users\ADMIN\.m2\repository\org\xmlunit\xmlunit-core\2.10.4\xmlunit-core-2.10.4.jar  C:\Users\ADMIN\.m2\repository\org\springdoc\springdoc-openapi-starter-webmvc-ui\2.8.3\springdoc-openapi-starter-webmvc-ui-2.8.3.jar  C:\Users\ADMIN\.m2\repository\org\springdoc\springdoc-openapi-starter-webmvc-api\2.8.3\springdoc-openapi-starter-webmvc-api-2.8.3.jar  C:\Users\ADMIN\.m2\repository\org\springdoc\springdoc-openapi-starter-common\2.8.3\springdoc-openapi-starter-common-2.8.3.jar  C:\Users\ADMIN\.m2\repository\io\swagger\core\v3\swagger-core-jakarta\2.2.27\swagger-core-jakarta-2.2.27.jar  C:\Users\ADMIN\.m2\repository\io\swagger\core\v3\swagger-annotations-jakarta\2.2.27\swagger-annotations-jakarta-2.2.27.jar  C:\Users\ADMIN\.m2\repository\io\swagger\core\v3\swagger-models-jakarta\2.2.27\swagger-models-jakarta-2.2.27.jar  C:\Users\ADMIN\.m2\repository\com\fasterxml\jackson\dataformat\jackson-dataformat-yaml\2.20.2\jackson-dataformat-yaml-2.20.2.jar  C:\Users\ADMIN\.m2\repository\com\fasterxml\jackson\datatype\jackson-datatype-jsr310\2.20.2\jackson-datatype-jsr310-2.20.2.jar  C:\Users\ADMIN\.m2\repository\org\webjars\swagger-ui\5.18.2\swagger-ui-5.18.2.jar  C:\Users\ADMIN\.m2\repository\org\webjars\webjars-locator-lite\1.1.3\webjars-locator-lite-1.1.3.jar  C:\Users\ADMIN\.m2\repository\org\postgresql\postgresql\42.7.9\postgresql-42.7.9.jar  C:\Users\ADMIN\.m2\repository\org\checkerframework\checker-qual\3.52.0\checker-qual-3.52.0.jar  C:\Users\ADMIN\.m2\repository\org\apache\maven\surefire\surefire-junit-platform\3.5.4\surefire-junit-platform-3.5.4.jar  C:\Users\ADMIN\.m2\repository\org\apache\maven\surefire\common-java5\3.5.4\common-java5-3.5.4.jar  C:\Users\ADMIN\.m2\repository\org\junit\platform\junit-platform-launcher\6.0.2\junit-platform-launcher-6.0.2.jar
[DEBUG] boot(compact) classpath:  surefire-booter-3.5.4.jar  surefire-api-3.5.4.jar  surefire-extensions-spi-3.5.4.jar  surefire-shared-utils-3.5.4.jar  surefire-logger-api-3.5.4.jar  test-classes  classes  spring-boot-starter-data-jpa-4.0.2.jar  spring-boot-starter-4.0.2.jar  spring-boot-starter-logging-4.0.2.jar  logback-classic-1.5.25.jar  logback-core-1.5.25.jar  log4j-to-slf4j-2.25.3.jar  jul-to-slf4j-2.0.17.jar  jakarta.annotation-api-3.0.0.jar  snakeyaml-2.5.jar  spring-boot-starter-jdbc-4.0.2.jar  HikariCP-7.0.2.jar  spring-boot-data-jpa-4.0.2.jar  spring-boot-data-commons-4.0.2.jar  spring-boot-persistence-4.0.2.jar  spring-data-commons-4.0.2.jar  spring-boot-hibernate-4.0.2.jar  spring-boot-jpa-4.0.2.jar  jakarta.persistence-api-3.2.0.jar  hibernate-core-7.2.1.Final.jar  jakarta.transaction-api-2.0.1.jar  hibernate-models-1.0.1.jar  jaxb-runtime-4.0.6.jar  jaxb-core-4.0.6.jar  txw2-4.0.6.jar  istack-commons-runtime-4.1.2.jar  jakarta.inject-api-2.0.1.jar  spring-orm-7.0.3.jar  spring-data-jpa-4.0.2.jar  spring-tx-7.0.3.jar  antlr4-runtime-4.13.2.jar  spring-aspects-7.0.3.jar  aspectjweaver-1.9.25.1.jar  spring-boot-jdbc-4.0.2.jar  spring-boot-sql-4.0.2.jar  spring-boot-transaction-4.0.2.jar  spring-jdbc-7.0.3.jar  spring-boot-starter-security-4.0.2.jar  spring-boot-security-4.0.2.jar  spring-security-config-7.0.2.jar  spring-security-core-7.0.2.jar  spring-security-crypto-7.0.2.jar  spring-security-web-7.0.2.jar  spring-expression-7.0.3.jar  spring-aop-7.0.3.jar  spring-beans-7.0.3.jar  spring-boot-starter-validation-4.0.2.jar  spring-boot-validation-4.0.2.jar  tomcat-embed-el-11.0.15.jar  hibernate-validator-9.0.1.Final.jar  jakarta.validation-api-3.1.1.jar  jboss-logging-3.6.1.Final.jar  classmate-1.7.3.jar  spring-boot-starter-webmvc-4.0.2.jar  spring-boot-starter-jackson-4.0.2.jar  spring-boot-jackson-4.0.2.jar  jackson-databind-3.0.4.jar  jackson-core-3.0.4.jar  spring-boot-starter-tomcat-4.0.2.jar  spring-boot-starter-tomcat-runtime-4.0.2.jar  spring-boot-web-server-4.0.2.jar  tomcat-embed-core-11.0.15.jar  tomcat-embed-websocket-11.0.15.jar  spring-boot-tomcat-4.0.2.jar  spring-boot-http-converter-4.0.2.jar  spring-web-7.0.3.jar  micrometer-observation-1.16.2.jar  micrometer-commons-1.16.2.jar  spring-boot-webmvc-4.0.2.jar  spring-boot-servlet-4.0.2.jar  spring-webmvc-7.0.3.jar  spring-boot-starter-mail-4.0.2.jar  spring-boot-mail-4.0.2.jar  spring-context-support-7.0.3.jar  jakarta.mail-api-2.1.5.jar  angus-mail-2.0.5.jar  angus-activation-2.0.3.jar  spring-boot-devtools-4.0.2.jar  spring-boot-4.0.2.jar  spring-context-7.0.3.jar  spring-boot-autoconfigure-4.0.2.jar  mysql-connector-j-9.5.0.jar  h2-2.4.240.jar  jjwt-api-0.11.5.jar  jjwt-impl-0.11.5.jar  jjwt-jackson-0.11.5.jar  jackson-databind-2.20.2.jar  jackson-annotations-2.20.jar  jackson-core-2.20.2.jar  nimbus-jose-jwt-9.30.1.jar  jcip-annotations-1.0-1.jar  lombok-1.18.42.jar  spring-boot-starter-data-jpa-test-4.0.2.jar  spring-boot-starter-jdbc-test-4.0.2.jar  spring-boot-jdbc-test-4.0.2.jar  spring-boot-data-jpa-test-4.0.2.jar  spring-boot-jpa-test-4.0.2.jar  spring-boot-starter-security-test-4.0.2.jar  spring-boot-security-test-4.0.2.jar  spring-security-test-7.0.2.jar  spring-boot-starter-validation-test-4.0.2.jar  spring-boot-starter-oauth2-resource-server-4.0.2.jar  spring-boot-security-oauth2-resource-server-4.0.2.jar  spring-security-oauth2-jose-7.0.2.jar  spring-security-oauth2-core-7.0.2.jar  spring-security-oauth2-resource-server-7.0.2.jar  cloudinary-http44-1.36.0.jar  cloudinary-core-1.36.0.jar  commons-lang3-3.19.0.jar  httpclient-4.4.jar  httpcore-4.4.16.jar  commons-logging-1.3.5.jar  commons-codec-1.19.0.jar  httpmime-4.4.jar  poi-ooxml-5.2.3.jar  poi-5.2.3.jar  commons-math3-3.6.1.jar  SparseBitSet-1.2.jar  poi-ooxml-lite-5.2.3.jar  xmlbeans-5.1.1.jar  commons-compress-1.21.jar  commons-io-2.11.0.jar  curvesapi-1.07.jar  log4j-api-2.25.3.jar  commons-collections4-4.4.jar  spring-boot-test-autoconfigure-4.0.2.jar  spring-boot-test-4.0.2.jar  spring-boot-starter-test-4.0.2.jar  json-path-2.10.0.jar  slf4j-api-2.0.17.jar  jakarta.xml.bind-api-4.0.4.jar  jakarta.activation-api-2.1.4.jar  json-smart-2.6.0.jar  accessors-smart-2.6.0.jar  asm-9.7.1.jar  assertj-core-3.27.6.jar  byte-buddy-1.17.8.jar  awaitility-4.3.0.jar  hamcrest-3.0.jar  junit-jupiter-6.0.2.jar  junit-jupiter-api-6.0.2.jar  opentest4j-1.3.0.jar  junit-platform-commons-6.0.2.jar  apiguardian-api-1.1.2.jar  junit-jupiter-params-6.0.2.jar  junit-jupiter-engine-6.0.2.jar  junit-platform-engine-6.0.2.jar  mockito-core-5.20.0.jar  byte-buddy-agent-1.17.8.jar  objenesis-3.3.jar  mockito-junit-jupiter-5.20.0.jar  jsonassert-1.5.3.jar  android-json-0.0.20131108.vaadin1.jar  spring-core-7.0.3.jar  jspecify-1.0.0.jar  spring-test-7.0.3.jar  xmlunit-core-2.10.4.jar  springdoc-openapi-starter-webmvc-ui-2.8.3.jar  springdoc-openapi-starter-webmvc-api-2.8.3.jar  springdoc-openapi-starter-common-2.8.3.jar  swagger-core-jakarta-2.2.27.jar  swagger-annotations-jakarta-2.2.27.jar  swagger-models-jakarta-2.2.27.jar  jackson-dataformat-yaml-2.20.2.jar  jackson-datatype-jsr310-2.20.2.jar  swagger-ui-5.18.2.jar  webjars-locator-lite-1.1.3.jar  postgresql-42.7.9.jar  checker-qual-3.52.0.jar  surefire-junit-platform-3.5.4.jar  common-java5-3.5.4.jar  junit-platform-launcher-6.0.2.jar
[DEBUG] Forking command line: cmd.exe /X /C ""C:\Program Files\Java\jdk-21\bin\java" -jar C:\Users\ADMIN\AppData\Local\Temp\surefire1776410477319245237\surefirebooter-20260319115322966_3.jar C:\Users\ADMIN\AppData\Local\Temp\surefire1776410477319245237 2026-03-19T11-53-22_856-jvmRun1 surefire-20260319115322966_1tmp surefire_0-20260319115322966_2tmp"
[DEBUG] Fork Channel [1] connected to the client.
[INFO] Running com.group10.API_ManageDormitory.integration.SecurityRBACIntegrationTest
11:53:23.825 [main] INFO org.springframework.test.context.support.AnnotationConfigContextLoaderUtils -- Could not detect default configuration classes for test class [com.group10.API_ManageDormitory.integration.SecurityRBACIntegrationTest]: SecurityRBACIntegrationTest does not declare any static, non-private, non-final, nested classes annotated with @Configuration.
11:53:23.923 [main] INFO org.springframework.boot.test.context.SpringBootTestContextBootstrapper -- Found @SpringBootConfiguration com.group10.API_ManageDormitory.ApiManageDormitoryApplication for test class com.group10.API_ManageDormitory.integration.SecurityRBACIntegrationTest
11:53:24.048 [main] INFO org.springframework.boot.devtools.restart.RestartApplicationListener -- Restart disabled due to context in which it is running

  .   ____          _            __ _ _
 /\\ / ___'_ __ _ _(_)_ __  __ _ \ \ \ \
( ( )\___ | '_ | '_| | '_ \/ _` | \ \ \ \
 \\/  ___)| |_)| | | | | || (_| |  ) ) ) )
  '  |____| .__|_| |_|_| |_\__, | / / / /
 =========|_|==============|___/=/_/_/_/

 :: Spring Boot ::                (v4.0.2)

2026-03-19T11:53:24.275+07:00  INFO 1420 --- [           main] c.g.A.i.SecurityRBACIntegrationTest      : Starting SecurityRBACIntegrationTest using Java 21.0.7 with PID 1420 (started by ADMIN in E:\J2EE\API_ManageDormitory)
2026-03-19T11:53:24.277+07:00  INFO 1420 --- [           main] c.g.A.i.SecurityRBACIntegrationTest      : No active profile set, falling back to 1 default profile: "default"
2026-03-19T11:53:25.332+07:00  INFO 1420 --- [           main] .s.d.r.c.RepositoryConfigurationDelegate : Bootstrapping Spring Data JPA repositories in DEFAULT mode.
2026-03-19T11:53:25.426+07:00  INFO 1420 --- [           main] .s.d.r.c.RepositoryConfigurationDelegate : Finished Spring Data repository scanning in 84 ms. Found 19 JPA repository interfaces.
2026-03-19T11:53:26.153+07:00  INFO 1420 --- [           main] org.hibernate.orm.jpa                    : HHH008540: Processing PersistenceUnitInfo [name: default]
2026-03-19T11:53:26.293+07:00  INFO 1420 --- [           main] org.hibernate.orm.core                   : HHH000001: Hibernate ORM core version 7.2.1.Final
2026-03-19T11:53:26.613+07:00  INFO 1420 --- [           main] o.s.o.j.p.SpringPersistenceUnitInfo      : No LoadTimeWeaver setup: ignoring JPA class transformer
2026-03-19T11:53:26.636+07:00  INFO 1420 --- [           main] com.zaxxer.hikari.HikariDataSource       : HikariPool-1 - Starting...
2026-03-19T11:53:26.752+07:00  INFO 1420 --- [           main] com.zaxxer.hikari.pool.HikariPool        : HikariPool-1 - Added connection conn0: url=jdbc:h2:mem:testdb user=SA
2026-03-19T11:53:26.753+07:00  INFO 1420 --- [           main] com.zaxxer.hikari.HikariDataSource       : HikariPool-1 - Start completed.
2026-03-19T11:53:26.769+07:00  WARN 1420 --- [           main] org.hibernate.orm.deprecation            : HHH90000025: H2Dialect does not need to be specified explicitly using 'hibernate.dialect' (remove the property setting and it will be selected by default)
2026-03-19T11:53:26.788+07:00  INFO 1420 --- [           main] org.hibernate.orm.connections.pooling    : HHH10001005: Database info:
	Database JDBC URL [jdbc:h2:mem:testdb]
	Database driver: H2 JDBC Driver
	Database dialect: H2Dialect
	Database version: 2.4.240
	Default catalog/schema: TESTDB/PUBLIC
	Autocommit mode: undefined/unknown
	Isolation level: READ_COMMITTED [default READ_COMMITTED]
	JDBC fetch size: 100
	Pool: DataSourceConnectionProvider
	Minimum pool size: undefined/unknown
	Maximum pool size: undefined/unknown
2026-03-19T11:53:27.691+07:00  INFO 1420 --- [           main] org.hibernate.orm.core                   : HHH000489: No JTA platform available (set 'hibernate.transaction.jta.platform' to enable JTA platform integration)
Hibernate: 
    drop table if exists assets cascade 
Hibernate: 
    drop table if exists buildings cascade 
Hibernate: 
    drop table if exists building_services cascade 
Hibernate: 
    drop table if exists contracts cascade 
Hibernate: 
    drop table if exists contract_tenants cascade 
Hibernate: 
    drop table if exists expenses cascade 
Hibernate: 
    drop table if exists floors cascade 
Hibernate: 
    drop table if exists invoice_details cascade 
Hibernate: 
    drop table if exists invoices cascade 
Hibernate: 
    drop table if exists meter_readings cascade 
Hibernate: 
    drop table if exists payments cascade 
Hibernate: 
    drop table if exists permissions cascade 
Hibernate: 
    drop table if exists role_permissions cascade 
Hibernate: 
    drop table if exists roles cascade 
Hibernate: 
    drop table if exists room_assets cascade 
Hibernate: 
    drop table if exists rooms cascade 
Hibernate: 
    drop table if exists room_types cascade 
Hibernate: 
    drop table if exists services cascade 
Hibernate: 
    drop table if exists tenants cascade 
Hibernate: 
    drop table if exists users cascade 
Hibernate: 
    create table assets (
        asset_id integer generated by default as identity,
        purchase_date date,
        purchase_price numeric(10,2),
        asset_code varchar(255) unique,
        asset_name varchar(255) not null,
        primary key (asset_id)
    )
Hibernate: 
    create table buildings (
        building_id integer generated by default as identity,
        manager_user_id integer,
        total_floors integer,
        address varchar(255),
        building_name varchar(255) not null,
        primary key (building_id)
    )
Hibernate: 
    create table building_services (
        building_id integer not null,
        building_service_id integer generated by default as identity,
        service_id integer not null,
        unit_price numeric(10,2),
        primary key (building_service_id)
    )
Hibernate: 
    create table contracts (
        contract_id integer generated by default as identity,
        deduction_amount numeric(10,2),
        deposit_amount numeric(10,2),
        end_date date,
        liquidation_date date,
        payment_cycle integer,
        refund_amount numeric(10,2),
        rental_price numeric(10,2),
        room_id integer not null,
        start_date date,
        created_at timestamp(6),
        contract_status varchar(255),
        deduction_reason varchar(255),
        primary key (contract_id)
    )
Hibernate: 
    create table contract_tenants (
        contract_id integer not null,
        contract_tenant_id integer generated by default as identity,
        is_representative boolean,
        tenant_id integer not null,
        primary key (contract_tenant_id)
    )
Hibernate: 
    create table expenses (
        amount numeric(10,2),
        building_id integer not null,
        created_by_user_id integer,
        expense_date date,
        expense_id integer generated by default as identity,
        description varchar(255),
        expense_type varchar(255) not null,
        primary key (expense_id)
    )
Hibernate: 
    create table floors (
        building_id integer not null,
        floor_id integer generated by default as identity,
        floor_name varchar(255) not null,
        primary key (floor_id)
    )
Hibernate: 
    create table invoice_details (
        amount numeric(10,2),
        invoice_detail_id integer generated by default as identity,
        invoice_id integer not null,
        new_index float(53),
        old_index float(53),
        quantity float(53),
        unit_price numeric(10,2),
        service_name varchar(255),
        primary key (invoice_detail_id)
    )
Hibernate: 
    create table invoices (
        contract_id integer not null,
        created_date date,
        due_date date,
        invoice_id integer generated by default as identity,
        month integer not null,
        total_amount numeric(10,2),
        year integer not null,
        notes varchar(255),
        payment_status varchar(255),
        primary key (invoice_id)
    )
Hibernate: 
    create table meter_readings (
        current_index float(53),
        meter_reading_id integer generated by default as identity,
        previous_index float(53),
        reading_date date,
        room_id integer not null,
        service_id integer not null,
        image_proof varchar(255),
        primary key (meter_reading_id)
    )
Hibernate: 
    create table payments (
        amount_paid numeric(10,2),
        invoice_id integer not null,
        payment_id integer generated by default as identity,
        payment_date timestamp(6),
        payment_method varchar(255),
        transaction_code varchar(255),
        primary key (payment_id)
    )
Hibernate: 
    create table permissions (
        permission_id integer generated by default as identity,
        description varchar(255),
        permission_code varchar(255) not null unique,
        primary key (permission_id)
    )
Hibernate: 
    create table role_permissions (
        permission_id integer not null,
        role_id integer not null,
        primary key (permission_id, role_id)
    )
Hibernate: 
    create table roles (
        role_id integer generated by default as identity,
        description varchar(255),
        role_name varchar(255) not null unique,
        primary key (role_id)
    )
Hibernate: 
    create table room_assets (
        asset_id integer not null,
        quantity integer,
        room_asset_id integer generated by default as identity,
        room_id integer not null,
        condition_status varchar(255),
        primary key (room_asset_id)
    )
Hibernate: 
    create table rooms (
        floor_id integer not null,
        room_id integer generated by default as identity,
        room_type_id integer not null,
        current_status varchar(255),
        room_number varchar(255) not null,
        primary key (room_id)
    )
Hibernate: 
    create table room_types (
        area float(53),
        base_price numeric(10,2),
        max_occupancy integer,
        room_type_id integer generated by default as identity,
        description varchar(255),
        type_name varchar(255) not null,
        primary key (room_type_id)
    )
Hibernate: 
    create table services (
        service_id integer generated by default as identity,
        calculation_method varchar(255),
        service_name varchar(255) not null,
        unit varchar(255),
        primary key (service_id)
    )
Hibernate: 
    create table tenants (
        tenant_id integer generated by default as identity,
        user_id integer unique,
        email varchar(255),
        full_name varchar(255) not null,
        hometown varchar(255),
        identity_card_image_back varchar(255),
        identity_card_image_front varchar(255),
        identity_card_number varchar(255) unique,
        phone_number varchar(255),
        primary key (tenant_id)
    )
Hibernate: 
    create table users (
        is_active boolean,
        is_deleted boolean,
        role_id integer,
        user_id integer generated by default as identity,
        created_at timestamp(6),
        email varchar(255) unique,
        full_name varchar(255),
        password_hash varchar(255) not null,
        phone_number varchar(255),
        username varchar(255) not null unique,
        primary key (user_id)
    )
Hibernate: 
    alter table if exists buildings 
       add constraint FKcqf65e785y5jgb8pu2edwv381 
       foreign key (manager_user_id) 
       references users
Hibernate: 
    alter table if exists building_services 
       add constraint FKed0ol02p8l1ak9gk762qavpae 
       foreign key (building_id) 
       references buildings
Hibernate: 
    alter table if exists building_services 
       add constraint FKqar738lwxlne10wsevqxm0lkv 
       foreign key (service_id) 
       references services
Hibernate: 
    alter table if exists contracts 
       add constraint FKju1b0xobla9t8oexrb8lpi8jq 
       foreign key (room_id) 
       references rooms
Hibernate: 
    alter table if exists contract_tenants 
       add constraint FKdy8564lqd2ug89wqcbar2y661 
       foreign key (contract_id) 
       references contracts
Hibernate: 
    alter table if exists contract_tenants 
       add constraint FK5ueb6lgjgny7c11f7d51os92v 
       foreign key (tenant_id) 
       references tenants
Hibernate: 
    alter table if exists expenses 
       add constraint FK35j2yxshjru1vilniym21lurn 
       foreign key (building_id) 
       references buildings
Hibernate: 
    alter table if exists expenses 
       add constraint FKixenneq8qfbd71uklu43ss115 
       foreign key (created_by_user_id) 
       references users
Hibernate: 
    alter table if exists floors 
       add constraint FKdhibx5frs3cwiltccr79uks37 
       foreign key (building_id) 
       references buildings
Hibernate: 
    alter table if exists invoice_details 
       add constraint FK439lfpbc6j1k0cn26wtp8f96r 
       foreign key (invoice_id) 
       references invoices
Hibernate: 
    alter table if exists invoices 
       add constraint FKeads7q9fktwtsgdwmp1x16eqc 
       foreign key (contract_id) 
       references contracts
Hibernate: 
    alter table if exists meter_readings 
       add constraint FKfcfh4ant2u95m90uf1ok8mb6m 
       foreign key (room_id) 
       references rooms
Hibernate: 
    alter table if exists meter_readings 
       add constraint FKrisw6sqexat4e1hw8wootm65u 
       foreign key (service_id) 
       references services
Hibernate: 
    alter table if exists payments 
       add constraint FKrbqec6be74wab8iifh8g3i50i 
       foreign key (invoice_id) 
       references invoices
Hibernate: 
    alter table if exists role_permissions 
       add constraint FKegdk29eiy7mdtefy5c7eirr6e 
       foreign key (permission_id) 
       references permissions
Hibernate: 
    alter table if exists role_permissions 
       add constraint FKn5fotdgk8d1xvo8nav9uv3muc 
       foreign key (role_id) 
       references roles
Hibernate: 
    alter table if exists room_assets 
       add constraint FK2gl91ik27ehp2n6jd3j22jqvr 
       foreign key (asset_id) 
       references assets
Hibernate: 
    alter table if exists room_assets 
       add constraint FKgcbdstj9cvaddedm5170rrktg 
       foreign key (room_id) 
       references rooms
Hibernate: 
    alter table if exists rooms 
       add constraint FK71tvfklk03awky6oydmacgcoo 
       foreign key (floor_id) 
       references floors
Hibernate: 
    alter table if exists rooms 
       add constraint FKh9m2n1paq5hmd3u0klfl7wsfv 
       foreign key (room_type_id) 
       references room_types
Hibernate: 
    alter table if exists tenants 
       add constraint FK1gbulcqli8dtngbforwml4n4l 
       foreign key (user_id) 
       references users
Hibernate: 
    alter table if exists users 
       add constraint FKp56c1712k691lhsyewcssf40f 
       foreign key (role_id) 
       references roles
2026-03-19T11:53:27.774+07:00  INFO 1420 --- [           main] j.LocalContainerEntityManagerFactoryBean : Initialized JPA EntityManagerFactory for persistence unit 'default'
2026-03-19T11:53:27.880+07:00  INFO 1420 --- [           main] o.s.d.j.r.query.QueryEnhancerFactories   : Hibernate is in classpath; If applicable, HQL parser will be used.
2026-03-19T11:53:29.433+07:00  WARN 1420 --- [           main] JpaBaseConfiguration$JpaWebConfiguration : spring.jpa.open-in-view is enabled by default. Therefore, database queries may be performed during view rendering. Explicitly configure spring.jpa.open-in-view to disable this warning
2026-03-19T11:53:30.243+07:00  INFO 1420 --- [           main] c.g.A.i.SecurityRBACIntegrationTest      : Started SecurityRBACIntegrationTest in 6.204 seconds (process running for 7.169)
Hibernate: 
    select
        count(*) 
    from
        roles r1_0
Hibernate: 
    insert 
    into
        roles
        (description, role_name, role_id) 
    values
        (?, ?, default)
Hibernate: 
    insert 
    into
        roles
        (description, role_name, role_id) 
    values
        (?, ?, default)
Hibernate: 
    insert 
    into
        roles
        (description, role_name, role_id) 
    values
        (?, ?, default)
Hibernate: 
    insert 
    into
        roles
        (description, role_name, role_id) 
    values
        (?, ?, default)
2026-03-19T11:53:30.359+07:00  INFO 1420 --- [           main] c.g.A.config.DataInitializer             : Roles initialized: ADMIN, OWNER, STAFF, TENANT
Hibernate: 
    select
        u1_0.user_id,
        u1_0.created_at,
        u1_0.email,
        u1_0.full_name,
        u1_0.is_active,
        u1_0.is_deleted,
        u1_0.password_hash,
        u1_0.phone_number,
        u1_0.role_id,
        u1_0.username 
    from
        users u1_0 
    where
        u1_0.username=?
Hibernate: 
    select
        r1_0.role_id,
        r1_0.description,
        r1_0.role_name 
    from
        roles r1_0 
    where
        r1_0.role_name=?
Hibernate: 
    select
        p1_0.role_id,
        p1_1.permission_id,
        p1_1.description,
        p1_1.permission_code 
    from
        role_permissions p1_0 
    join
        permissions p1_1 
            on p1_1.permission_id=p1_0.permission_id 
    where
        p1_0.role_id=?
Hibernate: 
    insert 
    into
        users
        (created_at, email, full_name, is_active, is_deleted, password_hash, phone_number, role_id, username, user_id) 
    values
        (?, ?, ?, ?, ?, ?, ?, ?, ?, default)
2026-03-19T11:53:31.324+07:00  INFO 1420 --- [           main] c.g.A.config.DataInitializer             : Admin user initialized: username=admin, password=admin
2026-03-19T11:53:31.604+07:00  INFO 1420 --- [           main] o.s.b.t.m.w.SpringBootMockServletContext : Initializing Spring TestDispatcherServlet ''
2026-03-19T11:53:31.604+07:00  INFO 1420 --- [           main] o.s.t.web.servlet.TestDispatcherServlet  : Initializing Servlet ''
2026-03-19T11:53:31.605+07:00  INFO 1420 --- [           main] o.s.t.web.servlet.TestDispatcherServlet  : Completed initialization in 1 ms
Hibernate: 
    select
        r1_0.role_id,
        r1_0.description,
        r1_0.role_name 
    from
        roles r1_0 
    where
        r1_0.role_name=?
Hibernate: 
    select
        p1_0.role_id,
        p1_1.permission_id,
        p1_1.description,
        p1_1.permission_code 
    from
        role_permissions p1_0 
    join
        permissions p1_1 
            on p1_1.permission_id=p1_0.permission_id 
    where
        p1_0.role_id=?
2026-03-19T11:53:31.720+07:00  INFO 1420 --- [           main] o.s.b.t.m.w.SpringBootMockServletContext : Initializing Spring TestDispatcherServlet ''
2026-03-19T11:53:31.721+07:00  INFO 1420 --- [           main] o.s.t.web.servlet.TestDispatcherServlet  : Initializing Servlet ''
2026-03-19T11:53:31.721+07:00  INFO 1420 --- [           main] o.s.t.web.servlet.TestDispatcherServlet  : Completed initialization in 0 ms
Hibernate: 
    select
        r1_0.role_id,
        r1_0.description,
        r1_0.role_name 
    from
        roles r1_0 
    where
        r1_0.role_name=?
Hibernate: 
    select
        p1_0.role_id,
        p1_1.permission_id,
        p1_1.description,
        p1_1.permission_code 
    from
        role_permissions p1_0 
    join
        permissions p1_1 
            on p1_1.permission_id=p1_0.permission_id 
    where
        p1_0.role_id=?
2026-03-19T11:53:31.776+07:00  INFO 1420 --- [           main] o.s.b.t.m.w.SpringBootMockServletContext : Initializing Spring TestDispatcherServlet ''
2026-03-19T11:53:31.777+07:00  INFO 1420 --- [           main] o.s.t.web.servlet.TestDispatcherServlet  : Initializing Servlet ''
2026-03-19T11:53:31.777+07:00  INFO 1420 --- [           main] o.s.t.web.servlet.TestDispatcherServlet  : Completed initialization in 0 ms
Hibernate: 
    select
        r1_0.role_id,
        r1_0.description,
        r1_0.role_name 
    from
        roles r1_0 
    where
        r1_0.role_name=?
Hibernate: 
    select
        p1_0.role_id,
        p1_1.permission_id,
        p1_1.description,
        p1_1.permission_code 
    from
        role_permissions p1_0 
    join
        permissions p1_1 
            on p1_1.permission_id=p1_0.permission_id 
    where
        p1_0.role_id=?
Hibernate: 
    select
        u1_0.user_id,
        u1_0.created_at,
        u1_0.email,
        u1_0.full_name,
        u1_0.is_active,
        u1_0.is_deleted,
        u1_0.password_hash,
        u1_0.phone_number,
        u1_0.role_id,
        u1_0.username 
    from
        users u1_0 
    where
        u1_0.username=?
Hibernate: 
    select
        mr1_0.meter_reading_id,
        mr1_0.current_index,
        mr1_0.image_proof,
        mr1_0.previous_index,
        mr1_0.reading_date,
        mr1_0.room_id,
        mr1_0.service_id 
    from
        meter_readings mr1_0 
    where
        mr1_0.room_id=?
2026-03-19T11:53:31.808+07:00  INFO 1420 --- [           main] o.s.b.t.m.w.SpringBootMockServletContext : Initializing Spring TestDispatcherServlet ''
2026-03-19T11:53:31.808+07:00  INFO 1420 --- [           main] o.s.t.web.servlet.TestDispatcherServlet  : Initializing Servlet ''
2026-03-19T11:53:31.808+07:00  INFO 1420 --- [           main] o.s.t.web.servlet.TestDispatcherServlet  : Completed initialization in 0 ms
Hibernate: 
    select
        r1_0.role_id,
        r1_0.description,
        r1_0.role_name 
    from
        roles r1_0 
    where
        r1_0.role_name=?
Hibernate: 
    select
        p1_0.role_id,
        p1_1.permission_id,
        p1_1.description,
        p1_1.permission_code 
    from
        role_permissions p1_0 
    join
        permissions p1_1 
            on p1_1.permission_id=p1_0.permission_id 
    where
        p1_0.role_id=?
[ERROR] Tests run: 4, Failures: 1, Errors: 0, Skipped: 0, Time elapsed: 8.180 s <<< FAILURE! -- in com.group10.API_ManageDormitory.integration.SecurityRBACIntegrationTest
[ERROR] com.group10.API_ManageDormitory.integration.SecurityRBACIntegrationTest.tenantViewingOwnRoomMeter_requiresSetupFirst -- Time elapsed: 0.019 s <<< FAILURE!
java.lang.AssertionError: Status expected:<403> but was:<200>
	at org.springframework.test.util.AssertionErrors.fail(AssertionErrors.java:62)
	at org.springframework.test.util.AssertionErrors.assertEquals(AssertionErrors.java:129)
	at org.springframework.test.web.servlet.result.StatusResultMatchers.lambda$matcher$0(StatusResultMatchers.java:600)
	at org.springframework.test.web.servlet.MockMvc$1.andExpect(MockMvc.java:212)
	at com.group10.API_ManageDormitory.integration.SecurityRBACIntegrationTest.tenantViewingOwnRoomMeter_requiresSetupFirst(SecurityRBACIntegrationTest.java:84)

[DEBUG] Closing the fork 1 after saying GoodBye.
[INFO] 
[INFO] Results:
[INFO] 
[ERROR] Failures: 
[ERROR]   SecurityRBACIntegrationTest.tenantViewingOwnRoomMeter_requiresSetupFirst:84 Status expected:<403> but was:<200>
[INFO] 
[ERROR] Tests run: 4, Failures: 1, Errors: 0, Skipped: 0
[INFO] 
[INFO] ------------------------------------------------------------------------
[INFO] BUILD FAILURE
[INFO] ------------------------------------------------------------------------
[INFO] Total time:  10.782 s
[INFO] Finished at: 2026-03-19T11:53:31+07:00
[INFO] ------------------------------------------------------------------------
[ERROR] Failed to execute goal org.apache.maven.plugins:maven-surefire-plugin:3.5.4:test (default-test) on project API_ManageDormitory: There are test failures.
[ERROR] 
[ERROR] See E:\J2EE\API_ManageDormitory\target\surefire-reports for the individual test results.
[ERROR] See dump files (if any exist) [date].dump, [date]-jvmRun[N].dump and [date].dumpstream.
[ERROR] -> [Help 1]
org.apache.maven.lifecycle.LifecycleExecutionException: Failed to execute goal org.apache.maven.plugins:maven-surefire-plugin:3.5.4:test (default-test) on project API_ManageDormitory: There are test failures.

See E:\J2EE\API_ManageDormitory\target\surefire-reports for the individual test results.
See dump files (if any exist) [date].dump, [date]-jvmRun[N].dump and [date].dumpstream.
    at org.apache.maven.lifecycle.internal.MojoExecutor.doExecute2 (MojoExecutor.java:333)
    at org.apache.maven.lifecycle.internal.MojoExecutor.doExecute (MojoExecutor.java:316)
    at org.apache.maven.lifecycle.internal.MojoExecutor.execute (MojoExecutor.java:212)
    at org.apache.maven.lifecycle.internal.MojoExecutor.execute (MojoExecutor.java:174)
    at org.apache.maven.lifecycle.internal.MojoExecutor.access$000 (MojoExecutor.java:75)
    at org.apache.maven.lifecycle.internal.MojoExecutor$1.run (MojoExecutor.java:162)
    at org.apache.maven.plugin.DefaultMojosExecutionStrategy.execute (DefaultMojosExecutionStrategy.java:39)
    at org.apache.maven.lifecycle.internal.MojoExecutor.execute (MojoExecutor.java:159)
    at org.apache.maven.lifecycle.internal.LifecycleModuleBuilder.buildProject (LifecycleModuleBuilder.java:105)
    at org.apache.maven.lifecycle.internal.LifecycleModuleBuilder.buildProject (LifecycleModuleBuilder.java:73)
    at org.apache.maven.lifecycle.internal.builder.singlethreaded.SingleThreadedBuilder.build (SingleThreadedBuilder.java:53)
    at org.apache.maven.lifecycle.internal.LifecycleStarter.execute (LifecycleStarter.java:118)
    at org.apache.maven.DefaultMaven.doExecute (DefaultMaven.java:261)
    at org.apache.maven.DefaultMaven.doExecute (DefaultMaven.java:173)
    at org.apache.maven.DefaultMaven.execute (DefaultMaven.java:101)
    at org.apache.maven.cli.MavenCli.execute (MavenCli.java:919)
    at org.apache.maven.cli.MavenCli.doMain (MavenCli.java:285)
    at org.apache.maven.cli.MavenCli.main (MavenCli.java:207)
    at jdk.internal.reflect.DirectMethodHandleAccessor.invoke (DirectMethodHandleAccessor.java:103)
    at java.lang.reflect.Method.invoke (Method.java:580)
    at org.codehaus.plexus.classworlds.launcher.Launcher.launchEnhanced (Launcher.java:255)
    at org.codehaus.plexus.classworlds.launcher.Launcher.launch (Launcher.java:201)
    at org.codehaus.plexus.classworlds.launcher.Launcher.mainWithExitCode (Launcher.java:361)
    at org.codehaus.plexus.classworlds.launcher.Launcher.main (Launcher.java:314)
Caused by: org.apache.maven.plugin.MojoFailureException: There are test failures.

See E:\J2EE\API_ManageDormitory\target\surefire-reports for the individual test results.
See dump files (if any exist) [date].dump, [date]-jvmRun[N].dump and [date].dumpstream.
    at org.apache.maven.plugin.surefire.SurefireHelper.throwException (SurefireHelper.java:247)
    at org.apache.maven.plugin.surefire.SurefireHelper.reportExecution (SurefireHelper.java:159)
    at org.apache.maven.plugin.surefire.SurefireMojo.handleSummary (SurefireMojo.java:547)
    at org.apache.maven.plugin.surefire.AbstractSurefireMojo.executeAfterPreconditionsChecked (AbstractSurefireMojo.java:1147)
    at org.apache.maven.plugin.surefire.AbstractSurefireMojo.execute (AbstractSurefireMojo.java:969)
    at org.apache.maven.plugin.DefaultBuildPluginManager.executeMojo (DefaultBuildPluginManager.java:126)
    at org.apache.maven.lifecycle.internal.MojoExecutor.doExecute2 (MojoExecutor.java:328)
    at org.apache.maven.lifecycle.internal.MojoExecutor.doExecute (MojoExecutor.java:316)
    at org.apache.maven.lifecycle.internal.MojoExecutor.execute (MojoExecutor.java:212)
    at org.apache.maven.lifecycle.internal.MojoExecutor.execute (MojoExecutor.java:174)
    at org.apache.maven.lifecycle.internal.MojoExecutor.access$000 (MojoExecutor.java:75)
    at org.apache.maven.lifecycle.internal.MojoExecutor$1.run (MojoExecutor.java:162)
    at org.apache.maven.plugin.DefaultMojosExecutionStrategy.execute (DefaultMojosExecutionStrategy.java:39)
    at org.apache.maven.lifecycle.internal.MojoExecutor.execute (MojoExecutor.java:159)
    at org.apache.maven.lifecycle.internal.LifecycleModuleBuilder.buildProject (LifecycleModuleBuilder.java:105)
    at org.apache.maven.lifecycle.internal.LifecycleModuleBuilder.buildProject (LifecycleModuleBuilder.java:73)
    at org.apache.maven.lifecycle.internal.builder.singlethreaded.SingleThreadedBuilder.build (SingleThreadedBuilder.java:53)
    at org.apache.maven.lifecycle.internal.LifecycleStarter.execute (LifecycleStarter.java:118)
    at org.apache.maven.DefaultMaven.doExecute (DefaultMaven.java:261)
    at org.apache.maven.DefaultMaven.doExecute (DefaultMaven.java:173)
    at org.apache.maven.DefaultMaven.execute (DefaultMaven.java:101)
    at org.apache.maven.cli.MavenCli.execute (MavenCli.java:919)
    at org.apache.maven.cli.MavenCli.doMain (MavenCli.java:285)
    at org.apache.maven.cli.MavenCli.main (MavenCli.java:207)
    at jdk.internal.reflect.DirectMethodHandleAccessor.invoke (DirectMethodHandleAccessor.java:103)
    at java.lang.reflect.Method.invoke (Method.java:580)
    at org.codehaus.plexus.classworlds.launcher.Launcher.launchEnhanced (Launcher.java:255)
    at org.codehaus.plexus.classworlds.launcher.Launcher.launch (Launcher.java:201)
    at org.codehaus.plexus.classworlds.launcher.Launcher.mainWithExitCode (Launcher.java:361)
    at org.codehaus.plexus.classworlds.launcher.Launcher.main (Launcher.java:314)
[ERROR] 
[ERROR] 
[ERROR] For more information about the errors and possible solutions, please read the following articles:
[ERROR] [Help 1] http://cwiki.apache.org/confluence/display/MAVEN/MojoFailureException
[DEBUG] Shutting down adapter factory; available factories [file-lock, rwlock-local, semaphore-local, noop]; available name mappers [discriminating, file-gaecv, file-gav, file-hgaecv, file-hgav, file-static, gaecv, gav, static]
[DEBUG] Shutting down 'file-lock' factory
[DEBUG] Shutting down 'rwlock-local' factory
[DEBUG] Shutting down 'semaphore-local' factory
[DEBUG] Shutting down 'noop' factory
